export const snapshot = {};

snapshot[`500px discover 1`] = `
"
👤 /johschermer
👤 /tenchinage
👤 /bisignano
👤 /KarolNienartowicz
👤 /made_in_juju_
👤 /KerryMoore
👤 /celecin
👤 /fotograf93
👤 /dnaga
👤 /jos500px
👤 /ricardestruc
👤 /carstenmeyerdierks
👤 /MaureenMackenzie
👤 /FotografieTrippolt
👤 /masoko1
👤 /Arnau_Bolet
👤 /uretc
👤 /JanisBPhotography
👤 /lbelener
👤 /nataschfer
👤 /dynax111
👤 /griecheaufsee
👤 /omer72
👤 /thalerst
👤 /AlexComaschi
👤 /Alexander_Vinogradov
👤 /kvds
👤 /herr_moser
👤 /Saintek
👤 /AlaaSu
👤 /michaelkphotographie
👤 /RafaSzozda
👤 /carfredo
👤 /davidlabat
👤 /fotopalasz
👤 /monplaisir
👤 /michaelhafner11
👤 /Pavel71
👤 /stebu1972
👤 /pekalapiotr89
👤 /Sot1s
👤 /lugarlu1
👤 /MariaAlexandraAbrunhosa
👤 /pazucker
👤 /serrge
👤 /fabriziocasale
👤 /Photowolle
👤 /peloor
👤 /rafaelteide
👤 /cyrilkazian
👤 /Stathis-K
👤 /sphotoseu
👤 /PiotrStach
👤 /mirciulescu
👤 /loramulle
👤 /raimondo_restelli
👤 /chrishphotos
👤 /bopatje
👤 /Viachaslau
👤 /richard-lang
👤 /birdieslandscape
👤 /SteveOlmstead
👤 /aajan
👤 /pietro_stilli
👤 /anneschubi
👤 /jyool5
👤 /marc-haegeman
👤 /charlijco
👤 /jose_orozco
👤 /bewe_58
👤 /Valosch
👤 /stadtstreicherin
👤 /SimonaH
👤 /lars_z
👤 /LucVanDeWeghe
👤 /photosnature01
👤 /HegedusPeter
👤 /wilsontrevor1607
👤 /andreabarsali66
👤 /sebabaro
👤 /jrg_1963
👤 /ivanwarhammerphoto
👤 /Jana_Ihle
👤 /rodinkfotografie
👤 /mreyfman
👤 /apirant
👤 /zhangning
👤 /rolling-richi
👤 /JuergenGatte
👤 /HenkLaverman
👤 /toteteam1
👤 /eli5poll3
👤 /janjaskula_xl
👤 /ogsft
👤 /IvarOK
👤 /Disel
👤 /adele_bnw
👤 /buyanov
👤 /duboisjohan
👤 /dimodance2013
👤 /juanlugarcia830
👤 /stefanradi
👤 /boshkar_86
👤 /ivanphotographer008
👤 /gerardode82
👤 /MarkJones11
👤 /hylobates
👤 /mauriziob2015
👤 /geneoryxn
👤 /teddymack
👤 /ciechosia
👤 /bicowles
👤 /fab4photo
👤 /andres_cabezas_martinez
👤 /CKer
👤 /annegfoto
👤 /arlievsky
👤 /HerbertAFranke
👤 /hrabecivan
👤 /lauradfm
👤 /reibertb
👤 /BlueMuseFineArt
👤 /photographybyleighton
👤 /nerion
👤 /oleg197095
👤 /cvandolleweerd
👤 /carstenheyer
👤 /gerald_h
👤 /rportraits
👤 /MatejBednrik
👤 /RiccardoTrevisani
👤 /peterboll
👤 /gmmerrell
👤 /pag52
👤 /gec9
👤 /andenmattensa
👤 /AndreaM
👤 /portgies
👤 /rusya55musayev
👤 /heinspeterpictures
👤 /RakeshBaro2013
👤 /VtorRibeiro
👤 /akkapsell7
👤 /ccorreavillar
👤 /nilstapix
👤 /bradwarner
👤 /hasteehouwer
👤 /samuel_98_
👤 /xavierminguella
👤 /_e_i_v_
👤 /filnik
👤 /PiotrLipski
👤 /ebengalery
👤 /jorgeciscar
👤 /marcus171
👤 /Xosep
👤 /Antonio_Diaz
👤 /bjartegronner
👤 /sergey_timoschuk
👤 /Maddog_Murph
👤 /TamPhillis
👤 /Phil-Davson
👤 /angelacarr123
👤 /calosphoto
👤 /Terry-JanFarrow
👤 /BeomyoungGo
👤 /arctika07
👤 /rafaelsanchezgongora
👤 /AxelHoffmann
👤 /MarioValentini
👤 /Stephan-M
👤 /casbalicki
👤 /korbel1943
👤 /Artem_Stisovyak
👤 /chefcq
👤 /mcolvin1
👤 /maximebermond
👤 /hansvanderburgh
👤 /nottedilanga
👤 /venomweb
👤 /siniialex
👤 /VladimirTernovoy
👤 /verakubiak131
👤 /maratneva
👤 /Airpixels
👤 /galia__davalasheva
👤 /marikacaruana69
👤 /letis73
👤 /AnishDaryani
👤 /mariuszart
👤 /betofranca1956
👤 /bernard_choquette
👤 /neobit
👤 /tzypliatnikoviu
👤 /gustavorr
👤 /herazeusmom
👤 /albertotallevi
👤 /kaising_fung
👤 /hawksnaturphoto
👤 /edtsousa
👤 /supraptonio85
👤 /dgeirin
👤 /amerikano1
👤 /bendalihamdi
👤 /arsenyy
👤 /skosiachenko
👤 /ernstkramer
👤 /Costas_Ganasos
👤 /Bernhardl123
👤 /gilclaes
👤 /SergKocian
👤 /antoniogoar
👤 /ivansheremet969
👤 /carlotharolsen
👤 /macromaier
👤 /jmaorengo
👤 /outisbox
👤 /taffonistefano
👤 /demateo
👤 /andrreuter
👤 /jmfermosel
👤 /arshad60as
👤 /fergilberto2012
👤 /CharlesLafrance
👤 /grzegorzpienkowski96
👤 /essexwildlifephotography
👤 /marybottacin1
👤 /BerkinTuncar
👤 /dvunten
👤 /murefte59
👤 /roamingphotostudio
👤 /gaillardjeanmarc
👤 /mmpschamp
👤 /vahidshojaei52
👤 /gianic59photo
👤 /jonaszek
👤 /johneowen11
👤 /emalfni
👤 /OndejChvtal
👤 /Shotti
👤 /adrianodc78
👤 /ancrote
👤 /Freelander__
👤 /lschampek
👤 /nasi1978masi
👤 /davidsolodar
👤 /ismaguell
👤 /steen_han
👤 /duke_saito
👤 /Wieselblitz
👤 /esalles
👤 /cabe6559
👤 /laraleonio85
👤 /YogeshBhandarkar
👤 /DmitrySn
👤 /Unschaerfebereich
👤 /erikproper
👤 /drrana0207
👤 /annisen
👤 /joysiberia
👤 /na2009ta
👤 /PhotoGlendor
👤 /Atha_Pana
👤 /cliks66photography
👤 /paulo_abrantes
👤 /bensmith1989
👤 /boukakaammar1999
👤 /andreaschuh
👤 /not_vincent_v_boudoir2
👤 /Alforoban
👤 /GM-photography
👤 /kaauenwasser
👤 /eroest
👤 /scsutton
👤 /santirguezb
👤 /fredericcreation
👤 /josemgd
👤 /alicejen2002
👤 /miguelhidalgo
👤 /wildwave4
👤 /aoxiuwy2345
👤 /sacha8899
👤 /stefsphotos
👤 /Christopher-Schlaf
👤 /mondmagu
👤 /hkoske
👤 /PawelUchorczak
👤 /roberto_pazzi
👤 /tompolicano
👤 /alainrenaudin
👤 /j_artphoto
👤 /BradleyTaylor
👤 /JanTheelen
👤 /fremg
👤 /desertfoxalex1
👤 /ggman02
👤 /sunshinenmts
👤 /kejowh
👤 /heiko_prechtl
👤 /stevechines53
👤 /hyeongseoggim51
👤 /canbaz_72
👤 /johnamm
👤 /agapov
👤 /calvinsmith
👤 /gaston5simonin
👤 /dark_indigo_reborn
👤 /Christian_Delvaux
👤 /orhn9249
👤 /berthedel
👤 /airathan
👤 /mariussecan
👤 /YellowPuschl
👤 /chan3145
👤 /thanasaki
👤 /gilev6840
👤 /backcountryheartland
👤 /10000wishes
👤 /dorothycutter
👤 /ekirilla1
👤 /teach50
👤 /b54qryzj79
👤 /clozio_13
👤 /jochendressen
👤 /waldemar-fotler
👤 /amazing_phototour
👤 /oscar_achillies_photography
👤 /irinkamatkovskaa
👤 /maririri
👤 /JuanLuisOlaetaMendiola
👤 /mehranzehtab
👤 /night_is_hunting_you
👤 /frago
👤 /moniqueverlouwfotografie
👤 /wojciechlatka
👤 /trinitographer
👤 /jgarcez
👤 /ChuchoHerrera
👤 /lguarini
👤 /shind_ph
👤 /antonyrobinson
👤 /joaocarlosalbuquerque
👤 /mumemories
👤 /jonb4016
👤 /ExpatriateGames
👤 /adityapalaskar112
👤 /joe00064
👤 /SOTOVandSOTOVA
👤 /stephan92
👤 /quchen2011
👤 /rhmiller
👤 /barbipt
👤 /vladutz194
👤 /jesusgonzaleztarapiella
👤 /Rucan
👤 /vasanaf300
👤 /rafaellopez57
👤 /yourphotonude
👤 /Yeye47
👤 /slawomirszerzyna
👤 /mrmikeynastya
👤 /fedotkin
👤 /krigou
👤 /jwnma
👤 /pjfry76
👤 /clinthudson
👤 /giuliosan
👤 /ivarabei
👤 /rosejen2002
👤 /nataly_kurenkova
👤 /FaysonMerege
👤 /maribeldepedro
👤 /andreasrumpf
👤 /chlanz
👤 /stomath
👤 /ire57
👤 /sbc9
👤 /Libor
👤 /LucaAnconetani
👤 /sezginmendil
👤 /photoart54
👤 /corot2
👤 /toyogracor
👤 /Andreas1705
👤 /CarlosCabrera333
👤 /pierrejeanburguet
👤 /brianguthphoto
👤 /BogdanBudnik
👤 /raymonddusoulier
👤 /HUSEYINAY
👤 /SughaBapodara
👤 /limmer
👤 /rolandorichard
👤 /HildaMurray
👤 /arnoldbartel
👤 /Chris_de_Visser
👤 /Thomas_Ruppel
👤 /mchuprin
👤 /kovac58
👤 /photomotiv
👤 /rienkwithaar
👤 /FlexDreams
👤 /mcknips
👤 /ipetrovski1
👤 /book531
👤 /josephyousry3
👤 /makos84
👤 /bamtog
👤 /slavasedov
👤 /igorgan
👤 /antonsfilipovs
👤 /RaphaelPhoto
👤 /EnriqueMurciano
👤 /agarciaferro
👤 /netpm
👤 /smallsnapshots
👤 /chasehunterphotos
👤 /jerradscoggins
👤 /GokselEnver
👤 /frenetteteri
👤 /oqyholding
👤 /fernandoglzsanz
👤 /JNV
👤 /alainphot
👤 /skd3260
👤 /fanieheymans
👤 /emka_fotografie
👤 /bane65
👤 /karpett
👤 /dmitrisotnikov
👤 /negin8_j
👤 /michellenewportphotography
👤 /bleibend
👤 /monikakawa
👤 /molineli
👤 /Skif-Bospor
👤 /jfand
👤 /mshonak
👤 /sanpaladino
👤 /castein
👤 /pirozzinic
👤 /wendyklein50
👤 /luigiazzarone
👤 /light_and_cam
👤 /Parubochyi
👤 /jjyamaguchi
👤 /RaviKashyap1
👤 /fedoseev1952
👤 /fabiocamoli
👤 /Individuals
👤 /heithem23
👤 /miriamnachtigall
👤 /st1mhdlbrj
👤 /alevole
👤 /juanjoseglezmoreno
👤 /jirismid
👤 /302160montse
👤 /mruta
👤 /mauriziobadalassi
👤 /henk58
👤 /MischkaSunny
👤 /eckartmayer
👤 /wushu-institut
👤 /frank_di
👤 /codewalkerster
👤 /realgear_ito
👤 /JulesPlus
👤 /smuses
👤 /cro
👤 /jackbespalove
👤 /richardlkale
👤 /vale83
👤 /ellesong
👤 /profgt
👤 /mventseslav
👤 /patriciahellooo
👤 /williams_grillo
👤 /motmen
👤 /piersparello
👤 /brjushkovstas
👤 /priiteinbaum
👤 /la_imagen
👤 /JuMiLeAl
👤 /JMGonzalo
👤 /abbasjassimkhudeir
👤 /yurko
👤 /massimodepadova
👤 /soljaris99
👤 /antonio_leao
👤 /karatsoras
👤 /magomezmarquez
👤 /rusrusman557
👤 /vladimirwimax
👤 /dorisenders
👤 /morgannchauveau
👤 /rkdx
👤 /ines_maria
👤 /juancarlosbulas1
👤 /prettypop
👤 /terrypan
👤 /sdfmedia
👤 /abaloo
👤 /henningsinielsen
👤 /peter_hobby_photo
👤 /mcece
👤 /josmangra
👤 /vegard3
👤 /takismark
👤 /astroprojector
👤 /jolfer
👤 /TomekPodolski
👤 /santrade2
👤 /patricianicoloso
👤 /LarsMIK
👤 /Brett_G
👤 /everlookphotography
👤 /anaolgagarcia
👤 /alaszlo6267
👤 /byd232
👤 /ladybugnyanya
👤 /masoud_hairan
👤 /Gilbert13
👤 /jarron_peters
👤 /benymd0114
👤 /dariopauta
👤 /oitamooo
👤 /scharpf
👤 /JudithKuhn
👤 /philippe6
👤 /karolinatalaga88
👤 /domlacaze
👤 /Anandselvi
👤 /nicolocellamare
👤 /mickevmix
👤 /AntonRaharja
👤 /stravinskasphotography
👤 /isabellargerich
👤 /ericaengland2020
👤 /vonvinsel
👤 /jjserra13
👤 /santimattiamtb
👤 /ruianogueira
👤 /abdulrazzak_alali
👤 /karine_eye
👤 /aboloczko
👤 /zzplays
👤 /dantyartphotography
👤 /bosaknaturephotography
👤 /christypadgett12
👤 /monikakrajewska
👤 /roosso
👤 /hilals
👤 /krzysztof_browko
👤 /lzzh
👤 /carstenheine1
👤 /athanasio
👤 /baran81
👤 /adem_saljaj
👤 /alexanderkurennoy
👤 /MichaelGimenez
👤 /p_mateus
👤 /josbuurmans
👤 /charlesgrixti
👤 /nikoszphotography
👤 /kettiluisa
👤 /beauty_unfurled
👤 /gon4arotatyana
👤 /ermiv
👤 /rayrenatiphotography
👤 /baltuntas
👤 /cs_one
👤 /efsi87
👤 /frankasilva
👤 /phamnuwem
👤 /alexandrepapon
👤 /RNavarro
👤 /mctran21
👤 /AntoniFigueras
👤 /montantegerlando
👤 /kkoki
👤 /single127127
👤 /mumatt
👤 /sirenkiki
👤 /helmuthenninger
👤 /ostravskedristy
👤 /BarbaraEs
👤 /andydauer
👤 /marpaphoto
👤 /jmrosz
👤 /wolfgangpronai
👤 /veroulik92
👤 /abm1968
👤 /alicja_t
👤 /sulasulacom
👤 /ela1934
👤 /damaz74
👤 /juergen0612
👤 /jiibee
👤 /Lydia_T
👤 /kedr1
👤 /8rcsn985wr
👤 /andriu-andriu
👤 /levyavner
👤 /terrencehwells
👤 /gillesbizien
👤 /mjhpdx
👤 /GillesBphotosK
👤 /oliviaflo200
👤 /GeorgePapapostolou
👤 /RoelieSteinmann
👤 /arcachon70
👤 /Vacancier
👤 /raulcerezofotografia
👤 /lichtzeichnung
👤 /danielepisani
👤 /riverapecellin
👤 /unknown_reasons
👤 /sinisastrkalj
👤 /lemar-photo
👤 /hans24
👤 /yandaix78
👤 /inge_vautrin
👤 /so0sehe0ich0das
👤 /ray_lau
👤 /EnricOliveMolins
👤 /Wozniak
👤 /maurelch
👤 /michaelbottari
👤 /aka_smurf
👤 /frankdobrushken
👤 /onuraltunsaray
👤 /alexavedessian
👤 /nagybotifoto
👤 /olilin
👤 /incheye19711
👤 /bodro_photography
👤 /yvesl
👤 /Jan-Westerhof
👤 /wandererofworlds745
👤 /lhug
👤 /tm251
👤 /DTBPhotography
👤 /Bildervielfalt
👤 /miroslawschymura
👤 /donev
👤 /maxu_ph
👤 /jeyjey262
👤 /paulpurser
👤 /chrispo1705
👤 /takelbery
👤 /MariaJoaoCorreia
👤 /cbicic
👤 /qczman
👤 /npmx
👤 /josebranco
👤 /apani
👤 /CarnivalOfLight
👤 /gianfrancosato
👤 /kbricknell
👤 /rw222327
👤 /ocho56
👤 /NicoleBoxberger
👤 /sallyaszustakowski
👤 /pkautograf
👤 /amalvarezj
👤 /haiku626
👤 /cirmasim
👤 /MaksimDubinsky
👤 /patrickdesmet
👤 /exp
👤 /kasio
👤 /pfojt75
👤 /nikodpua
👤 /amcerezom
👤 /dumitrunovac
👤 /couponkid8081
👤 /golawi
👤 /stefanocaccia
👤 /dadude
👤 /vitusvitula
👤 /richardkam
👤 /henry510
👤 /Elizabethliz
👤 /snowdog68
👤 /GuWu500px
👤 /fahrisulak
👤 /connorjohn
👤 /alpcem
👤 /jesusquiles
👤 /iulianraimond
👤 /ChristopherWills
👤 /snimokdog
👤 /tiziana_bi
👤 /gregoryboue
👤 /andreignezdilov500px
👤 /Angelanda
👤 /maicolbaro
👤 /albiron52
👤 /andreaskser
👤 /mehdihraad
👤 /monevasionamoi
👤 /qjybh8yhft
👤 /plotnikoff__87
👤 /geneoryxb
👤 /paultstrange
👤 /Frankster
👤 /otima
👤 /maringusky
👤 /vonveska1
👤 /ecki58
👤 /KrysPolkinoPhotography
👤 /dinabel
👤 /oumafu
👤 /hwfotografie
👤 /jorgerosa717
👤 /verhoevenjim
👤 /LianeDeprost
👤 /eugene_panov
👤 /michaelbilyk
👤 /gerwyn_davies
👤 /BraulioVargas
👤 /55abk
👤 /hagam62
👤 /silchenkov-sergey
👤 /mglinnemann
👤 /leirumf
👤 /michael-A
👤 /colinlangford1
👤 /kazutaka
👤 /walkerssk
👤 /chanosse
👤 /maaikeart
👤 /barbaraarussell
👤 /PhotoDyaz
👤 /Charadm
👤 /KMazaraki
👤 /trefore
👤 /adamoz
👤 /andi500
👤 /caricanet
👤 /fotopeter45
👤 /johnboy
👤 /jnovak
👤 /whirl256
👤 /hovallef
👤 /WiesawJucha
👤 /ewald-seibel
👤 /pikodiribibi
👤 /BarrieSpence
👤 /tonygoran
👤 /ismailcalli
👤 /GabrielBiggio
👤 /stevensdot
👤 /tomkruissink
👤 /AlexCenteno
👤 /rzerkine
👤 /icemanphotos
👤 /KandarpRJ
👤 /emonzonpx
👤 /victorbain
👤 /JavierDiguezLpez
👤 /RusuConstantin-Andrei
👤 /antoniodiaz
👤 /joskosimic
👤 /titinelibouton
👤 /mike_eyett
👤 /mark_d_thompson
👤 /herrwieland
👤 /alanshulik
👤 /acguthrie
👤 /edvardstorman-badri
👤 /capturedbytymel
👤 /antonzhilin27
👤 /LIGHTPAWS
👤 /khoitran
👤 /oli_photography
👤 /heberphoto
👤 /takashi1578
👤 /hiroyukimurata
👤 /Mauritta
👤 /mrilorlins
👤 /standoutofmysun
👤 /v_ern
👤 /DennisBa
👤 /tracylundgren
👤 /leinadzelgarseuc
👤 /superritchie
👤 /ruimrvieira
👤 /Rika
👤 /vitstasov
👤 /jefvdh
👤 /revolutionaryfoodforhens
👤 /thruf
👤 /flylow388
👤 /Pentaxk3
👤 /diegosalvadoralcedo
👤 /Mike_Schw
👤 /MiguelAngelSGR
👤 /val_perfanov
👤 /tsimgar
👤 /vall-52
👤 /smile-is-good
👤 /jsdulosa
👤 /geysir_photo_natikk
👤 /pauljanosi
👤 /jacaphotos
👤 /alexriek
👤 /pelle_westberg
👤 /KPK
👤 /wisihoop
👤 /3401814191
👤 /parkthoven
👤 /kamil261992
👤 /domau63
👤 /milan_zygmunt
👤 /jeancadic
👤 /Mycatherina
👤 /marcelschiegg
👤 /jeromecolombophotography
👤 /laluzdeuninstante
👤 /PatrickStrik
👤 /Vicente_Concha
👤 /crisza2010
👤 /Novisteel
👤 /sergey_aleshchenko
👤 /riraroli
👤 /msnikitin
👤 /trixllukas
👤 /amatverny
👤 /didierlaurancy
👤 /KARANESHEV3112
👤 /kontrafact
👤 /qmugnaini
👤 /ROPA_Photography
👤 /Dingus98
👤 /erbennewitz
👤 /mabart
👤 /85mm_
👤 /paparomeo
👤 /NikBen
👤 /lingariel
👤 /PedroGarcia11
👤 /tsarfin
👤 /mykeoma
👤 /didier_chowanek
👤 /pacchiaval
👤 /lizhao3000
👤 /disis64
👤 /iamik
👤 /drjhnsn
👤 /MaurizioCicoria1
👤 /phyllisplotkin
👤 /golden_sunset
👤 /christiandubus
👤 /rkrueper
"
`;

snapshot[`500px follows <username> 1`] = `
"
👤 Following 264 people.
👤 Followed by 129 people.
"
`;

snapshot[`500px photos <username> 1`] = `
"
🏞️ Serpent Spectation             📈89.8 ❤️ 82  👁️ 1384
🏞️ Dawn of Revelation             📈90.7 ❤️ 113 👁️ 1246
🏞️ Coordinating Phoenix           📈91.1 ❤️ 124 👁️ 1160
🏞️ Architectural Lasagna          📈91.9 ❤️ 169 👁️ 1211
🏞️ Big Spike Policy               📈76.2 ❤️ 132 👁️ 371 
🏞️ Soft and Sharp                 📈70.5 ❤️ 117 👁️ 368 
🏞️ Collective Memory              📈67.6 ❤️ 97  👁️ 117 
🏞️ Urban Luminescence             📈68.3 ❤️ 114 👁️ 136 
🏞️ Reflexive Dome                 📈67.6 ❤️ 104 👁️ 163 
🏞️ Enforced Silence               📈64.2 ❤️ 71  👁️ 229 
🏞️ Foraging Nectar                📈58.3 ❤️ 49  👁️ 211 
🏞️ Observed Narration             📈60.8 ❤️ 48  👁️ 143 
🏞️ Future Blues                   📈44.4 ❤️ 58  👁️ 176 
🏞️ Bridge to Serenity             📈42.9 ❤️ 46  👁️ 105 
🏞️ Greyhound Glimpse              📈47.3 ❤️ 44  👁️ 148 
🏞️ Guardian Panes                 📈63.1 ❤️ 61  👁️ 146 
🏞️ Iron Giant                     📈57.3 ❤️ 38  👁️ 130 
🏞️ Prickly Persona                📈58.9 ❤️ 40  👁️ 146 
🏞️ Poolside Pink                  📈39.8 ❤️ 30  👁️ 138 
🏞️ Tire and Throne                📈52.8 ❤️ 40  👁️ 99  
🏞️ Clouds and Steel               📈40.8 ❤️ 34  👁️ 84  
🏞️ Cosmic Encounter               📈38   ❤️ 25  👁️ 91  
🏞️ Tour de Facade                 📈37   ❤️ 22  👁️ 96  
🏞️ Imagined Breakthrough Mornings 📈31.9 ❤️ 15  👁️ 93  
🏞️ London Figaro                  📈46.2 ❤️ 34  👁️ 77  
🏞️ Submerged Cyclist              📈36.3 ❤️ 17  👁️ 92  
🏞️ Cloudcraft                     📈34.6 ❤️ 18  👁️ 86  
🏞️ Dawn of Flight                 📈41.5 ❤️ 15  👁️ 63  
🏞️ Wheel in the Sky               📈36.1 ❤️ 21  👁️ 68  
🏞️ Sphere of Perfection           📈35.7 ❤️ 18  👁️ 94  
"
`;
