export const snapshot = {};

snapshot[`500px discover 1`] = `
[
  {
    data: [
      "👤 /ROPA_Photography",
    ],
    level: "log",
  },
  {
    data: [
      "👤 /pulsewidhts",
    ],
    level: "log",
  },
  {
    data: [
      "👤 /xpeditionlicht",
    ],
    level: "log",
  },
  {
    data: [
      "👤 /TM77",
    ],
    level: "log",
  },
  {
    data: [
      "👤 /monica_so",
    ],
    level: "log",
  },
  {
    data: [
      "👤 /Marc_Hennige",
    ],
    level: "log",
  },
  {
    data: [
      "👤 /AdelbertEllingsgaard",
    ],
    level: "log",
  },
  {
    data: [
      "👤 /scott125",
    ],
    level: "log",
  },
  {
    data: [
      "👤 /seferk",
    ],
    level: "log",
  },
  {
    data: [
      "👤 /SnezanaPetrovic",
    ],
    level: "log",
  },
  {
    data: [
      "👤 /jshen9889",
    ],
    level: "log",
  },
  {
    data: [
      "👤 /gatti1310",
    ],
    level: "log",
  },
  {
    data: [
      "👤 /montantegerlando",
    ],
    level: "log",
  },
  {
    data: [
      "👤 /mikelone59",
    ],
    level: "log",
  },
  {
    data: [
      "👤 /cassidyarch",
    ],
    level: "log",
  },
  {
    data: [
      "👤 /dswindler",
    ],
    level: "log",
  },
  {
    data: [
      "👤 /mikloslala072",
    ],
    level: "log",
  },
  {
    data: [
      "👤 /juandejuan",
    ],
    level: "log",
  },
  {
    data: [
      "👤 /Isamtelhami",
    ],
    level: "log",
  },
  {
    data: [
      "👤 /jpena69",
    ],
    level: "log",
  },
  {
    data: [
      "👤 /michaelhafner11",
    ],
    level: "log",
  },
  {
    data: [
      "👤 /JiriTulach",
    ],
    level: "log",
  },
  {
    data: [
      "👤 /lukaszde",
    ],
    level: "log",
  },
  {
    data: [
      "👤 /andrewfelixphotography",
    ],
    level: "log",
  },
  {
    data: [
      "👤 /fabriziocasale",
    ],
    level: "log",
  },
  {
    data: [
      "👤 /sacha8899",
    ],
    level: "log",
  },
  {
    data: [
      "👤 /albrecht7",
    ],
    level: "log",
  },
  {
    data: [
      "👤 /andydauer",
    ],
    level: "log",
  },
  {
    data: [
      "👤 /thalerst",
    ],
    level: "log",
  },
  {
    data: [
      "👤 /sezar500px",
    ],
    level: "log",
  },
  {
    data: [
      "👤 /kasio",
    ],
    level: "log",
  },
  {
    data: [
      "👤 /ernstfritzemeier",
    ],
    level: "log",
  },
  {
    data: [
      "👤 /graciette24",
    ],
    level: "log",
  },
  {
    data: [
      "👤 /randogrigri",
    ],
    level: "log",
  },
  {
    data: [
      "👤 /matthias69fischer",
    ],
    level: "log",
  },
  {
    data: [
      "👤 /fab4photo",
    ],
    level: "log",
  },
  {
    data: [
      "👤 /streich60",
    ],
    level: "log",
  },
  {
    data: [
      "👤 /pinkrosepictures_36",
    ],
    level: "log",
  },
  {
    data: [
      "👤 /essexwildlifephotography",
    ],
    level: "log",
  },
  {
    data: [
      "👤 /trixllukas",
    ],
    level: "log",
  },
  {
    data: [
      "👤 /juacuaphoto",
    ],
    level: "log",
  },
  {
    data: [
      "👤 /Haggs",
    ],
    level: "log",
  },
  {
    data: [
      "👤 /drjhnsn",
    ],
    level: "log",
  },
  {
    data: [
      "👤 /zweistei",
    ],
    level: "log",
  },
  {
    data: [
      "👤 /Mauritta",
    ],
    level: "log",
  },
  {
    data: [
      "👤 /anneschubi",
    ],
    level: "log",
  },
  {
    data: [
      "👤 /Saintek",
    ],
    level: "log",
  },
  {
    data: [
      "👤 /adyy_cam",
    ],
    level: "log",
  },
  {
    data: [
      "👤 /subashbgk",
    ],
    level: "log",
  },
  {
    data: [
      "👤 /AleksandarVasic",
    ],
    level: "log",
  },
  {
    data: [
      "👤 /JoostvanHaaren",
    ],
    level: "log",
  },
  {
    data: [
      "👤 /gerald_h",
    ],
    level: "log",
  },
  {
    data: [
      "👤 /raimondo_restelli",
    ],
    level: "log",
  },
  {
    data: [
      "👤 /alpcem",
    ],
    level: "log",
  },
  {
    data: [
      "👤 /frank_di",
    ],
    level: "log",
  },
  {
    data: [
      "👤 /mirjananikolic",
    ],
    level: "log",
  },
  {
    data: [
      "👤 /adventure_photographer_de",
    ],
    level: "log",
  },
  {
    data: [
      "👤 /isabellargerich",
    ],
    level: "log",
  },
  {
    data: [
      "👤 /xavierhmr",
    ],
    level: "log",
  },
  {
    data: [
      "👤 /carlos1969",
    ],
    level: "log",
  },
  {
    data: [
      "👤 /cristivirgil",
    ],
    level: "log",
  },
  {
    data: [
      "👤 /marcorovesti",
    ],
    level: "log",
  },
  {
    data: [
      "👤 /fraenzib",
    ],
    level: "log",
  },
  {
    data: [
      "👤 /aupamanu",
    ],
    level: "log",
  },
  {
    data: [
      "👤 /Ryszard_Kosmala",
    ],
    level: "log",
  },
  {
    data: [
      "👤 /johnsilverph",
    ],
    level: "log",
  },
  {
    data: [
      "👤 /iamellaphotos",
    ],
    level: "log",
  },
  {
    data: [
      "👤 /heinzhofrichter",
    ],
    level: "log",
  },
  {
    data: [
      "👤 /alexandervillafranco2023",
    ],
    level: "log",
  },
  {
    data: [
      "👤 /geneoryxn",
    ],
    level: "log",
  },
  {
    data: [
      "👤 /Parallax82",
    ],
    level: "log",
  },
  {
    data: [
      "👤 /1966sucy",
    ],
    level: "log",
  },
  {
    data: [
      "👤 /Rika",
    ],
    level: "log",
  },
  {
    data: [
      "👤 /martin_lamprecht",
    ],
    level: "log",
  },
  {
    data: [
      "👤 /dinabel",
    ],
    level: "log",
  },
  {
    data: [
      "👤 /Karin63",
    ],
    level: "log",
  },
  {
    data: [
      "👤 /rainier14411",
    ],
    level: "log",
  },
  {
    data: [
      "👤 /paulaaranoa",
    ],
    level: "log",
  },
  {
    data: [
      "👤 /Diana_Ruder",
    ],
    level: "log",
  },
  {
    data: [
      "👤 /tm251",
    ],
    level: "log",
  },
  {
    data: [
      "👤 /foroughi",
    ],
    level: "log",
  },
  {
    data: [
      "👤 /tompolicano",
    ],
    level: "log",
  },
  {
    data: [
      "👤 /CSntrk",
    ],
    level: "log",
  },
  {
    data: [
      "👤 /jrg_1963",
    ],
    level: "log",
  },
  {
    data: [
      "👤 /tomsto",
    ],
    level: "log",
  },
  {
    data: [
      "👤 /marcus171",
    ],
    level: "log",
  },
  {
    data: [
      "👤 /fahrisulak",
    ],
    level: "log",
  },
  {
    data: [
      "👤 /HarryCovert3",
    ],
    level: "log",
  },
  {
    data: [
      "👤 /nataschfer",
    ],
    level: "log",
  },
  {
    data: [
      "👤 /artfine",
    ],
    level: "log",
  },
  {
    data: [
      "👤 /murefte59",
    ],
    level: "log",
  },
  {
    data: [
      "👤 /fiorita",
    ],
    level: "log",
  },
  {
    data: [
      "👤 /khoitran",
    ],
    level: "log",
  },
  {
    data: [
      "👤 /olilin",
    ],
    level: "log",
  },
  {
    data: [
      "👤 /joaquinss",
    ],
    level: "log",
  },
  {
    data: [
      "👤 /jnmayer",
    ],
    level: "log",
  },
  {
    data: [
      "👤 /shuki22",
    ],
    level: "log",
  },
  {
    data: [
      "👤 /stevesaad",
    ],
    level: "log",
  },
  {
    data: [
      "👤 /patrykanski",
    ],
    level: "log",
  },
  {
    data: [
      "👤 /erik321",
    ],
    level: "log",
  },
  {
    data: [
      "👤 /lichtklick",
    ],
    level: "log",
  },
  {
    data: [
      "👤 /clivehollingshead",
    ],
    level: "log",
  },
  {
    data: [
      "👤 /omer72",
    ],
    level: "log",
  },
  {
    data: [
      "👤 /diegosalvadoralcedo",
    ],
    level: "log",
  },
  {
    data: [
      "👤 /JosuPerianes",
    ],
    level: "log",
  },
  {
    data: [
      "👤 /jpzimage",
    ],
    level: "log",
  },
  {
    data: [
      "👤 /made_in_juju_",
    ],
    level: "log",
  },
  {
    data: [
      "👤 /mhume65",
    ],
    level: "log",
  },
  {
    data: [
      "👤 /ChenwahLee",
    ],
    level: "log",
  },
  {
    data: [
      "👤 /jnewholm",
    ],
    level: "log",
  },
  {
    data: [
      "👤 /snowdog68",
    ],
    level: "log",
  },
  {
    data: [
      "👤 /eli5poll3",
    ],
    level: "log",
  },
  {
    data: [
      "👤 /aleks74",
    ],
    level: "log",
  },
  {
    data: [
      "👤 /gerardode82",
    ],
    level: "log",
  },
  {
    data: [
      "👤 /jmaorengo",
    ],
    level: "log",
  },
  {
    data: [
      "👤 /k4man84",
    ],
    level: "log",
  },
  {
    data: [
      "👤 /thruf",
    ],
    level: "log",
  },
  {
    data: [
      "👤 /Tijsewijs1",
    ],
    level: "log",
  },
  {
    data: [
      "👤 /ivanphotographer008",
    ],
    level: "log",
  },
  {
    data: [
      "👤 /clariz1975",
    ],
    level: "log",
  },
  {
    data: [
      "👤 /abephotography",
    ],
    level: "log",
  },
  {
    data: [
      "👤 /baixas",
    ],
    level: "log",
  },
  {
    data: [
      "👤 /josbuurmans",
    ],
    level: "log",
  },
  {
    data: [
      "👤 /aztec_camera",
    ],
    level: "log",
  },
  {
    data: [
      "👤 /hfreymann",
    ],
    level: "log",
  },
  {
    data: [
      "👤 /gilev6840",
    ],
    level: "log",
  },
  {
    data: [
      "👤 /Bildervielfalt",
    ],
    level: "log",
  },
  {
    data: [
      "👤 /rlway1",
    ],
    level: "log",
  },
  {
    data: [
      "👤 /luminoso",
    ],
    level: "log",
  },
  {
    data: [
      "👤 /MarkJones11",
    ],
    level: "log",
  },
  {
    data: [
      "👤 /ivancolman64",
    ],
    level: "log",
  },
  {
    data: [
      "👤 /michaelsuhl",
    ],
    level: "log",
  },
  {
    data: [
      "👤 /galex2",
    ],
    level: "log",
  },
  {
    data: [
      "👤 /gudron-v",
    ],
    level: "log",
  },
  {
    data: [
      "👤 /dojeda80",
    ],
    level: "log",
  },
  {
    data: [
      "👤 /BarbaraEs",
    ],
    level: "log",
  },
  {
    data: [
      "👤 /satphoto",
    ],
    level: "log",
  },
  {
    data: [
      "👤 /evaghersiobrslikova",
    ],
    level: "log",
  },
  {
    data: [
      "👤 /CarolienHoek",
    ],
    level: "log",
  },
  {
    data: [
      "👤 /IoannisIoannidis",
    ],
    level: "log",
  },
  {
    data: [
      "👤 /mihailgerasimov",
    ],
    level: "log",
  },
  {
    data: [
      "👤 /paroq",
    ],
    level: "log",
  },
  {
    data: [
      "👤 /amzs",
    ],
    level: "log",
  },
  {
    data: [
      "👤 /sylvainharnois",
    ],
    level: "log",
  },
  {
    data: [
      "👤 /bmierauklein",
    ],
    level: "log",
  },
  {
    data: [
      "👤 /jmfermosel",
    ],
    level: "log",
  },
  {
    data: [
      "👤 /LucVanDeWeghe",
    ],
    level: "log",
  },
  {
    data: [
      "👤 /buyanskyy",
    ],
    level: "log",
  },
  {
    data: [
      "👤 /martinpodt",
    ],
    level: "log",
  },
  {
    data: [
      "👤 /nyakomichi",
    ],
    level: "log",
  },
  {
    data: [
      "👤 /gokawa0803",
    ],
    level: "log",
  },
  {
    data: [
      "👤 /CescValcarcel",
    ],
    level: "log",
  },
  {
    data: [
      "👤 /Swiatloczuly",
    ],
    level: "log",
  },
  {
    data: [
      "👤 /JuergenGatte",
    ],
    level: "log",
  },
  {
    data: [
      "👤 /vasanaf300",
    ],
    level: "log",
  },
  {
    data: [
      "👤 /64tracks",
    ],
    level: "log",
  },
  {
    data: [
      "👤 /juances",
    ],
    level: "log",
  },
  {
    data: [
      "👤 /i_mayr",
    ],
    level: "log",
  },
  {
    data: [
      "👤 /fabiengeorget",
    ],
    level: "log",
  },
  {
    data: [
      "👤 /nerion",
    ],
    level: "log",
  },
  {
    data: [
      "👤 /adrianlimani",
    ],
    level: "log",
  },
  {
    data: [
      "👤 /piersparello",
    ],
    level: "log",
  },
  {
    data: [
      "👤 /PiotrLipski",
    ],
    level: "log",
  },
  {
    data: [
      "👤 /LennyLW",
    ],
    level: "log",
  },
  {
    data: [
      "👤 /fa425893",
    ],
    level: "log",
  },
  {
    data: [
      "👤 /Christopher-Schlaf",
    ],
    level: "log",
  },
  {
    data: [
      "👤 /ruzhdiibrahimi",
    ],
    level: "log",
  },
  {
    data: [
      "👤 /mannu1",
    ],
    level: "log",
  },
  {
    data: [
      "👤 /nicholasl",
    ],
    level: "log",
  },
  {
    data: [
      "👤 /rodinkfotografie",
    ],
    level: "log",
  },
  {
    data: [
      "👤 /icemanphotos",
    ],
    level: "log",
  },
  {
    data: [
      "👤 /everlookphotography",
    ],
    level: "log",
  },
  {
    data: [
      "👤 /gillesbizien",
    ],
    level: "log",
  },
  {
    data: [
      "👤 /stachjag",
    ],
    level: "log",
  },
  {
    data: [
      "👤 /Hans_Zitzler",
    ],
    level: "log",
  },
  {
    data: [
      "👤 /BpChua",
    ],
    level: "log",
  },
  {
    data: [
      "👤 /stefan_seiz",
    ],
    level: "log",
  },
  {
    data: [
      "👤 /glaizegerard",
    ],
    level: "log",
  },
  {
    data: [
      "👤 /ebengalery",
    ],
    level: "log",
  },
  {
    data: [
      "👤 /casbalicki",
    ],
    level: "log",
  },
  {
    data: [
      "👤 /hagam62",
    ],
    level: "log",
  },
  {
    data: [
      "👤 /pine827",
    ],
    level: "log",
  },
  {
    data: [
      "👤 /zagetirol",
    ],
    level: "log",
  },
  {
    data: [
      "👤 /andreabarsali66",
    ],
    level: "log",
  },
  {
    data: [
      "👤 /info267",
    ],
    level: "log",
  },
  {
    data: [
      "👤 /BogdanBudnik",
    ],
    level: "log",
  },
  {
    data: [
      "👤 /bernard_choquette",
    ],
    level: "log",
  },
  {
    data: [
      "👤 /Mycatherina",
    ],
    level: "log",
  },
  {
    data: [
      "👤 /pauljanosi",
    ],
    level: "log",
  },
  {
    data: [
      "👤 /shind_ph",
    ],
    level: "log",
  },
  {
    data: [
      "👤 /socor1",
    ],
    level: "log",
  },
  {
    data: [
      "👤 /sanusiayi57",
    ],
    level: "log",
  },
  {
    data: [
      "👤 /susges",
    ],
    level: "log",
  },
  {
    data: [
      "👤 /agiroud",
    ],
    level: "log",
  },
  {
    data: [
      "👤 /OdgiiAmraa",
    ],
    level: "log",
  },
  {
    data: [
      "👤 /GokselEnver",
    ],
    level: "log",
  },
  {
    data: [
      "👤 /markoerman",
    ],
    level: "log",
  },
  {
    data: [
      "👤 /clozio_13",
    ],
    level: "log",
  },
  {
    data: [
      "👤 /hrabecivan",
    ],
    level: "log",
  },
  {
    data: [
      "👤 /yvesl",
    ],
    level: "log",
  },
  {
    data: [
      "👤 /jazzi34",
    ],
    level: "log",
  },
  {
    data: [
      "👤 /hansvanderburgh",
    ],
    level: "log",
  },
  {
    data: [
      "👤 /adsso",
    ],
    level: "log",
  },
  {
    data: [
      "👤 /mauriziob2015",
    ],
    level: "log",
  },
  {
    data: [
      "👤 /annegfoto",
    ],
    level: "log",
  },
  {
    data: [
      "👤 /clovitrou",
    ],
    level: "log",
  },
  {
    data: [
      "👤 /berthedel",
    ],
    level: "log",
  },
  {
    data: [
      "👤 /scsutton",
    ],
    level: "log",
  },
  {
    data: [
      "👤 /dorothycutter",
    ],
    level: "log",
  },
  {
    data: [
      "👤 /bobnoll1954",
    ],
    level: "log",
  },
  {
    data: [
      "👤 /ik1wdc",
    ],
    level: "log",
  },
  {
    data: [
      "👤 /christiandubus",
    ],
    level: "log",
  },
  {
    data: [
      "👤 /wildtalesimages",
    ],
    level: "log",
  },
  {
    data: [
      "👤 /angry_beluga",
    ],
    level: "log",
  },
  {
    data: [
      "👤 /SOTOVandSOTOVA",
    ],
    level: "log",
  },
  {
    data: [
      "👤 /mehmetyuksel1",
    ],
    level: "log",
  },
  {
    data: [
      "👤 /uligreger",
    ],
    level: "log",
  },
  {
    data: [
      "👤 /RoelieSteinmann",
    ],
    level: "log",
  },
  {
    data: [
      "👤 /juanjoseglezmoreno",
    ],
    level: "log",
  },
  {
    data: [
      "👤 /d6xz8jttjx",
    ],
    level: "log",
  },
  {
    data: [
      "👤 /simondietmar",
    ],
    level: "log",
  },
  {
    data: [
      "👤 /volkmargeyer",
    ],
    level: "log",
  },
  {
    data: [
      "👤 /joaocarlosalbuquerque",
    ],
    level: "log",
  },
  {
    data: [
      "👤 /arttu-uusitalo",
    ],
    level: "log",
  },
  {
    data: [
      "👤 /jeff_rogers",
    ],
    level: "log",
  },
  {
    data: [
      "👤 /modwalker",
    ],
    level: "log",
  },
  {
    data: [
      "👤 /bayraktaremin68",
    ],
    level: "log",
  },
  {
    data: [
      "👤 /abdulrazzak_alali",
    ],
    level: "log",
  },
  {
    data: [
      "👤 /golawi",
    ],
    level: "log",
  },
  {
    data: [
      "👤 /edvardandy",
    ],
    level: "log",
  },
  {
    data: [
      "👤 /berndwillinger",
    ],
    level: "log",
  },
  {
    data: [
      "👤 /bodydock",
    ],
    level: "log",
  },
  {
    data: [
      "👤 /ArthurPeter",
    ],
    level: "log",
  },
  {
    data: [
      "👤 /vgborreguero",
    ],
    level: "log",
  },
  {
    data: [
      "👤 /SuntsovR",
    ],
    level: "log",
  },
  {
    data: [
      "👤 /zoleex",
    ],
    level: "log",
  },
  {
    data: [
      "👤 /allalimiloud011",
    ],
    level: "log",
  },
  {
    data: [
      "👤 /knotfreejc",
    ],
    level: "log",
  },
  {
    data: [
      "👤 /m_dabrowski",
    ],
    level: "log",
  },
  {
    data: [
      "👤 /habischuepfen",
    ],
    level: "log",
  },
  {
    data: [
      "👤 /bendalihamdi",
    ],
    level: "log",
  },
  {
    data: [
      "👤 /DmitriySoloduhin",
    ],
    level: "log",
  },
  {
    data: [
      "👤 /jose1963",
    ],
    level: "log",
  },
  {
    data: [
      "👤 /Winfried_Kastner",
    ],
    level: "log",
  },
  {
    data: [
      "👤 /light_and_cam",
    ],
    level: "log",
  },
  {
    data: [
      "👤 /Brianmcnarch",
    ],
    level: "log",
  },
  {
    data: [
      "👤 /slawomirkowalczyk",
    ],
    level: "log",
  },
  {
    data: [
      "👤 /soul_connected",
    ],
    level: "log",
  },
  {
    data: [
      "👤 /thihasoul",
    ],
    level: "log",
  },
  {
    data: [
      "👤 /pontebernardo",
    ],
    level: "log",
  },
  {
    data: [
      "👤 /heiko_prechtl",
    ],
    level: "log",
  },
  {
    data: [
      "👤 /andreaspreisser",
    ],
    level: "log",
  },
  {
    data: [
      "👤 /av-peteghium",
    ],
    level: "log",
  },
  {
    data: [
      "👤 /pekalapiotr89",
    ],
    level: "log",
  },
  {
    data: [
      "👤 /wushu-institut",
    ],
    level: "log",
  },
  {
    data: [
      "👤 /CarnivalOfLight",
    ],
    level: "log",
  },
  {
    data: [
      "👤 /markoklavs",
    ],
    level: "log",
  },
  {
    data: [
      "👤 /favraud-pierre",
    ],
    level: "log",
  },
  {
    data: [
      "👤 /hasteehouwer",
    ],
    level: "log",
  },
  {
    data: [
      "👤 /edwinwiskerke",
    ],
    level: "log",
  },
  {
    data: [
      "👤 /krzysztoftollas69",
    ],
    level: "log",
  },
  {
    data: [
      "👤 /chris_from_the_valley",
    ],
    level: "log",
  },
  {
    data: [
      "👤 /sinakamuraaurora",
    ],
    level: "log",
  },
  {
    data: [
      "👤 /GalynaLunina",
    ],
    level: "log",
  },
  {
    data: [
      "👤 /bicowles",
    ],
    level: "log",
  },
  {
    data: [
      "👤 /LeslieCollins",
    ],
    level: "log",
  },
  {
    data: [
      "👤 /hopefrkr1",
    ],
    level: "log",
  },
  {
    data: [
      "👤 /elieserbotelho2020",
    ],
    level: "log",
  },
  {
    data: [
      "👤 /iulianraimond",
    ],
    level: "log",
  },
  {
    data: [
      "👤 /eedee",
    ],
    level: "log",
  },
  {
    data: [
      "👤 /mventseslav",
    ],
    level: "log",
  },
  {
    data: [
      "👤 /SteveOlmstead",
    ],
    level: "log",
  },
  {
    data: [
      "👤 /zeantonio1",
    ],
    level: "log",
  },
  {
    data: [
      "👤 /gianlucarubi",
    ],
    level: "log",
  },
  {
    data: [
      "👤 /zzplays",
    ],
    level: "log",
  },
  {
    data: [
      "👤 /fujiakira4",
    ],
    level: "log",
  },
  {
    data: [
      "👤 /jose_orozco",
    ],
    level: "log",
  },
  {
    data: [
      "👤 /wogeda",
    ],
    level: "log",
  },
  {
    data: [
      "👤 /esalles",
    ],
    level: "log",
  },
  {
    data: [
      "👤 /GuWu500px",
    ],
    level: "log",
  },
  {
    data: [
      "👤 /cyrilkazian",
    ],
    level: "log",
  },
  {
    data: [
      "👤 /shaubrich",
    ],
    level: "log",
  },
  {
    data: [
      "👤 /Zhukov_Igor",
    ],
    level: "log",
  },
  {
    data: [
      "👤 /ogsft",
    ],
    level: "log",
  },
  {
    data: [
      "👤 /dfgariepy",
    ],
    level: "log",
  },
  {
    data: [
      "👤 /wojciechlatka",
    ],
    level: "log",
  },
  {
    data: [
      "👤 /albertle",
    ],
    level: "log",
  },
  {
    data: [
      "👤 /opsoclonus",
    ],
    level: "log",
  },
  {
    data: [
      "👤 /wrangler_john",
    ],
    level: "log",
  },
  {
    data: [
      "👤 /geomi1",
    ],
    level: "log",
  },
  {
    data: [
      "👤 /nialloconnorhome",
    ],
    level: "log",
  },
  {
    data: [
      "👤 /AngeloBalange",
    ],
    level: "log",
  },
  {
    data: [
      "👤 /scarletsedition",
    ],
    level: "log",
  },
  {
    data: [
      "👤 /OndejChvtal",
    ],
    level: "log",
  },
  {
    data: [
      "👤 /teddymack",
    ],
    level: "log",
  },
  {
    data: [
      "👤 /patrycjusz",
    ],
    level: "log",
  },
  {
    data: [
      "👤 /AlexandrTeplitsky",
    ],
    level: "log",
  },
  {
    data: [
      "👤 /bolesko_viktor",
    ],
    level: "log",
  },
  {
    data: [
      "👤 /PritamMajumder",
    ],
    level: "log",
  },
  {
    data: [
      "👤 /philippe6",
    ],
    level: "log",
  },
  {
    data: [
      "👤 /HeinrichHaberstock",
    ],
    level: "log",
  },
  {
    data: [
      "👤 /jcarranz",
    ],
    level: "log",
  },
  {
    data: [
      "👤 /robertkimbrell",
    ],
    level: "log",
  },
  {
    data: [
      "👤 /FredBour",
    ],
    level: "log",
  },
  {
    data: [
      "👤 /cristi181278",
    ],
    level: "log",
  },
  {
    data: [
      "👤 /jlcalafate",
    ],
    level: "log",
  },
  {
    data: [
      "👤 /vahidshojaei52",
    ],
    level: "log",
  },
  {
    data: [
      "👤 /Yorkie",
    ],
    level: "log",
  },
  {
    data: [
      "👤 /kbricknell",
    ],
    level: "log",
  },
  {
    data: [
      "👤 /MariaLuciaPereira",
    ],
    level: "log",
  },
  {
    data: [
      "👤 /janazbunka",
    ],
    level: "log",
  },
  {
    data: [
      "👤 /mkorelski",
    ],
    level: "log",
  },
  {
    data: [
      "👤 /meho87",
    ],
    level: "log",
  },
  {
    data: [
      "👤 /josemgd",
    ],
    level: "log",
  },
  {
    data: [
      "👤 /fotodieter",
    ],
    level: "log",
  },
  {
    data: [
      "👤 /bmjesus",
    ],
    level: "log",
  },
  {
    data: [
      "👤 /latfinephotoart",
    ],
    level: "log",
  },
  {
    data: [
      "👤 /alikalik8010",
    ],
    level: "log",
  },
  {
    data: [
      "👤 /flaviomoura",
    ],
    level: "log",
  },
  {
    data: [
      "👤 /demateo",
    ],
    level: "log",
  },
  {
    data: [
      "👤 /scharpf",
    ],
    level: "log",
  },
  {
    data: [
      "👤 /Gagik",
    ],
    level: "log",
  },
  {
    data: [
      "👤 /simonmazik",
    ],
    level: "log",
  },
  {
    data: [
      "👤 /mariowidmer",
    ],
    level: "log",
  },
  {
    data: [
      "👤 /joaomartinho63",
    ],
    level: "log",
  },
  {
    data: [
      "👤 /darek_d",
    ],
    level: "log",
  },
  {
    data: [
      "👤 /agapov",
    ],
    level: "log",
  },
  {
    data: [
      "👤 /luckylanza",
    ],
    level: "log",
  },
  {
    data: [
      "👤 /lguarini",
    ],
    level: "log",
  },
  {
    data: [
      "👤 /claudinedb",
    ],
    level: "log",
  },
  {
    data: [
      "👤 /trinitographer",
    ],
    level: "log",
  },
  {
    data: [
      "👤 /stefsphotos",
    ],
    level: "log",
  },
  {
    data: [
      "👤 /doctorvlx2201",
    ],
    level: "log",
  },
  {
    data: [
      "👤 /joe_bphoto",
    ],
    level: "log",
  },
  {
    data: [
      "👤 /apani",
    ],
    level: "log",
  },
  {
    data: [
      "👤 /Anwesend",
    ],
    level: "log",
  },
  {
    data: [
      "👤 /jurkoz",
    ],
    level: "log",
  },
  {
    data: [
      "👤 /carlosk75",
    ],
    level: "log",
  },
  {
    data: [
      "👤 /onegirlphotographer",
    ],
    level: "log",
  },
  {
    data: [
      "👤 /paulo_abrantes",
    ],
    level: "log",
  },
  {
    data: [
      "👤 /salvoenrique",
    ],
    level: "log",
  },
  {
    data: [
      "👤 /keithmillard",
    ],
    level: "log",
  },
  {
    data: [
      "👤 /photographerertugrul",
    ],
    level: "log",
  },
  {
    data: [
      "👤 /cbill2",
    ],
    level: "log",
  },
  {
    data: [
      "👤 /bmarchant1",
    ],
    level: "log",
  },
  {
    data: [
      "👤 /korbel1943",
    ],
    level: "log",
  },
  {
    data: [
      "👤 /henniemaxdekker",
    ],
    level: "log",
  },
  {
    data: [
      "👤 /dolly_dk",
    ],
    level: "log",
  },
  {
    data: [
      "👤 /nilstapix",
    ],
    level: "log",
  },
  {
    data: [
      "👤 /MischkaSunny",
    ],
    level: "log",
  },
  {
    data: [
      "👤 /derletzteschrei",
    ],
    level: "log",
  },
  {
    data: [
      "👤 /lauradfm",
    ],
    level: "log",
  },
  {
    data: [
      "👤 /roccacristina432",
    ],
    level: "log",
  },
  {
    data: [
      "👤 /HUSEYINAY",
    ],
    level: "log",
  },
  {
    data: [
      "👤 /steen_han",
    ],
    level: "log",
  },
  {
    data: [
      "👤 /Thomas_Ruppel",
    ],
    level: "log",
  },
  {
    data: [
      "👤 /Trolls99",
    ],
    level: "log",
  },
  {
    data: [
      "👤 /gkastal",
    ],
    level: "log",
  },
  {
    data: [
      "👤 /ExpatriateGames",
    ],
    level: "log",
  },
  {
    data: [
      "👤 /Gallifrey",
    ],
    level: "log",
  },
  {
    data: [
      "👤 /gaillardjeanmarc",
    ],
    level: "log",
  },
  {
    data: [
      "👤 /carlosomarfadul",
    ],
    level: "log",
  },
  {
    data: [
      "👤 /prettypop",
    ],
    level: "log",
  },
  {
    data: [
      "👤 /walkerssk",
    ],
    level: "log",
  },
  {
    data: [
      "👤 /photo_ev",
    ],
    level: "log",
  },
  {
    data: [
      "👤 /andreas_puhl",
    ],
    level: "log",
  },
  {
    data: [
      "👤 /samuel_98_",
    ],
    level: "log",
  },
  {
    data: [
      "👤 /lseptimiu",
    ],
    level: "log",
  },
  {
    data: [
      "👤 /fabriziocasale1979",
    ],
    level: "log",
  },
  {
    data: [
      "👤 /WalterWulff",
    ],
    level: "log",
  },
  {
    data: [
      "👤 /danroger",
    ],
    level: "log",
  },
  {
    data: [
      "👤 /mjhpdx",
    ],
    level: "log",
  },
  {
    data: [
      "👤 /mhsmith11221",
    ],
    level: "log",
  },
  {
    data: [
      "👤 /oledok",
    ],
    level: "log",
  },
  {
    data: [
      "👤 /Sangianfranco",
    ],
    level: "log",
  },
  {
    data: [
      "👤 /pinolino",
    ],
    level: "log",
  },
  {
    data: [
      "👤 /viktorkartousek",
    ],
    level: "log",
  },
  {
    data: [
      "👤 /cro",
    ],
    level: "log",
  },
  {
    data: [
      "👤 /hkoske",
    ],
    level: "log",
  },
  {
    data: [
      "👤 /andregiuli",
    ],
    level: "log",
  },
  {
    data: [
      "👤 /purpureaphotography",
    ],
    level: "log",
  },
  {
    data: [
      "👤 /jdabrowski64",
    ],
    level: "log",
  },
  {
    data: [
      "👤 /katzuin",
    ],
    level: "log",
  },
  {
    data: [
      "👤 /mariuszguc",
    ],
    level: "log",
  },
  {
    data: [
      "👤 /siniialex",
    ],
    level: "log",
  },
  {
    data: [
      "👤 /cbarbalisweb",
    ],
    level: "log",
  },
  {
    data: [
      "👤 /earthyash98",
    ],
    level: "log",
  },
  {
    data: [
      "👤 /cont77",
    ],
    level: "log",
  },
  {
    data: [
      "👤 /airathan",
    ],
    level: "log",
  },
  {
    data: [
      "👤 /andi500",
    ],
    level: "log",
  },
  {
    data: [
      "👤 /liveimpression",
    ],
    level: "log",
  },
  {
    data: [
      "👤 /boykopenchev",
    ],
    level: "log",
  },
  {
    data: [
      "👤 /b54qryzj79",
    ],
    level: "log",
  },
  {
    data: [
      "👤 /marybottacin1",
    ],
    level: "log",
  },
  {
    data: [
      "👤 /lar-ry27",
    ],
    level: "log",
  },
  {
    data: [
      "👤 /pablober",
    ],
    level: "log",
  },
  {
    data: [
      "👤 /ademseye07",
    ],
    level: "log",
  },
  {
    data: [
      "👤 /gysik27",
    ],
    level: "log",
  },
  {
    data: [
      "👤 /jolynn",
    ],
    level: "log",
  },
  {
    data: [
      "👤 /VirginiaWulf",
    ],
    level: "log",
  },
  {
    data: [
      "👤 /rolling-richi",
    ],
    level: "log",
  },
  {
    data: [
      "👤 /carstenheyer",
    ],
    level: "log",
  },
  {
    data: [
      "👤 /rusrusman557",
    ],
    level: "log",
  },
  {
    data: [
      "👤 /sylviemlynarz",
    ],
    level: "log",
  },
  {
    data: [
      "👤 /agnieszkazawada",
    ],
    level: "log",
  },
  {
    data: [
      "👤 /bensmith1989",
    ],
    level: "log",
  },
  {
    data: [
      "👤 /manjithkaini",
    ],
    level: "log",
  },
  {
    data: [
      "👤 /fredericmonin24",
    ],
    level: "log",
  },
  {
    data: [
      "👤 /julgales",
    ],
    level: "log",
  },
  {
    data: [
      "👤 /borsatofrank",
    ],
    level: "log",
  },
  {
    data: [
      "👤 /mirto1",
    ],
    level: "log",
  },
  {
    data: [
      "👤 /tpiorkowski",
    ],
    level: "log",
  },
  {
    data: [
      "👤 /hengkias3010",
    ],
    level: "log",
  },
  {
    data: [
      "👤 /nikkor80",
    ],
    level: "log",
  },
  {
    data: [
      "👤 /TakaT",
    ],
    level: "log",
  },
  {
    data: [
      "👤 /admiraljklee",
    ],
    level: "log",
  },
  {
    data: [
      "👤 /cliks66photography",
    ],
    level: "log",
  },
  {
    data: [
      "👤 /MakisBitos",
    ],
    level: "log",
  },
  {
    data: [
      "👤 /jacaphotos",
    ],
    level: "log",
  },
  {
    data: [
      "👤 /silvestreann",
    ],
    level: "log",
  },
  {
    data: [
      "👤 /Bernhardl123",
    ],
    level: "log",
  },
  {
    data: [
      "👤 /briangbs",
    ],
    level: "log",
  },
  {
    data: [
      "👤 /Nils_Rosacker",
    ],
    level: "log",
  },
  {
    data: [
      "👤 /robertodipatrizi",
    ],
    level: "log",
  },
  {
    data: [
      "👤 /marceloleal80",
    ],
    level: "log",
  },
  {
    data: [
      "👤 /sbc9",
    ],
    level: "log",
  },
  {
    data: [
      "👤 /yordman",
    ],
    level: "log",
  },
  {
    data: [
      "👤 /aksyonovvv",
    ],
    level: "log",
  },
  {
    data: [
      "👤 /kaauenwasser",
    ],
    level: "log",
  },
  {
    data: [
      "👤 /erkutpekcan",
    ],
    level: "log",
  },
  {
    data: [
      "👤 /aoxiuwy2345",
    ],
    level: "log",
  },
  {
    data: [
      "👤 /koenigpk",
    ],
    level: "log",
  },
  {
    data: [
      "👤 /Click-Manchester",
    ],
    level: "log",
  },
  {
    data: [
      "👤 /kpinparis",
    ],
    level: "log",
  },
  {
    data: [
      "👤 /pema1",
    ],
    level: "log",
  },
  {
    data: [
      "👤 /Anandselvi",
    ],
    level: "log",
  },
  {
    data: [
      "👤 /RickE0215",
    ],
    level: "log",
  },
  {
    data: [
      "👤 /carlospelaezcampomanes",
    ],
    level: "log",
  },
  {
    data: [
      "👤 /nldms",
    ],
    level: "log",
  },
  {
    data: [
      "👤 /castanio",
    ],
    level: "log",
  },
  {
    data: [
      "👤 /alextalyuka",
    ],
    level: "log",
  },
  {
    data: [
      "👤 /Skif-Bospor",
    ],
    level: "log",
  },
  {
    data: [
      "👤 /kurucomex",
    ],
    level: "log",
  },
  {
    data: [
      "👤 /paolocarlolunni",
    ],
    level: "log",
  },
  {
    data: [
      "👤 /pierrecorriveau",
    ],
    level: "log",
  },
  {
    data: [
      "👤 /Photowolle",
    ],
    level: "log",
  },
  {
    data: [
      "👤 /waldemar-fotler",
    ],
    level: "log",
  },
  {
    data: [
      "👤 /eroest",
    ],
    level: "log",
  },
  {
    data: [
      "👤 /brennglas",
    ],
    level: "log",
  },
  {
    data: [
      "👤 /aqua_egeo",
    ],
    level: "log",
  },
  {
    data: [
      "👤 /robertzcliao",
    ],
    level: "log",
  },
  {
    data: [
      "👤 /robertferda",
    ],
    level: "log",
  },
  {
    data: [
      "👤 /hilals",
    ],
    level: "log",
  },
  {
    data: [
      "👤 /siruntang",
    ],
    level: "log",
  },
  {
    data: [
      "👤 /JefreeShalev",
    ],
    level: "log",
  },
  {
    data: [
      "👤 /Epphoto",
    ],
    level: "log",
  },
  {
    data: [
      "👤 /majumarpaung",
    ],
    level: "log",
  },
  {
    data: [
      "👤 /prokhorovvict",
    ],
    level: "log",
  },
  {
    data: [
      "👤 /marek_wojnar",
    ],
    level: "log",
  },
  {
    data: [
      "👤 /sanddbanakas",
    ],
    level: "log",
  },
  {
    data: [
      "👤 /ceja",
    ],
    level: "log",
  },
  {
    data: [
      "👤 /raymonddusoulier",
    ],
    level: "log",
  },
  {
    data: [
      "👤 /danny_key",
    ],
    level: "log",
  },
  {
    data: [
      "👤 /antoniogoar",
    ],
    level: "log",
  },
  {
    data: [
      "👤 /andrreuter",
    ],
    level: "log",
  },
  {
    data: [
      "👤 /ChuljinChung",
    ],
    level: "log",
  },
  {
    data: [
      "👤 /aleks_zhorro",
    ],
    level: "log",
  },
  {
    data: [
      "👤 /HakanEliacik",
    ],
    level: "log",
  },
  {
    data: [
      "👤 /celtarro",
    ],
    level: "log",
  },
  {
    data: [
      "👤 /sdfmedia",
    ],
    level: "log",
  },
  {
    data: [
      "👤 /vznakomov1",
    ],
    level: "log",
  },
  {
    data: [
      "👤 /chesinistefano",
    ],
    level: "log",
  },
  {
    data: [
      "👤 /mehranzehtab",
    ],
    level: "log",
  },
  {
    data: [
      "👤 /bosaknaturephotography",
    ],
    level: "log",
  },
  {
    data: [
      "👤 /serendipixy",
    ],
    level: "log",
  },
  {
    data: [
      "👤 /AnishDaryani",
    ],
    level: "log",
  },
  {
    data: [
      "👤 /moniqueverlouwfotografie",
    ],
    level: "log",
  },
  {
    data: [
      "👤 /deslandesherve",
    ],
    level: "log",
  },
  {
    data: [
      "👤 /Nonoos",
    ],
    level: "log",
  },
  {
    data: [
      "👤 /jonnybp",
    ],
    level: "log",
  },
  {
    data: [
      "👤 /joysiberia",
    ],
    level: "log",
  },
  {
    data: [
      "👤 /ire57",
    ],
    level: "log",
  },
  {
    data: [
      "👤 /narcisros",
    ],
    level: "log",
  },
  {
    data: [
      "👤 /p_mateus",
    ],
    level: "log",
  },
  {
    data: [
      "👤 /FRdPhotography",
    ],
    level: "log",
  },
  {
    data: [
      "👤 /gautamdevan",
    ],
    level: "log",
  },
  {
    data: [
      "👤 /CezaryKotarski",
    ],
    level: "log",
  },
  {
    data: [
      "👤 /martinlangphotography",
    ],
    level: "log",
  },
  {
    data: [
      "👤 /dgt",
    ],
    level: "log",
  },
  {
    data: [
      "👤 /marc6634",
    ],
    level: "log",
  },
  {
    data: [
      "👤 /sautersphotos",
    ],
    level: "log",
  },
  {
    data: [
      "👤 /cabe6559",
    ],
    level: "log",
  },
  {
    data: [
      "👤 /rzerkine",
    ],
    level: "log",
  },
  {
    data: [
      "👤 /potatoe",
    ],
    level: "log",
  },
  {
    data: [
      "👤 /netpm",
    ],
    level: "log",
  },
  {
    data: [
      "👤 /YongKiPark",
    ],
    level: "log",
  },
  {
    data: [
      "👤 /fernandoglzsanz",
    ],
    level: "log",
  },
  {
    data: [
      "👤 /almacorres",
    ],
    level: "log",
  },
  {
    data: [
      "👤 /ErikRozman",
    ],
    level: "log",
  },
  {
    data: [
      "👤 /nobbyde",
    ],
    level: "log",
  },
  {
    data: [
      "👤 /bc-foto",
    ],
    level: "log",
  },
  {
    data: [
      "👤 /JamesMills1",
    ],
    level: "log",
  },
  {
    data: [
      "👤 /lebeauserge",
    ],
    level: "log",
  },
  {
    data: [
      "👤 /incheye19711",
    ],
    level: "log",
  },
  {
    data: [
      "👤 /realgear_ito",
    ],
    level: "log",
  },
  {
    data: [
      "👤 /tom_krop",
    ],
    level: "log",
  },
  {
    data: [
      "👤 /alainrenaudin",
    ],
    level: "log",
  },
  {
    data: [
      "👤 /yurich88",
    ],
    level: "log",
  },
  {
    data: [
      "👤 /rmz_vsl",
    ],
    level: "log",
  },
  {
    data: [
      "👤 /macieklew1964",
    ],
    level: "log",
  },
  {
    data: [
      "👤 /photosbyroxy",
    ],
    level: "log",
  },
  {
    data: [
      "👤 /silke-500",
    ],
    level: "log",
  },
  {
    data: [
      "👤 /MatteoSergo",
    ],
    level: "log",
  },
  {
    data: [
      "👤 /shiggernackihoo",
    ],
    level: "log",
  },
  {
    data: [
      "👤 /artofck_photo",
    ],
    level: "log",
  },
  {
    data: [
      "👤 /mickevmix",
    ],
    level: "log",
  },
  {
    data: [
      "👤 /enricoyamada",
    ],
    level: "log",
  },
  {
    data: [
      "👤 /nea144",
    ],
    level: "log",
  },
  {
    data: [
      "👤 /YellowPuschl",
    ],
    level: "log",
  },
  {
    data: [
      "👤 /rienkwithaar",
    ],
    level: "log",
  },
  {
    data: [
      "👤 /pgsdeepak",
    ],
    level: "log",
  },
  {
    data: [
      "👤 /morganestudio",
    ],
    level: "log",
  },
  {
    data: [
      "👤 /HildaMurray",
    ],
    level: "log",
  },
  {
    data: [
      "👤 /jbxinc",
    ],
    level: "log",
  },
  {
    data: [
      "👤 /drsmartvank",
    ],
    level: "log",
  },
  {
    data: [
      "👤 /profgt",
    ],
    level: "log",
  },
  {
    data: [
      "👤 /patnuti",
    ],
    level: "log",
  },
  {
    data: [
      "👤 /kefas71",
    ],
    level: "log",
  },
  {
    data: [
      "👤 /brissonmichel59",
    ],
    level: "log",
  },
  {
    data: [
      "👤 /kkarnsomdee",
    ],
    level: "log",
  },
  {
    data: [
      "👤 /liehwanshen",
    ],
    level: "log",
  },
  {
    data: [
      "👤 /MikeMatthews1",
    ],
    level: "log",
  },
  {
    data: [
      "👤 /Stavros",
    ],
    level: "log",
  },
  {
    data: [
      "👤 /takashi1578",
    ],
    level: "log",
  },
  {
    data: [
      "👤 /rouke",
    ],
    level: "log",
  },
  {
    data: [
      "👤 /maschisuisse",
    ],
    level: "log",
  },
  {
    data: [
      "👤 /nasi1978masi",
    ],
    level: "log",
  },
  {
    data: [
      "👤 /not_vincent_v_boudoir2",
    ],
    level: "log",
  },
  {
    data: [
      "👤 /antti8",
    ],
    level: "log",
  },
  {
    data: [
      "👤 /emonzonpx",
    ],
    level: "log",
  },
  {
    data: [
      "👤 /christinehwong",
    ],
    level: "log",
  },
  {
    data: [
      "👤 /CharlesLafrance",
    ],
    level: "log",
  },
  {
    data: [
      "👤 /claus-dietercramer",
    ],
    level: "log",
  },
  {
    data: [
      "👤 /haeuserer280",
    ],
    level: "log",
  },
  {
    data: [
      "👤 /ChuchoHerrera",
    ],
    level: "log",
  },
  {
    data: [
      "👤 /MaksimDubinsky",
    ],
    level: "log",
  },
  {
    data: [
      "👤 /brjushkovstas",
    ],
    level: "log",
  },
  {
    data: [
      "👤 /MikkHolst",
    ],
    level: "log",
  },
  {
    data: [
      "👤 /mrgfck",
    ],
    level: "log",
  },
  {
    data: [
      "👤 /federico_loddo",
    ],
    level: "log",
  },
  {
    data: [
      "👤 /savladi",
    ],
    level: "log",
  },
  {
    data: [
      "👤 /arshad60as",
    ],
    level: "log",
  },
  {
    data: [
      "👤 /tsimgar",
    ],
    level: "log",
  },
  {
    data: [
      "👤 /taffonistefano",
    ],
    level: "log",
  },
  {
    data: [
      "👤 /ToruKona",
    ],
    level: "log",
  },
  {
    data: [
      "👤 /kejowh",
    ],
    level: "log",
  },
  {
    data: [
      "👤 /oumafu",
    ],
    level: "log",
  },
  {
    data: [
      "👤 /toyogracor",
    ],
    level: "log",
  },
  {
    data: [
      "👤 /phiroyer71",
    ],
    level: "log",
  },
  {
    data: [
      "👤 /morgannchauveau",
    ],
    level: "log",
  },
  {
    data: [
      "👤 /info373",
    ],
    level: "log",
  },
  {
    data: [
      "👤 /querformat",
    ],
    level: "log",
  },
  {
    data: [
      "👤 /insiteimage",
    ],
    level: "log",
  },
  {
    data: [
      "👤 /Shotti",
    ],
    level: "log",
  },
  {
    data: [
      "👤 /bogee0968778808",
    ],
    level: "log",
  },
  {
    data: [
      "👤 /baizu",
    ],
    level: "log",
  },
  {
    data: [
      "👤 /michael-A",
    ],
    level: "log",
  },
  {
    data: [
      "👤 /ivarabei",
    ],
    level: "log",
  },
  {
    data: [
      "👤 /aw8872",
    ],
    level: "log",
  },
  {
    data: [
      "👤 /rickgraham2043",
    ],
    level: "log",
  },
  {
    data: [
      "👤 /jaeyoun",
    ],
    level: "log",
  },
  {
    data: [
      "👤 /palabra",
    ],
    level: "log",
  },
  {
    data: [
      "👤 /wallywohh",
    ],
    level: "log",
  },
  {
    data: [
      "👤 /YiannisPavlis",
    ],
    level: "log",
  },
  {
    data: [
      "👤 /izotavares1",
    ],
    level: "log",
  },
  {
    data: [
      "👤 /thomas361",
    ],
    level: "log",
  },
  {
    data: [
      "👤 /SughaBapodara",
    ],
    level: "log",
  },
  {
    data: [
      "👤 /jeromecolombophotography",
    ],
    level: "log",
  },
  {
    data: [
      "👤 /smuses",
    ],
    level: "log",
  },
  {
    data: [
      "👤 /bljbeuwer",
    ],
    level: "log",
  },
  {
    data: [
      "👤 /gildasio_lima",
    ],
    level: "log",
  },
  {
    data: [
      "👤 /karl_die_bildermacherin",
    ],
    level: "log",
  },
  {
    data: [
      "👤 /bajamcmillans",
    ],
    level: "log",
  },
  {
    data: [
      "👤 /antonio_leao",
    ],
    level: "log",
  },
  {
    data: [
      "👤 /ismailcalli",
    ],
    level: "log",
  },
  {
    data: [
      "👤 /juliendelaval",
    ],
    level: "log",
  },
  {
    data: [
      "👤 /Nordhaug-photography",
    ],
    level: "log",
  },
  {
    data: [
      "👤 /jwnma",
    ],
    level: "log",
  },
  {
    data: [
      "👤 /desertfoxalex1",
    ],
    level: "log",
  },
  {
    data: [
      "👤 /benymd0114",
    ],
    level: "log",
  },
  {
    data: [
      "👤 /kamarainen52",
    ],
    level: "log",
  },
  {
    data: [
      "👤 /johnstockill85",
    ],
    level: "log",
  },
  {
    data: [
      "👤 /beauties-and-more",
    ],
    level: "log",
  },
  {
    data: [
      "👤 /firefly__",
    ],
    level: "log",
  },
  {
    data: [
      "👤 /MagdaBrzozowska",
    ],
    level: "log",
  },
  {
    data: [
      "👤 /justgin",
    ],
    level: "log",
  },
  {
    data: [
      "👤 /JanWillemsen",
    ],
    level: "log",
  },
  {
    data: [
      "👤 /chepburn03",
    ],
    level: "log",
  },
  {
    data: [
      "👤 /bahutofotografia",
    ],
    level: "log",
  },
  {
    data: [
      "👤 /fotissima",
    ],
    level: "log",
  },
  {
    data: [
      "👤 /michalszuminski",
    ],
    level: "log",
  },
  {
    data: [
      "👤 /acguthrie",
    ],
    level: "log",
  },
  {
    data: [
      "👤 /jeanpaulgauer",
    ],
    level: "log",
  },
  {
    data: [
      "👤 /mikromakro",
    ],
    level: "log",
  },
  {
    data: [
      "👤 /soljaris99",
    ],
    level: "log",
  },
  {
    data: [
      "👤 /nicola_tumino",
    ],
    level: "log",
  },
  {
    data: [
      "👤 /MakHoy",
    ],
    level: "log",
  },
  {
    data: [
      "👤 /jeancadic",
    ],
    level: "log",
  },
  {
    data: [
      "👤 /cvandolleweerd",
    ],
    level: "log",
  },
  {
    data: [
      "👤 /petterifalck",
    ],
    level: "log",
  },
  {
    data: [
      "👤 /osorojo901",
    ],
    level: "log",
  },
  {
    data: [
      "👤 /fotomac1763",
    ],
    level: "log",
  },
  {
    data: [
      "👤 /delarrenicolas",
    ],
    level: "log",
  },
  {
    data: [
      "👤 /pag52",
    ],
    level: "log",
  },
  {
    data: [
      "👤 /SeaStackJohn",
    ],
    level: "log",
  },
  {
    data: [
      "👤 /danilocfaria",
    ],
    level: "log",
  },
  {
    data: [
      "👤 /muntsajoan1988",
    ],
    level: "log",
  },
  {
    data: [
      "👤 /dinhan1909",
    ],
    level: "log",
  },
  {
    data: [
      "👤 /rodla",
    ],
    level: "log",
  },
  {
    data: [
      "👤 /ol1972",
    ],
    level: "log",
  },
  {
    data: [
      "👤 /donev",
    ],
    level: "log",
  },
  {
    data: [
      "👤 /magomezmarquez",
    ],
    level: "log",
  },
  {
    data: [
      "👤 /The-Perfect-Century",
    ],
    level: "log",
  },
  {
    data: [
      "👤 /mncc011",
    ],
    level: "log",
  },
  {
    data: [
      "👤 /corot2",
    ],
    level: "log",
  },
  {
    data: [
      "👤 /zachar",
    ],
    level: "log",
  },
  {
    data: [
      "👤 /eliogiannicchi",
    ],
    level: "log",
  },
  {
    data: [
      "👤 /priiteinbaum",
    ],
    level: "log",
  },
  {
    data: [
      "👤 /jorbarbo416",
    ],
    level: "log",
  },
  {
    data: [
      "👤 /dwaite1",
    ],
    level: "log",
  },
  {
    data: [
      "👤 /mercury007",
    ],
    level: "log",
  },
  {
    data: [
      "👤 /DantePodenzana",
    ],
    level: "log",
  },
  {
    data: [
      "👤 /karpett",
    ],
    level: "log",
  },
  {
    data: [
      "👤 /pikodiribibi",
    ],
    level: "log",
  },
  {
    data: [
      "👤 /ismailkelly61",
    ],
    level: "log",
  },
  {
    data: [
      "👤 /gianfrancosato",
    ],
    level: "log",
  },
  {
    data: [
      "👤 /Manfredmanni1",
    ],
    level: "log",
  },
  {
    data: [
      "👤 /jxwliu",
    ],
    level: "log",
  },
  {
    data: [
      "👤 /damaz74",
    ],
    level: "log",
  },
  {
    data: [
      "👤 /Chrisco77",
    ],
    level: "log",
  },
  {
    data: [
      "👤 /pjfry76",
    ],
    level: "log",
  },
  {
    data: [
      "👤 /MarkSZ",
    ],
    level: "log",
  },
  {
    data: [
      "👤 /ramses1421",
    ],
    level: "log",
  },
  {
    data: [
      "👤 /kareldrozda1",
    ],
    level: "log",
  },
  {
    data: [
      "👤 /kovac58",
    ],
    level: "log",
  },
  {
    data: [
      "👤 /hoegerbenjamin",
    ],
    level: "log",
  },
  {
    data: [
      "👤 /TomShacochis",
    ],
    level: "log",
  },
  {
    data: [
      "👤 /riccardoportigliatti",
    ],
    level: "log",
  },
  {
    data: [
      "👤 /arsenyy",
    ],
    level: "log",
  },
  {
    data: [
      "👤 /ianhaycox",
    ],
    level: "log",
  },
  {
    data: [
      "👤 /athanasio",
    ],
    level: "log",
  },
  {
    data: [
      "👤 /iakovlev",
    ],
    level: "log",
  },
  {
    data: [
      "👤 /mcolvin1",
    ],
    level: "log",
  },
  {
    data: [
      "👤 /JuanLuisOlaetaMendiola",
    ],
    level: "log",
  },
  {
    data: [
      "👤 /schattenlicht",
    ],
    level: "log",
  },
  {
    data: [
      "👤 /ankebutawitsch",
    ],
    level: "log",
  },
  {
    data: [
      "👤 /WayOutEast",
    ],
    level: "log",
  },
  {
    data: [
      "👤 /pelle_westberg",
    ],
    level: "log",
  },
  {
    data: [
      "👤 /karlosch1",
    ],
    level: "log",
  },
  {
    data: [
      "👤 /sinisastrkalj",
    ],
    level: "log",
  },
  {
    data: [
      "👤 /piotr55",
    ],
    level: "log",
  },
  {
    data: [
      "👤 /domau63",
    ],
    level: "log",
  },
  {
    data: [
      "👤 /Richard-Fiala",
    ],
    level: "log",
  },
  {
    data: [
      "👤 /jyool5",
    ],
    level: "log",
  },
  {
    data: [
      "👤 /gtautomation",
    ],
    level: "log",
  },
  {
    data: [
      "👤 /jnovak",
    ],
    level: "log",
  },
  {
    data: [
      "👤 /cwogofoto",
    ],
    level: "log",
  },
  {
    data: [
      "👤 /lieneh",
    ],
    level: "log",
  },
  {
    data: [
      "👤 /andersloost",
    ],
    level: "log",
  },
  {
    data: [
      "👤 /oitamooo",
    ],
    level: "log",
  },
  {
    data: [
      "👤 /pammy1140",
    ],
    level: "log",
  },
  {
    data: [
      "👤 /TeryKhi",
    ],
    level: "log",
  },
  {
    data: [
      "👤 /Chris_de_Visser",
    ],
    level: "log",
  },
  {
    data: [
      "👤 /audiethornburg",
    ],
    level: "log",
  },
  {
    data: [
      "👤 /geneoryxb",
    ],
    level: "log",
  },
  {
    data: [
      "👤 /griecheaufsee",
    ],
    level: "log",
  },
  {
    data: [
      "👤 /gianluigibonomini",
    ],
    level: "log",
  },
  {
    data: [
      "👤 /jmatzerath",
    ],
    level: "log",
  },
  {
    data: [
      "👤 /rb1907",
    ],
    level: "log",
  },
  {
    data: [
      "👤 /axp7884",
    ],
    level: "log",
  },
  {
    data: [
      "👤 /zhangning",
    ],
    level: "log",
  },
  {
    data: [
      "👤 /sanpaladino",
    ],
    level: "log",
  },
  {
    data: [
      "👤 /gzulike",
    ],
    level: "log",
  },
  {
    data: [
      "👤 /KMazaraki",
    ],
    level: "log",
  },
  {
    data: [
      "👤 /abbfilm",
    ],
    level: "log",
  },
  {
    data: [
      "👤 /stomath",
    ],
    level: "log",
  },
  {
    data: [
      "👤 /yadhavan2002",
    ],
    level: "log",
  },
  {
    data: [
      "👤 /fedoseev1952",
    ],
    level: "log",
  },
  {
    data: [
      "👤 /free3yourmind",
    ],
    level: "log",
  },
  {
    data: [
      "👤 /loramulle",
    ],
    level: "log",
  },
  {
    data: [
      "👤 /wazizakrisno",
    ],
    level: "log",
  },
  {
    data: [
      "👤 /veroulik92",
    ],
    level: "log",
  },
  {
    data: [
      "👤 /monevasionamoi",
    ],
    level: "log",
  },
  {
    data: [
      "👤 /huseyinokten",
    ],
    level: "log",
  },
  {
    data: [
      "👤 /davelally03",
    ],
    level: "log",
  },
  {
    data: [
      "👤 /DashaMari",
    ],
    level: "log",
  },
  {
    data: [
      "👤 /Darius_Jankauskas",
    ],
    level: "log",
  },
  {
    data: [
      "👤 /roberto_pazzi",
    ],
    level: "log",
  },
  {
    data: [
      "👤 /irinkamatkovskaa",
    ],
    level: "log",
  },
  {
    data: [
      "👤 /helmuthenninger",
    ],
    level: "log",
  },
  {
    data: [
      "👤 /parin_photo",
    ],
    level: "log",
  },
  {
    data: [
      "👤 /enriquemoyafotografia",
    ],
    level: "log",
  },
  {
    data: [
      "👤 /rkrueper",
    ],
    level: "log",
  },
  {
    data: [
      "👤 /HeimirHoffritz",
    ],
    level: "log",
  },
  {
    data: [
      "👤 /josemanuelsuarez",
    ],
    level: "log",
  },
  {
    data: [
      "👤 /pascaljordan2",
    ],
    level: "log",
  },
  {
    data: [
      "👤 /cand_in_the_sky",
    ],
    level: "log",
  },
  {
    data: [
      "👤 /claudiastoesser_photography",
    ],
    level: "log",
  },
  {
    data: [
      "👤 /anouar19dz",
    ],
    level: "log",
  },
  {
    data: [
      "👤 /rholcomb29",
    ],
    level: "log",
  },
  {
    data: [
      "👤 /maratneva",
    ],
    level: "log",
  },
  {
    data: [
      "👤 /christos_lamprianidis",
    ],
    level: "log",
  },
  {
    data: [
      "👤 /Walde",
    ],
    level: "log",
  },
  {
    data: [
      "👤 /patricianicoloso",
    ],
    level: "log",
  },
  {
    data: [
      "👤 /allatabashnikova",
    ],
    level: "log",
  },
  {
    data: [
      "👤 /koisjiri",
    ],
    level: "log",
  },
  {
    data: [
      "👤 /canbaz_72",
    ],
    level: "log",
  },
  {
    data: [
      "👤 /tog_foto",
    ],
    level: "log",
  },
  {
    data: [
      "👤 /jerry_nowicki",
    ],
    level: "log",
  },
  {
    data: [
      "👤 /alfonso_st",
    ],
    level: "log",
  },
  {
    data: [
      "👤 /markus_kaller",
    ],
    level: "log",
  },
  {
    data: [
      "👤 /DIBREIN",
    ],
    level: "log",
  },
  {
    data: [
      "👤 /escuarabacho",
    ],
    level: "log",
  },
  {
    data: [
      "👤 /PiterPan1",
    ],
    level: "log",
  },
  {
    data: [
      "👤 /ricandxi",
    ],
    level: "log",
  },
  {
    data: [
      "👤 /alimirpur",
    ],
    level: "log",
  },
  {
    data: [
      "👤 /skd3260",
    ],
    level: "log",
  },
  {
    data: [
      "👤 /bittermonkmt",
    ],
    level: "log",
  },
  {
    data: [
      "👤 /WiliamPereiraCarneiro",
    ],
    level: "log",
  },
  {
    data: [
      "👤 /qxw5tkzndd",
    ],
    level: "log",
  },
  {
    data: [
      "👤 /duboisjohan",
    ],
    level: "log",
  },
  {
    data: [
      "👤 /glbN",
    ],
    level: "log",
  },
  {
    data: [
      "👤 /wilsontrevor1607",
    ],
    level: "log",
  },
  {
    data: [
      "👤 /edtsousa",
    ],
    level: "log",
  },
  {
    data: [
      "👤 /deddynova10",
    ],
    level: "log",
  },
  {
    data: [
      "👤 /Weird_and_Gilly",
    ],
    level: "log",
  },
  {
    data: [
      "👤 /Juergen_Daum",
    ],
    level: "log",
  },
  {
    data: [
      "👤 /bobjsa",
    ],
    level: "log",
  },
  {
    data: [
      "👤 /MarcelHudeek",
    ],
    level: "log",
  },
  {
    data: [
      "👤 /vernon29",
    ],
    level: "log",
  },
  {
    data: [
      "👤 /Garik65",
    ],
    level: "log",
  },
  {
    data: [
      "👤 /fotopeter45",
    ],
    level: "log",
  },
  {
    data: [
      "👤 /radson_foto",
    ],
    level: "log",
  },
  {
    data: [
      "👤 /adrianwombwell",
    ],
    level: "log",
  },
  {
    data: [
      "👤 /sirgeorgephoto",
    ],
    level: "log",
  },
  {
    data: [
      "👤 /volodymyr_lobach",
    ],
    level: "log",
  },
  {
    data: [
      "👤 /byok_perspectives",
    ],
    level: "log",
  },
  {
    data: [
      "👤 /basujayanta0",
    ],
    level: "log",
  },
  {
    data: [
      "👤 /shoyeb_007",
    ],
    level: "log",
  },
  {
    data: [
      "👤 /outisbox",
    ],
    level: "log",
  },
  {
    data: [
      "👤 /mreyfman",
    ],
    level: "log",
  },
  {
    data: [
      "👤 /annnevreva",
    ],
    level: "log",
  },
  {
    data: [
      "👤 /gyulakaszas69",
    ],
    level: "log",
  },
  {
    data: [
      "👤 /MarkBowditch",
    ],
    level: "log",
  },
  {
    data: [
      "👤 /sudip6",
    ],
    level: "log",
  },
  {
    data: [
      "👤 /hwfotografie",
    ],
    level: "log",
  },
  {
    data: [
      "👤 /Andreas1705",
    ],
    level: "log",
  },
  {
    data: [
      "👤 /davidlund14",
    ],
    level: "log",
  },
  {
    data: [
      "👤 /stevehandy",
    ],
    level: "log",
  },
  {
    data: [
      "👤 /Narrenlicht",
    ],
    level: "log",
  },
  {
    data: [
      "👤 /iavarela18",
    ],
    level: "log",
  },
  {
    data: [
      "👤 /behak",
    ],
    level: "log",
  },
  {
    data: [
      "👤 /trefore",
    ],
    level: "log",
  },
  {
    data: [
      "👤 /duke_saito",
    ],
    level: "log",
  },
  {
    data: [
      "👤 /wh_foto",
    ],
    level: "log",
  },
  {
    data: [
      "👤 /nurkholismajid170",
    ],
    level: "log",
  },
  {
    data: [
      "👤 /artenco",
    ],
    level: "log",
  },
  {
    data: [
      "👤 /jeffbernhardt",
    ],
    level: "log",
  },
  {
    data: [
      "👤 /ahtamar",
    ],
    level: "log",
  },
  {
    data: [
      "👤 /Rafael_Sanchez_Sanchez",
    ],
    level: "log",
  },
  {
    data: [
      "👤 /michaelbottari",
    ],
    level: "log",
  },
  {
    data: [
      "👤 /johnamm",
    ],
    level: "log",
  },
  {
    data: [
      "👤 /qmugnaini",
    ],
    level: "log",
  },
  {
    data: [
      "👤 /LavanSJ",
    ],
    level: "log",
  },
  {
    data: [
      "👤 /susanacarrasco21",
    ],
    level: "log",
  },
  {
    data: [
      "👤 /stefanocaporali",
    ],
    level: "log",
  },
  {
    data: [
      "👤 /KrzysztofNitarski",
    ],
    level: "log",
  },
  {
    data: [
      "👤 /stewartnaturephotographer",
    ],
    level: "log",
  },
  {
    data: [
      "👤 /topmar",
    ],
    level: "log",
  },
  {
    data: [
      "👤 /magdaindigo",
    ],
    level: "log",
  },
  {
    data: [
      "👤 /yankelevichnatalia",
    ],
    level: "log",
  },
  {
    data: [
      "👤 /lucek12",
    ],
    level: "log",
  },
  {
    data: [
      "👤 /markuskraemer9",
    ],
    level: "log",
  },
  {
    data: [
      "👤 /MilanMisic",
    ],
    level: "log",
  },
  {
    data: [
      "👤 /sl2010vinter",
    ],
    level: "log",
  },
  {
    data: [
      "👤 /bmasters1",
    ],
    level: "log",
  },
  {
    data: [
      "👤 /KALAYCI46",
    ],
    level: "log",
  },
  {
    data: [
      "👤 /JoseThompson",
    ],
    level: "log",
  },
  {
    data: [
      "👤 /sergiofernandes6767",
    ],
    level: "log",
  },
  {
    data: [
      "👤 /qqeczek",
    ],
    level: "log",
  },
  {
    data: [
      "👤 /ayie",
    ],
    level: "log",
  },
  {
    data: [
      "👤 /candophotography1",
    ],
    level: "log",
  },
  {
    data: [
      "👤 /gon4arotatyana",
    ],
    level: "log",
  },
  {
    data: [
      "👤 /wilderphoto",
    ],
    level: "log",
  },
  {
    data: [
      "👤 /fernanms",
    ],
    level: "log",
  },
  {
    data: [
      "👤 /ocho56",
    ],
    level: "log",
  },
  {
    data: [
      "👤 /paulkeates",
    ],
    level: "log",
  },
  {
    data: [
      "👤 /al-photolab",
    ],
    level: "log",
  },
  {
    data: [
      "👤 /prtrt",
    ],
    level: "log",
  },
  {
    data: [
      "👤 /emmanuelgmoral",
    ],
    level: "log",
  },
  {
    data: [
      "👤 /mcgoesel",
    ],
    level: "log",
  },
  {
    data: [
      "👤 /barrycrosthwaite",
    ],
    level: "log",
  },
]
`;

snapshot[`500px follows <username> 1`] = `
[
  {
    data: [
      "👤 Following 264 people.",
    ],
    level: "log",
  },
  {
    data: [
      "👤 Followed by 125 people.",
    ],
    level: "log",
  },
]
`;

snapshot[`500px photos <username> 1`] = `
[
  {
    data: [
      "🏞️ Serpent Spectation             📈89.8 ❤️ 81  👁️ 1383
🏞️ Dawn of Revelation             📈90.7 ❤️ 113 👁️ 1246
🏞️ Coordinating Phoenix           📈91.1 ❤️ 124 👁️ 1157
🏞️ Architectural Lasagna          📈91.9 ❤️ 169 👁️ 1211
🏞️ Big Spike Policy               📈76.2 ❤️ 132 👁️ 371 
🏞️ Soft and Sharp                 📈70.5 ❤️ 117 👁️ 368 
🏞️ Collective Memory              📈67.6 ❤️ 97  👁️ 117 
🏞️ Urban Luminescence             📈68.3 ❤️ 114 👁️ 136 
🏞️ Reflexive Dome                 📈67.6 ❤️ 104 👁️ 163 
🏞️ Enforced Silence               📈64.2 ❤️ 71  👁️ 229 
🏞️ Foraging Nectar                📈58.3 ❤️ 49  👁️ 211 
🏞️ Observed Narration             📈60.8 ❤️ 48  👁️ 143 
🏞️ Future Blues                   📈44.4 ❤️ 58  👁️ 176 
🏞️ Bridge to Serenity             📈42.9 ❤️ 46  👁️ 105 
🏞️ Greyhound Glimpse              📈47.3 ❤️ 44  👁️ 148 
🏞️ Guardian Panes                 📈63.1 ❤️ 61  👁️ 146 
🏞️ Iron Giant                     📈57.3 ❤️ 38  👁️ 130 
🏞️ Prickly Persona                📈58.9 ❤️ 40  👁️ 146 
🏞️ Poolside Pink                  📈39.8 ❤️ 30  👁️ 138 
🏞️ Tire and Throne                📈52.8 ❤️ 40  👁️ 99  
🏞️ Clouds and Steel               📈40.8 ❤️ 34  👁️ 84  
🏞️ Cosmic Encounter               📈38   ❤️ 25  👁️ 91  
🏞️ Tour de Facade                 📈37   ❤️ 22  👁️ 96  
🏞️ Imagined Breakthrough Mornings 📈31.9 ❤️ 15  👁️ 93  
🏞️ London Figaro                  📈46.2 ❤️ 34  👁️ 77  
🏞️ Submerged Cyclist              📈36.3 ❤️ 17  👁️ 92  
🏞️ Cloudcraft                     📈34.6 ❤️ 18  👁️ 86  
🏞️ Dawn of Flight                 📈41.5 ❤️ 15  👁️ 63  
🏞️ Wheel in the Sky               📈36.1 ❤️ 21  👁️ 68  
🏞️ Sphere of Perfection           📈35.7 ❤️ 18  👁️ 94  ",
    ],
    level: "log",
  },
]
`;
