export const snapshot = {};

snapshot[`500px --help 1`] = `
[
  {
    data: [
      "
Usage: 500px <command> [options]

Description:

  Interact with 500px.

Options:

  -h, --help  - Show this help.  

Commands:

  discover              - Prints a list of active and high quality users on 500px.
  follows   <username>  - Prints follower information on 500px.                   
  photos    <username>  - Prints the list of photos for a 500px user.             
",
    ],
    level: "log",
  },
]
`;

snapshot[`500px discover --help 1`] = `
[
  {
    data: [
      '
Usage: 500px discover

Description:

  Prints a list of active and high quality users on 500px.

Options:

  -h, --help              - Show this help.                                                                         
  --category  <category>  - Categories to filter results on.   (Values: "celebrities", "film", "journalism", "nude",
                                                               "black-and-white", "still-life", "people",           
                                                               "landscapes", "city-and-architecture", "abstract",   
                                                               "animals", "macro", "travel", "fashion",             
                                                               "commercial", "concert", "sport", "nature",          
                                                               "performing-arts", "family", "street", "underwater", 
                                                               "food", "fine-art", "wedding", "transportation",     
                                                               "aerial", "urban-exploration", "night", "boudoir",   
                                                               "other")                                             
  --json                  - Output the list of users as JSON.                                                       

Examples:

  500px discover                                 Prints a list of users with high scored photos.
  500px discover --filter food                   Finds food photographers.                      
  500px discover --filter macro --filter animals Either category.                               
  500px discover --json | jq                     Query users as JSON.                           
',
    ],
    level: "log",
  },
]
`;

snapshot[`500px discover 1`] = `
[
  {
    data: [
      "👤 /leopapera",
    ],
    level: "log",
  },
  {
    data: [
      "👤 /tenchinage",
    ],
    level: "log",
  },
  {
    data: [
      "👤 /fabiocrivelli",
    ],
    level: "log",
  },
  {
    data: [
      "👤 /bisignano",
    ],
    level: "log",
  },
  {
    data: [
      "👤 /Saintek",
    ],
    level: "log",
  },
  {
    data: [
      "👤 /zachar",
    ],
    level: "log",
  },
  {
    data: [
      "👤 /Ricardo_Mateus",
    ],
    level: "log",
  },
  {
    data: [
      "👤 /carstenmeyerdierks",
    ],
    level: "log",
  },
  {
    data: [
      "👤 /Adaggio",
    ],
    level: "log",
  },
  {
    data: [
      "👤 /YiannisPavlis",
    ],
    level: "log",
  },
  {
    data: [
      "👤 /andydauer",
    ],
    level: "log",
  },
  {
    data: [
      "👤 /wilsontrevor1607",
    ],
    level: "log",
  },
  {
    data: [
      "👤 /sezar500px",
    ],
    level: "log",
  },
  {
    data: [
      "👤 /JosuPerianes",
    ],
    level: "log",
  },
  {
    data: [
      "👤 /fabriziocasale",
    ],
    level: "log",
  },
  {
    data: [
      "👤 /hanspeter99",
    ],
    level: "log",
  },
  {
    data: [
      "👤 /lichtzeichnung",
    ],
    level: "log",
  },
  {
    data: [
      "👤 /cotti_gaiser",
    ],
    level: "log",
  },
  {
    data: [
      "👤 /KosukeKurata",
    ],
    level: "log",
  },
  {
    data: [
      "👤 /wdny18",
    ],
    level: "log",
  },
  {
    data: [
      "👤 /MarkJones11",
    ],
    level: "log",
  },
  {
    data: [
      "👤 /peloor",
    ],
    level: "log",
  },
  {
    data: [
      "👤 /adyy_cam",
    ],
    level: "log",
  },
  {
    data: [
      "👤 /daniel_gastager",
    ],
    level: "log",
  },
  {
    data: [
      "👤 /expaulore",
    ],
    level: "log",
  },
  {
    data: [
      "👤 /DTBPhotography",
    ],
    level: "log",
  },
  {
    data: [
      "👤 /dswindler",
    ],
    level: "log",
  },
  {
    data: [
      "👤 /lineirapineiro",
    ],
    level: "log",
  },
  {
    data: [
      "👤 /barrka",
    ],
    level: "log",
  },
  {
    data: [
      "👤 /zbyszekmakulski",
    ],
    level: "log",
  },
  {
    data: [
      "👤 /marekp",
    ],
    level: "log",
  },
  {
    data: [
      "👤 /susamiranda35",
    ],
    level: "log",
  },
  {
    data: [
      "👤 /matthias69fischer",
    ],
    level: "log",
  },
  {
    data: [
      "👤 /birdieslandscape",
    ],
    level: "log",
  },
  {
    data: [
      "👤 /dinabel",
    ],
    level: "log",
  },
  {
    data: [
      "👤 /didier_chowanek",
    ],
    level: "log",
  },
  {
    data: [
      "👤 /benny_bulke",
    ],
    level: "log",
  },
  {
    data: [
      "👤 /jeyjey262",
    ],
    level: "log",
  },
  {
    data: [
      "👤 /martinpodt",
    ],
    level: "log",
  },
  {
    data: [
      "👤 /aliakhezzan",
    ],
    level: "log",
  },
  {
    data: [
      "👤 /ruzhdiibrahimi",
    ],
    level: "log",
  },
  {
    data: [
      "👤 /essexwildlifephotography",
    ],
    level: "log",
  },
  {
    data: [
      "👤 /Kai-Z",
    ],
    level: "log",
  },
  {
    data: [
      "👤 /tsimgar",
    ],
    level: "log",
  },
  {
    data: [
      "👤 /Stathis-K",
    ],
    level: "log",
  },
  {
    data: [
      "👤 /subiyama",
    ],
    level: "log",
  },
  {
    data: [
      "👤 /3iceblue",
    ],
    level: "log",
  },
  {
    data: [
      "👤 /neculaicreanga",
    ],
    level: "log",
  },
  {
    data: [
      "👤 /cand_in_the_sky",
    ],
    level: "log",
  },
  {
    data: [
      "👤 /lostinwoodlands",
    ],
    level: "log",
  },
  {
    data: [
      "👤 /Mycatherina",
    ],
    level: "log",
  },
  {
    data: [
      "👤 /jose_orozco",
    ],
    level: "log",
  },
  {
    data: [
      "👤 /heleenklop",
    ],
    level: "log",
  },
  {
    data: [
      "👤 /pspct65",
    ],
    level: "log",
  },
  {
    data: [
      "👤 /leonhardleichtle",
    ],
    level: "log",
  },
  {
    data: [
      "👤 /chrisrhasenbichler",
    ],
    level: "log",
  },
  {
    data: [
      "👤 /gipanini",
    ],
    level: "log",
  },
  {
    data: [
      "👤 /Phil-Davson",
    ],
    level: "log",
  },
  {
    data: [
      "👤 /mariusnixdorf",
    ],
    level: "log",
  },
  {
    data: [
      "👤 /hwfotografie",
    ],
    level: "log",
  },
  {
    data: [
      "👤 /ElizabethE",
    ],
    level: "log",
  },
  {
    data: [
      "👤 /rafal_zmuda",
    ],
    level: "log",
  },
  {
    data: [
      "👤 /orhankilic1959",
    ],
    level: "log",
  },
  {
    data: [
      "👤 /reinbold-frank",
    ],
    level: "log",
  },
  {
    data: [
      "👤 /BarrieSpence",
    ],
    level: "log",
  },
  {
    data: [
      "👤 /PriyankGupta",
    ],
    level: "log",
  },
  {
    data: [
      "👤 /stebu1972",
    ],
    level: "log",
  },
  {
    data: [
      "👤 /LOANMAMO",
    ],
    level: "log",
  },
  {
    data: [
      "👤 /jaywu394",
    ],
    level: "log",
  },
  {
    data: [
      "👤 /revolutionaryfoodforhens",
    ],
    level: "log",
  },
  {
    data: [
      "👤 /mvanamerom",
    ],
    level: "log",
  },
  {
    data: [
      "👤 /koenjacobs",
    ],
    level: "log",
  },
  {
    data: [
      "👤 /terrypan",
    ],
    level: "log",
  },
  {
    data: [
      "👤 /andrei55",
    ],
    level: "log",
  },
  {
    data: [
      "👤 /stadtstreicherin",
    ],
    level: "log",
  },
  {
    data: [
      "👤 /H1inger",
    ],
    level: "log",
  },
  {
    data: [
      "👤 /hylobates",
    ],
    level: "log",
  },
  {
    data: [
      "👤 /ade66",
    ],
    level: "log",
  },
  {
    data: [
      "👤 /jnsconstable",
    ],
    level: "log",
  },
  {
    data: [
      "👤 /Lujo",
    ],
    level: "log",
  },
  {
    data: [
      "👤 /andi500",
    ],
    level: "log",
  },
  {
    data: [
      "👤 /arcachon70",
    ],
    level: "log",
  },
  {
    data: [
      "👤 /lucienermutova",
    ],
    level: "log",
  },
  {
    data: [
      "👤 /jrg_1963",
    ],
    level: "log",
  },
  {
    data: [
      "👤 /isabellargerich",
    ],
    level: "log",
  },
  {
    data: [
      "👤 /danipfister",
    ],
    level: "log",
  },
  {
    data: [
      "👤 /bonkoophotography",
    ],
    level: "log",
  },
  {
    data: [
      "👤 /MaureenMackenzie",
    ],
    level: "log",
  },
  {
    data: [
      "👤 /samaltofiq",
    ],
    level: "log",
  },
  {
    data: [
      "👤 /marcus171",
    ],
    level: "log",
  },
  {
    data: [
      "👤 /MehdiMokhtari",
    ],
    level: "log",
  },
  {
    data: [
      "👤 /Pentaxk3",
    ],
    level: "log",
  },
  {
    data: [
      "👤 /ingojanek1",
    ],
    level: "log",
  },
  {
    data: [
      "👤 /khoitran",
    ],
    level: "log",
  },
  {
    data: [
      "👤 /whiffle",
    ],
    level: "log",
  },
  {
    data: [
      "👤 /ert81266",
    ],
    level: "log",
  },
  {
    data: [
      "👤 /aajan",
    ],
    level: "log",
  },
  {
    data: [
      "👤 /alicjazmyslowska",
    ],
    level: "log",
  },
  {
    data: [
      "👤 /alfredoni",
    ],
    level: "log",
  },
  {
    data: [
      "👤 /oksmv72",
    ],
    level: "log",
  },
  {
    data: [
      "👤 /yupri_px",
    ],
    level: "log",
  },
  {
    data: [
      "👤 /PhotoXL",
    ],
    level: "log",
  },
  {
    data: [
      "👤 /MarioValentini",
    ],
    level: "log",
  },
  {
    data: [
      "👤 /erichbucher",
    ],
    level: "log",
  },
  {
    data: [
      "👤 /paulkeates",
    ],
    level: "log",
  },
  {
    data: [
      "👤 /michaelhafner11",
    ],
    level: "log",
  },
  {
    data: [
      "👤 /dogbreathphotography",
    ],
    level: "log",
  },
  {
    data: [
      "👤 /albrecht7",
    ],
    level: "log",
  },
  {
    data: [
      "👤 /berndsen000",
    ],
    level: "log",
  },
  {
    data: [
      "👤 /lolamaria",
    ],
    level: "log",
  },
  {
    data: [
      "👤 /dollart",
    ],
    level: "log",
  },
  {
    data: [
      "👤 /federicoranalli",
    ],
    level: "log",
  },
  {
    data: [
      "👤 /gerwyn_davies",
    ],
    level: "log",
  },
  {
    data: [
      "👤 /berthedel",
    ],
    level: "log",
  },
  {
    data: [
      "👤 /ericsnyderphoto",
    ],
    level: "log",
  },
  {
    data: [
      "👤 /JoostvanHaaren",
    ],
    level: "log",
  },
  {
    data: [
      "👤 /o_kuzma",
    ],
    level: "log",
  },
  {
    data: [
      "👤 /nataschfer",
    ],
    level: "log",
  },
  {
    data: [
      "👤 /yaretlake26",
    ],
    level: "log",
  },
  {
    data: [
      "👤 /flossiepiptam",
    ],
    level: "log",
  },
  {
    data: [
      "👤 /aupamanu",
    ],
    level: "log",
  },
  {
    data: [
      "👤 /gxxiii",
    ],
    level: "log",
  },
  {
    data: [
      "👤 /coverkill",
    ],
    level: "log",
  },
  {
    data: [
      "👤 /terrencehwells",
    ],
    level: "log",
  },
  {
    data: [
      "👤 /joannacat79",
    ],
    level: "log",
  },
  {
    data: [
      "👤 /hansvanderburgh",
    ],
    level: "log",
  },
  {
    data: [
      "👤 /fab4photo",
    ],
    level: "log",
  },
  {
    data: [
      "👤 /SuzanaVeleska",
    ],
    level: "log",
  },
  {
    data: [
      "👤 /dirk_m",
    ],
    level: "log",
  },
  {
    data: [
      "👤 /Kningo",
    ],
    level: "log",
  },
  {
    data: [
      "👤 /fabianlaszlo1",
    ],
    level: "log",
  },
  {
    data: [
      "👤 /davidan",
    ],
    level: "log",
  },
  {
    data: [
      "👤 /andreasweidmann1",
    ],
    level: "log",
  },
  {
    data: [
      "👤 /carstenheyer",
    ],
    level: "log",
  },
  {
    data: [
      "👤 /erbennewitz",
    ],
    level: "log",
  },
  {
    data: [
      "👤 /kovac58",
    ],
    level: "log",
  },
  {
    data: [
      "👤 /reibertb",
    ],
    level: "log",
  },
  {
    data: [
      "👤 /Rika",
    ],
    level: "log",
  },
  {
    data: [
      "👤 /bellodis",
    ],
    level: "log",
  },
  {
    data: [
      "👤 /aleraim79",
    ],
    level: "log",
  },
  {
    data: [
      "👤 /KarolNienartowicz",
    ],
    level: "log",
  },
  {
    data: [
      "👤 /robinetmonique",
    ],
    level: "log",
  },
  {
    data: [
      "👤 /aykutsevinc",
    ],
    level: "log",
  },
  {
    data: [
      "👤 /JuergenGatte",
    ],
    level: "log",
  },
  {
    data: [
      "👤 /iseif",
    ],
    level: "log",
  },
  {
    data: [
      "👤 /_e_i_v_",
    ],
    level: "log",
  },
  {
    data: [
      "👤 /andreabarsali66",
    ],
    level: "log",
  },
  {
    data: [
      "👤 /sergey_timoschuk",
    ],
    level: "log",
  },
  {
    data: [
      "👤 /hanskrusephotography",
    ],
    level: "log",
  },
  {
    data: [
      "👤 /claus-dietercramer",
    ],
    level: "log",
  },
  {
    data: [
      "👤 /thanasaki",
    ],
    level: "log",
  },
  {
    data: [
      "👤 /VtorRibeiro",
    ],
    level: "log",
  },
  {
    data: [
      "👤 /MagdaBrzozowska",
    ],
    level: "log",
  },
  {
    data: [
      "👤 /nclsbonnet",
    ],
    level: "log",
  },
  {
    data: [
      "👤 /ola_noland",
    ],
    level: "log",
  },
  {
    data: [
      "👤 /hovallef",
    ],
    level: "log",
  },
  {
    data: [
      "👤 /lmar456",
    ],
    level: "log",
  },
  {
    data: [
      "👤 /Wieselblitz",
    ],
    level: "log",
  },
  {
    data: [
      "👤 /shind_ph",
    ],
    level: "log",
  },
  {
    data: [
      "👤 /heiko_prechtl",
    ],
    level: "log",
  },
  {
    data: [
      "👤 /eli_soriac",
    ],
    level: "log",
  },
  {
    data: [
      "👤 /annisen",
    ],
    level: "log",
  },
  {
    data: [
      "👤 /Amethystik",
    ],
    level: "log",
  },
  {
    data: [
      "👤 /karlhill1",
    ],
    level: "log",
  },
  {
    data: [
      "👤 /mchuprin",
    ],
    level: "log",
  },
  {
    data: [
      "👤 /Weissglut",
    ],
    level: "log",
  },
  {
    data: [
      "👤 /frj",
    ],
    level: "log",
  },
  {
    data: [
      "👤 /fpaul",
    ],
    level: "log",
  },
  {
    data: [
      "👤 /matt_maciej",
    ],
    level: "log",
  },
  {
    data: [
      "👤 /juanjoseglezmoreno",
    ],
    level: "log",
  },
  {
    data: [
      "👤 /topordrop55",
    ],
    level: "log",
  },
  {
    data: [
      "👤 /MikeMatthews1",
    ],
    level: "log",
  },
  {
    data: [
      "👤 /amerikano1",
    ],
    level: "log",
  },
  {
    data: [
      "👤 /korbel1943",
    ],
    level: "log",
  },
  {
    data: [
      "👤 /bicowles",
    ],
    level: "log",
  },
  {
    data: [
      "👤 /PhotonenBlende",
    ],
    level: "log",
  },
  {
    data: [
      "👤 /geysir_photo_natikk",
    ],
    level: "log",
  },
  {
    data: [
      "👤 /simondietmar",
    ],
    level: "log",
  },
  {
    data: [
      "👤 /izaciepla",
    ],
    level: "log",
  },
  {
    data: [
      "👤 /89000901252mila",
    ],
    level: "log",
  },
  {
    data: [
      "👤 /grooveman222",
    ],
    level: "log",
  },
  {
    data: [
      "👤 /casbalicki",
    ],
    level: "log",
  },
  {
    data: [
      "👤 /antolozaZD",
    ],
    level: "log",
  },
  {
    data: [
      "👤 /arjanssens",
    ],
    level: "log",
  },
  {
    data: [
      "👤 /slawomirkowalczyk",
    ],
    level: "log",
  },
  {
    data: [
      "👤 /garyhaddock",
    ],
    level: "log",
  },
  {
    data: [
      "👤 /ismailcalli",
    ],
    level: "log",
  },
  {
    data: [
      "👤 /fotoelix",
    ],
    level: "log",
  },
  {
    data: [
      "👤 /scsutton",
    ],
    level: "log",
  },
  {
    data: [
      "👤 /mannu1",
    ],
    level: "log",
  },
  {
    data: [
      "👤 /christianspahn",
    ],
    level: "log",
  },
  {
    data: [
      "👤 /fotograbska",
    ],
    level: "log",
  },
  {
    data: [
      "👤 /cordehamer",
    ],
    level: "log",
  },
  {
    data: [
      "👤 /louisruthphotography1",
    ],
    level: "log",
  },
  {
    data: [
      "👤 /sethupan95",
    ],
    level: "log",
  },
  {
    data: [
      "👤 /nicktalbot",
    ],
    level: "log",
  },
  {
    data: [
      "👤 /ukaszStruzik",
    ],
    level: "log",
  },
  {
    data: [
      "👤 /tomcastelberg2",
    ],
    level: "log",
  },
  {
    data: [
      "👤 /LucVanDeWeghe",
    ],
    level: "log",
  },
  {
    data: [
      "👤 /nottedilanga",
    ],
    level: "log",
  },
  {
    data: [
      "👤 /FrankDW",
    ],
    level: "log",
  },
  {
    data: [
      "👤 /RalfLinckens",
    ],
    level: "log",
  },
  {
    data: [
      "👤 /adamrainoff",
    ],
    level: "log",
  },
  {
    data: [
      "👤 /marcmeilhan",
    ],
    level: "log",
  },
  {
    data: [
      "👤 /mmargarethperfoncio",
    ],
    level: "log",
  },
  {
    data: [
      "👤 /EnriqueMurciano",
    ],
    level: "log",
  },
  {
    data: [
      "👤 /MaryGreenKerr",
    ],
    level: "log",
  },
  {
    data: [
      "👤 /maikgre",
    ],
    level: "log",
  },
  {
    data: [
      "👤 /gaelcaro",
    ],
    level: "log",
  },
  {
    data: [
      "👤 /samiKoo",
    ],
    level: "log",
  },
  {
    data: [
      "👤 /mehdiamiriar",
    ],
    level: "log",
  },
  {
    data: [
      "👤 /fredericmonin24",
    ],
    level: "log",
  },
  {
    data: [
      "👤 /roberta_braglia",
    ],
    level: "log",
  },
  {
    data: [
      "👤 /darrynkemper",
    ],
    level: "log",
  },
  {
    data: [
      "👤 /lcagiao",
    ],
    level: "log",
  },
  {
    data: [
      "👤 /phantasy_49",
    ],
    level: "log",
  },
  {
    data: [
      "👤 /carloscapelao",
    ],
    level: "log",
  },
  {
    data: [
      "👤 /ssydow",
    ],
    level: "log",
  },
  {
    data: [
      "👤 /kmc81",
    ],
    level: "log",
  },
  {
    data: [
      "👤 /kbricknell",
    ],
    level: "log",
  },
  {
    data: [
      "👤 /endegor",
    ],
    level: "log",
  },
  {
    data: [
      "👤 /PauloViana4",
    ],
    level: "log",
  },
  {
    data: [
      "👤 /info267",
    ],
    level: "log",
  },
  {
    data: [
      "👤 /donnierocky",
    ],
    level: "log",
  },
  {
    data: [
      "👤 /aFriend",
    ],
    level: "log",
  },
  {
    data: [
      "👤 /TOLUAY",
    ],
    level: "log",
  },
  {
    data: [
      "👤 /csb-photography",
    ],
    level: "log",
  },
  {
    data: [
      "👤 /robschueller",
    ],
    level: "log",
  },
  {
    data: [
      "👤 /jakfotografie",
    ],
    level: "log",
  },
  {
    data: [
      "👤 /jeancadic",
    ],
    level: "log",
  },
  {
    data: [
      "👤 /johnnyriv",
    ],
    level: "log",
  },
  {
    data: [
      "👤 /GrinnAlexander",
    ],
    level: "log",
  },
  {
    data: [
      "👤 /pierreallard",
    ],
    level: "log",
  },
  {
    data: [
      "👤 /streich60",
    ],
    level: "log",
  },
  {
    data: [
      "👤 /yourphotonude",
    ],
    level: "log",
  },
  {
    data: [
      "👤 /natalicalim",
    ],
    level: "log",
  },
  {
    data: [
      "👤 /ivarabei",
    ],
    level: "log",
  },
  {
    data: [
      "👤 /BpChua",
    ],
    level: "log",
  },
  {
    data: [
      "👤 /aka_smurf",
    ],
    level: "log",
  },
  {
    data: [
      "👤 /Notos-Photography",
    ],
    level: "log",
  },
  {
    data: [
      "👤 /peterpunk111",
    ],
    level: "log",
  },
  {
    data: [
      "👤 /goran3",
    ],
    level: "log",
  },
  {
    data: [
      "👤 /Giza-01",
    ],
    level: "log",
  },
  {
    data: [
      "👤 /antonwerner",
    ],
    level: "log",
  },
  {
    data: [
      "👤 /davelally03",
    ],
    level: "log",
  },
  {
    data: [
      "👤 /berniez",
    ],
    level: "log",
  },
  {
    data: [
      "👤 /tomi1302",
    ],
    level: "log",
  },
  {
    data: [
      "👤 /fotowolf",
    ],
    level: "log",
  },
  {
    data: [
      "👤 /tommi82",
    ],
    level: "log",
  },
  {
    data: [
      "👤 /b54qryzj79",
    ],
    level: "log",
  },
  {
    data: [
      "👤 /annegfoto",
    ],
    level: "log",
  },
  {
    data: [
      "👤 /Philippe_Raphael",
    ],
    level: "log",
  },
  {
    data: [
      "👤 /tamson66",
    ],
    level: "log",
  },
  {
    data: [
      "👤 /tomosavs",
    ],
    level: "log",
  },
  {
    data: [
      "👤 /maratneva",
    ],
    level: "log",
  },
  {
    data: [
      "👤 /DennisBa",
    ],
    level: "log",
  },
  {
    data: [
      "👤 /dilhman",
    ],
    level: "log",
  },
  {
    data: [
      "👤 /chris_from_the_valley",
    ],
    level: "log",
  },
  {
    data: [
      "👤 /Mariamiel",
    ],
    level: "log",
  },
  {
    data: [
      "👤 /nobbyde",
    ],
    level: "log",
  },
  {
    data: [
      "👤 /hrabecivan",
    ],
    level: "log",
  },
  {
    data: [
      "👤 /easap73",
    ],
    level: "log",
  },
  {
    data: [
      "👤 /andersloost",
    ],
    level: "log",
  },
  {
    data: [
      "👤 /dushutinilya",
    ],
    level: "log",
  },
  {
    data: [
      "👤 /BeomyoungGo",
    ],
    level: "log",
  },
  {
    data: [
      "👤 /neelchauhan",
    ],
    level: "log",
  },
  {
    data: [
      "👤 /erikverlaine",
    ],
    level: "log",
  },
  {
    data: [
      "👤 /MichaelLouis",
    ],
    level: "log",
  },
  {
    data: [
      "👤 /MarioWayfarer",
    ],
    level: "log",
  },
  {
    data: [
      "👤 /patcroq",
    ],
    level: "log",
  },
  {
    data: [
      "👤 /macromaier",
    ],
    level: "log",
  },
  {
    data: [
      "👤 /venomweb",
    ],
    level: "log",
  },
  {
    data: [
      "👤 /kejowh",
    ],
    level: "log",
  },
  {
    data: [
      "👤 /waldemar-fotler",
    ],
    level: "log",
  },
  {
    data: [
      "👤 /DavidLopezdeLetona",
    ],
    level: "log",
  },
  {
    data: [
      "👤 /eliogiannicchi",
    ],
    level: "log",
  },
  {
    data: [
      "👤 /sssergeev",
    ],
    level: "log",
  },
  {
    data: [
      "👤 /abaloo",
    ],
    level: "log",
  },
  {
    data: [
      "👤 /steen_han",
    ],
    level: "log",
  },
  {
    data: [
      "👤 /evergreen173",
    ],
    level: "log",
  },
  {
    data: [
      "👤 /trinitographer",
    ],
    level: "log",
  },
  {
    data: [
      "👤 /behak",
    ],
    level: "log",
  },
  {
    data: [
      "👤 /esalles",
    ],
    level: "log",
  },
  {
    data: [
      "👤 /gaillardjeanmarc",
    ],
    level: "log",
  },
  {
    data: [
      "👤 /phamnuwem",
    ],
    level: "log",
  },
  {
    data: [
      "👤 /Ryszard_Kosmala",
    ],
    level: "log",
  },
  {
    data: [
      "👤 /mostek",
    ],
    level: "log",
  },
  {
    data: [
      "👤 /lllluka",
    ],
    level: "log",
  },
  {
    data: [
      "👤 /HeikeBornemann",
    ],
    level: "log",
  },
  {
    data: [
      "👤 /MartinE09",
    ],
    level: "log",
  },
  {
    data: [
      "👤 /oredadten",
    ],
    level: "log",
  },
  {
    data: [
      "👤 /popseehesaid4950",
    ],
    level: "log",
  },
  {
    data: [
      "👤 /photoartbymichael",
    ],
    level: "log",
  },
  {
    data: [
      "👤 /ssplasher",
    ],
    level: "log",
  },
  {
    data: [
      "👤 /gerhardschimpf",
    ],
    level: "log",
  },
  {
    data: [
      "👤 /RudolfMoerkl",
    ],
    level: "log",
  },
  {
    data: [
      "👤 /viero1960gilberto",
    ],
    level: "log",
  },
  {
    data: [
      "👤 /antoniodiaz",
    ],
    level: "log",
  },
  {
    data: [
      "👤 /murefte59",
    ],
    level: "log",
  },
  {
    data: [
      "👤 /lavogadedenis",
    ],
    level: "log",
  },
  {
    data: [
      "👤 /Libor",
    ],
    level: "log",
  },
  {
    data: [
      "👤 /pietervanderwoude",
    ],
    level: "log",
  },
  {
    data: [
      "👤 /Manfredmanni1",
    ],
    level: "log",
  },
  {
    data: [
      "👤 /berndwiller",
    ],
    level: "log",
  },
  {
    data: [
      "👤 /guyanoshi",
    ],
    level: "log",
  },
  {
    data: [
      "👤 /ellesong",
    ],
    level: "log",
  },
  {
    data: [
      "👤 /NicolevanKammen",
    ],
    level: "log",
  },
  {
    data: [
      "👤 /barrycrosthwaite",
    ],
    level: "log",
  },
  {
    data: [
      "👤 /ebjofrie",
    ],
    level: "log",
  },
  {
    data: [
      "👤 /sirenkiki",
    ],
    level: "log",
  },
  {
    data: [
      "👤 /yvbussi",
    ],
    level: "log",
  },
  {
    data: [
      "👤 /AlbertoGodinoDiaz",
    ],
    level: "log",
  },
  {
    data: [
      "👤 /havelock",
    ],
    level: "log",
  },
  {
    data: [
      "👤 /roberto_pazzi",
    ],
    level: "log",
  },
  {
    data: [
      "👤 /jmphotography2323",
    ],
    level: "log",
  },
  {
    data: [
      "👤 /goncaloacapitao",
    ],
    level: "log",
  },
  {
    data: [
      "👤 /pphs99hvsx",
    ],
    level: "log",
  },
  {
    data: [
      "👤 /chadjweed",
    ],
    level: "log",
  },
  {
    data: [
      "👤 /lucia69",
    ],
    level: "log",
  },
  {
    data: [
      "👤 /alanshulik",
    ],
    level: "log",
  },
  {
    data: [
      "👤 /tisija",
    ],
    level: "log",
  },
  {
    data: [
      "👤 /wash63",
    ],
    level: "log",
  },
  {
    data: [
      "👤 /titinelibouton",
    ],
    level: "log",
  },
  {
    data: [
      "👤 /yanisourabah",
    ],
    level: "log",
  },
  {
    data: [
      "👤 /Richard-Fiala",
    ],
    level: "log",
  },
  {
    data: [
      "👤 /fotolibertyvsv",
    ],
    level: "log",
  },
  {
    data: [
      "👤 /rolling-richi",
    ],
    level: "log",
  },
  {
    data: [
      "👤 /msemov",
    ],
    level: "log",
  },
  {
    data: [
      "👤 /pebos",
    ],
    level: "log",
  },
  {
    data: [
      "👤 /clozio_13",
    ],
    level: "log",
  },
  {
    data: [
      "👤 /MingCheng3",
    ],
    level: "log",
  },
  {
    data: [
      "👤 /vdb-photo",
    ],
    level: "log",
  },
  {
    data: [
      "👤 /airworldarts",
    ],
    level: "log",
  },
  {
    data: [
      "👤 /lphotolakklr",
    ],
    level: "log",
  },
  {
    data: [
      "👤 /sanddbanakas",
    ],
    level: "log",
  },
  {
    data: [
      "👤 /jenniebryan3000",
    ],
    level: "log",
  },
  {
    data: [
      "👤 /elvirazoboli66",
    ],
    level: "log",
  },
  {
    data: [
      "👤 /WiesawJucha",
    ],
    level: "log",
  },
  {
    data: [
      "👤 /joaocarlosalbuquerque",
    ],
    level: "log",
  },
  {
    data: [
      "👤 /marc-haegeman",
    ],
    level: "log",
  },
  {
    data: [
      "👤 /tclenche",
    ],
    level: "log",
  },
  {
    data: [
      "👤 /fatholahi",
    ],
    level: "log",
  },
  {
    data: [
      "👤 /jochendressen",
    ],
    level: "log",
  },
  {
    data: [
      "👤 /ericvanbeek",
    ],
    level: "log",
  },
  {
    data: [
      "👤 /helseneddy",
    ],
    level: "log",
  },
  {
    data: [
      "👤 /adrianwombwell",
    ],
    level: "log",
  },
  {
    data: [
      "👤 /AldoVacca",
    ],
    level: "log",
  },
  {
    data: [
      "👤 /bleibend",
    ],
    level: "log",
  },
  {
    data: [
      "👤 /paulaaranoa",
    ],
    level: "log",
  },
  {
    data: [
      "👤 /RusuConstantin-Andrei",
    ],
    level: "log",
  },
  {
    data: [
      "👤 /YellowPuschl",
    ],
    level: "log",
  },
  {
    data: [
      "👤 /joseluissantamaria1961",
    ],
    level: "log",
  },
  {
    data: [
      "👤 /WernerLerooy",
    ],
    level: "log",
  },
  {
    data: [
      "👤 /arun_natureclicks",
    ],
    level: "log",
  },
  {
    data: [
      "👤 /schenk66",
    ],
    level: "log",
  },
  {
    data: [
      "👤 /jonnycasle",
    ],
    level: "log",
  },
  {
    data: [
      "👤 /muratbandirma",
    ],
    level: "log",
  },
  {
    data: [
      "👤 /clinthudson",
    ],
    level: "log",
  },
  {
    data: [
      "👤 /JoseThompson",
    ],
    level: "log",
  },
  {
    data: [
      "👤 /vahidshojaei52",
    ],
    level: "log",
  },
  {
    data: [
      "👤 /lissabon49",
    ],
    level: "log",
  },
  {
    data: [
      "👤 /zdumu",
    ],
    level: "log",
  },
  {
    data: [
      "👤 /ChuchoHerrera",
    ],
    level: "log",
  },
  {
    data: [
      "👤 /lodedo92",
    ],
    level: "log",
  },
  {
    data: [
      "👤 /mfs6278",
    ],
    level: "log",
  },
  {
    data: [
      "👤 /lschmeink",
    ],
    level: "log",
  },
  {
    data: [
      "👤 /MuakEverton",
    ],
    level: "log",
  },
  {
    data: [
      "👤 /harryep14",
    ],
    level: "log",
  },
  {
    data: [
      "👤 /RiElla",
    ],
    level: "log",
  },
  {
    data: [
      "👤 /ahmedalishah",
    ],
    level: "log",
  },
  {
    data: [
      "👤 /TamPhillis",
    ],
    level: "log",
  },
  {
    data: [
      "👤 /pekalapiotr89",
    ],
    level: "log",
  },
  {
    data: [
      "👤 /wolfgangpronai",
    ],
    level: "log",
  },
  {
    data: [
      "👤 /adripadmos",
    ],
    level: "log",
  },
  {
    data: [
      "👤 /GabrielBiggio",
    ],
    level: "log",
  },
  {
    data: [
      "👤 /juanfra_1791",
    ],
    level: "log",
  },
  {
    data: [
      "👤 /DimitarKraev",
    ],
    level: "log",
  },
  {
    data: [
      "👤 /jpinfo",
    ],
    level: "log",
  },
  {
    data: [
      "👤 /CharlesLafrance",
    ],
    level: "log",
  },
  {
    data: [
      "👤 /salinger4321",
    ],
    level: "log",
  },
  {
    data: [
      "👤 /RNPhotos",
    ],
    level: "log",
  },
  {
    data: [
      "👤 /manoal083",
    ],
    level: "log",
  },
  {
    data: [
      "👤 /PedroGarcia11",
    ],
    level: "log",
  },
  {
    data: [
      "👤 /albertocama",
    ],
    level: "log",
  },
  {
    data: [
      "👤 /i_mayr",
    ],
    level: "log",
  },
  {
    data: [
      "👤 /carlospelaezcampomanes",
    ],
    level: "log",
  },
  {
    data: [
      "👤 /HildaMurray",
    ],
    level: "log",
  },
  {
    data: [
      "👤 /gvvit",
    ],
    level: "log",
  },
  {
    data: [
      "👤 /morgannchauveau",
    ],
    level: "log",
  },
  {
    data: [
      "👤 /jwnma",
    ],
    level: "log",
  },
  {
    data: [
      "👤 /ValBoldwin",
    ],
    level: "log",
  },
  {
    data: [
      "👤 /smukhayyo",
    ],
    level: "log",
  },
  {
    data: [
      "👤 /MaurizioCicoria1",
    ],
    level: "log",
  },
  {
    data: [
      "👤 /nikkor80",
    ],
    level: "log",
  },
  {
    data: [
      "👤 /karpett",
    ],
    level: "log",
  },
  {
    data: [
      "👤 /david_hernandez_gomez",
    ],
    level: "log",
  },
  {
    data: [
      "👤 /PhilippePerdrial",
    ],
    level: "log",
  },
  {
    data: [
      "👤 /benjaminhull1011",
    ],
    level: "log",
  },
  {
    data: [
      "👤 /alainphot",
    ],
    level: "log",
  },
  {
    data: [
      "👤 /unsal",
    ],
    level: "log",
  },
  {
    data: [
      "👤 /aqua_egeo",
    ],
    level: "log",
  },
  {
    data: [
      "👤 /GiovanniRadice",
    ],
    level: "log",
  },
  {
    data: [
      "👤 /mruta",
    ],
    level: "log",
  },
  {
    data: [
      "👤 /luminoso",
    ],
    level: "log",
  },
  {
    data: [
      "👤 /marikacaruana69",
    ],
    level: "log",
  },
  {
    data: [
      "👤 /lauradfm",
    ],
    level: "log",
  },
  {
    data: [
      "👤 /DadaNova",
    ],
    level: "log",
  },
  {
    data: [
      "👤 /stevendexiao",
    ],
    level: "log",
  },
  {
    data: [
      "👤 /quimpadi",
    ],
    level: "log",
  },
  {
    data: [
      "👤 /Repilado",
    ],
    level: "log",
  },
  {
    data: [
      "👤 /Rucan",
    ],
    level: "log",
  },
  {
    data: [
      "👤 /jerry_nowicki",
    ],
    level: "log",
  },
  {
    data: [
      "👤 /BarbaraEs",
    ],
    level: "log",
  },
  {
    data: [
      "👤 /Tukasuke",
    ],
    level: "log",
  },
  {
    data: [
      "👤 /alphot",
    ],
    level: "log",
  },
  {
    data: [
      "👤 /alfonso_chacon_montero",
    ],
    level: "log",
  },
  {
    data: [
      "👤 /oitamooo",
    ],
    level: "log",
  },
  {
    data: [
      "👤 /drfotograf",
    ],
    level: "log",
  },
  {
    data: [
      "👤 /mcolvin1",
    ],
    level: "log",
  },
  {
    data: [
      "👤 /stefanodemasala",
    ],
    level: "log",
  },
  {
    data: [
      "👤 /Fabien_Boone",
    ],
    level: "log",
  },
  {
    data: [
      "👤 /bw",
    ],
    level: "log",
  },
  {
    data: [
      "👤 /johanndescamps1929",
    ],
    level: "log",
  },
  {
    data: [
      "👤 /hamidearab",
    ],
    level: "log",
  },
  {
    data: [
      "👤 /alaindebrie",
    ],
    level: "log",
  },
  {
    data: [
      "👤 /j8zqw46952",
    ],
    level: "log",
  },
  {
    data: [
      "👤 /ilknurdindar",
    ],
    level: "log",
  },
  {
    data: [
      "👤 /frank_di",
    ],
    level: "log",
  },
  {
    data: [
      "👤 /mariussecan",
    ],
    level: "log",
  },
  {
    data: [
      "👤 /Jan-Westerhof",
    ],
    level: "log",
  },
  {
    data: [
      "👤 /eroest",
    ],
    level: "log",
  },
  {
    data: [
      "👤 /rondoes",
    ],
    level: "log",
  },
  {
    data: [
      "👤 /raimu182",
    ],
    level: "log",
  },
  {
    data: [
      "👤 /netpm",
    ],
    level: "log",
  },
  {
    data: [
      "👤 /outisbox",
    ],
    level: "log",
  },
  {
    data: [
      "👤 /HUSEYINAY",
    ],
    level: "log",
  },
  {
    data: [
      "👤 /rainermgillessen",
    ],
    level: "log",
  },
  {
    data: [
      "👤 /demateo",
    ],
    level: "log",
  },
  {
    data: [
      "👤 /ToruKona",
    ],
    level: "log",
  },
  {
    data: [
      "👤 /yaris1981",
    ],
    level: "log",
  },
  {
    data: [
      "👤 /chan3145",
    ],
    level: "log",
  },
  {
    data: [
      "👤 /juliapylak",
    ],
    level: "log",
  },
  {
    data: [
      "👤 /ela1934",
    ],
    level: "log",
  },
  {
    data: [
      "👤 /mayankshah4",
    ],
    level: "log",
  },
  {
    data: [
      "👤 /Melodyphoto",
    ],
    level: "log",
  },
  {
    data: [
      "👤 /carolhumphries",
    ],
    level: "log",
  },
  {
    data: [
      "👤 /Antonio_Diaz",
    ],
    level: "log",
  },
  {
    data: [
      "👤 /leirumf",
    ],
    level: "log",
  },
  {
    data: [
      "👤 /jnelsonyh",
    ],
    level: "log",
  },
  {
    data: [
      "👤 /kiddaville",
    ],
    level: "log",
  },
  {
    data: [
      "👤 /chrismolbech",
    ],
    level: "log",
  },
  {
    data: [
      "👤 /mgajewska0579",
    ],
    level: "log",
  },
  {
    data: [
      "👤 /haeuserer280",
    ],
    level: "log",
  },
  {
    data: [
      "👤 /jmrosz",
    ],
    level: "log",
  },
  {
    data: [
      "👤 /elieserbotelho2020",
    ],
    level: "log",
  },
  {
    data: [
      "👤 /ferpicarra",
    ],
    level: "log",
  },
  {
    data: [
      "👤 /jpsetter",
    ],
    level: "log",
  },
  {
    data: [
      "👤 /BradleyTaylor",
    ],
    level: "log",
  },
  {
    data: [
      "👤 /Alex_Kurtz",
    ],
    level: "log",
  },
  {
    data: [
      "👤 /torinlucien690",
    ],
    level: "log",
  },
  {
    data: [
      "👤 /Christopher-Schlaf",
    ],
    level: "log",
  },
  {
    data: [
      "👤 /sallyaszustakowski",
    ],
    level: "log",
  },
  {
    data: [
      "👤 /marpaphoto",
    ],
    level: "log",
  },
  {
    data: [
      "👤 /undrea",
    ],
    level: "log",
  },
  {
    data: [
      "👤 /profgt",
    ],
    level: "log",
  },
  {
    data: [
      "👤 /adriansart",
    ],
    level: "log",
  },
  {
    data: [
      "👤 /michaelbilyk",
    ],
    level: "log",
  },
  {
    data: [
      "👤 /masahira20066",
    ],
    level: "log",
  },
  {
    data: [
      "👤 /joysiberia",
    ],
    level: "log",
  },
  {
    data: [
      "👤 /piotrpaluch68",
    ],
    level: "log",
  },
  {
    data: [
      "👤 /Horrea",
    ],
    level: "log",
  },
  {
    data: [
      "👤 /briangbs",
    ],
    level: "log",
  },
  {
    data: [
      "👤 /AndreaLizzeri",
    ],
    level: "log",
  },
  {
    data: [
      "👤 /CdricBerteletti",
    ],
    level: "log",
  },
  {
    data: [
      "👤 /fgombert",
    ],
    level: "log",
  },
  {
    data: [
      "👤 /michael_thagaard",
    ],
    level: "log",
  },
  {
    data: [
      "👤 /efsi87",
    ],
    level: "log",
  },
  {
    data: [
      "👤 /wildcumin",
    ],
    level: "log",
  },
  {
    data: [
      "👤 /MatteoBertetto",
    ],
    level: "log",
  },
  {
    data: [
      "👤 /palithatpj",
    ],
    level: "log",
  },
  {
    data: [
      "👤 /pirozzinic",
    ],
    level: "log",
  },
  {
    data: [
      "👤 /geert_verstrepen",
    ],
    level: "log",
  },
  {
    data: [
      "👤 /damaz74",
    ],
    level: "log",
  },
  {
    data: [
      "👤 /reyfsj",
    ],
    level: "log",
  },
  {
    data: [
      "👤 /enricoyamada",
    ],
    level: "log",
  },
  {
    data: [
      "👤 /AlessandroFisco",
    ],
    level: "log",
  },
  {
    data: [
      "👤 /belennos",
    ],
    level: "log",
  },
  {
    data: [
      "👤 /thalerst",
    ],
    level: "log",
  },
  {
    data: [
      "👤 /danbrandlee",
    ],
    level: "log",
  },
  {
    data: [
      "👤 /lorcachi",
    ],
    level: "log",
  },
  {
    data: [
      "👤 /luckylanza",
    ],
    level: "log",
  },
  {
    data: [
      "👤 /incheye19711",
    ],
    level: "log",
  },
  {
    data: [
      "👤 /davidsolodar",
    ],
    level: "log",
  },
  {
    data: [
      "👤 /lyons19tw",
    ],
    level: "log",
  },
  {
    data: [
      "👤 /grantline2000",
    ],
    level: "log",
  },
  {
    data: [
      "👤 /mumatt",
    ],
    level: "log",
  },
  {
    data: [
      "👤 /corot2",
    ],
    level: "log",
  },
  {
    data: [
      "👤 /heiko17",
    ],
    level: "log",
  },
  {
    data: [
      "👤 /jozefvaerewyck",
    ],
    level: "log",
  },
  {
    data: [
      "👤 /francesco_caponio",
    ],
    level: "log",
  },
  {
    data: [
      "👤 /h-dev",
    ],
    level: "log",
  },
  {
    data: [
      "👤 /gregoryboue",
    ],
    level: "log",
  },
  {
    data: [
      "👤 /acrosphotography",
    ],
    level: "log",
  },
  {
    data: [
      "👤 /photomotiv",
    ],
    level: "log",
  },
  {
    data: [
      "👤 /fmartinez",
    ],
    level: "log",
  },
  {
    data: [
      "👤 /gillesbizien",
    ],
    level: "log",
  },
  {
    data: [
      "👤 /Olegos",
    ],
    level: "log",
  },
  {
    data: [
      "👤 /Johnny_B",
    ],
    level: "log",
  },
  {
    data: [
      "👤 /rootkevin",
    ],
    level: "log",
  },
  {
    data: [
      "👤 /rbg5q4pdwz",
    ],
    level: "log",
  },
  {
    data: [
      "👤 /helmuthenninger",
    ],
    level: "log",
  },
  {
    data: [
      "👤 /sanpaladino",
    ],
    level: "log",
  },
  {
    data: [
      "👤 /donev",
    ],
    level: "log",
  },
  {
    data: [
      "👤 /SergTem",
    ],
    level: "log",
  },
  {
    data: [
      "👤 /rax33",
    ],
    level: "log",
  },
  {
    data: [
      "👤 /graemelscott",
    ],
    level: "log",
  },
  {
    data: [
      "👤 /RicardoVenerando",
    ],
    level: "log",
  },
  {
    data: [
      "👤 /toshihiro",
    ],
    level: "log",
  },
  {
    data: [
      "👤 /mavlulia71",
    ],
    level: "log",
  },
  {
    data: [
      "👤 /rportraits",
    ],
    level: "log",
  },
  {
    data: [
      "👤 /soyal_08",
    ],
    level: "log",
  },
  {
    data: [
      "👤 /danieljervelius",
    ],
    level: "log",
  },
  {
    data: [
      "👤 /rkdx",
    ],
    level: "log",
  },
  {
    data: [
      "👤 /antigen-g",
    ],
    level: "log",
  },
  {
    data: [
      "👤 /kaauenwasser",
    ],
    level: "log",
  },
  {
    data: [
      "👤 /ammarando140817",
    ],
    level: "log",
  },
  {
    data: [
      "👤 /silke-500",
    ],
    level: "log",
  },
  {
    data: [
      "👤 /kkoki",
    ],
    level: "log",
  },
  {
    data: [
      "👤 /kamarainen52",
    ],
    level: "log",
  },
  {
    data: [
      "👤 /nordberg1",
    ],
    level: "log",
  },
  {
    data: [
      "👤 /scharpf",
    ],
    level: "log",
  },
  {
    data: [
      "👤 /OndejChvtal",
    ],
    level: "log",
  },
  {
    data: [
      "👤 /mohicanvn",
    ],
    level: "log",
  },
  {
    data: [
      "👤 /richardkam",
    ],
    level: "log",
  },
  {
    data: [
      "👤 /OlgaKoralina",
    ],
    level: "log",
  },
  {
    data: [
      "👤 /yogi-ni-photos",
    ],
    level: "log",
  },
  {
    data: [
      "👤 /iamik",
    ],
    level: "log",
  },
  {
    data: [
      "👤 /BertSeinstra",
    ],
    level: "log",
  },
  {
    data: [
      "👤 /jonb4016",
    ],
    level: "log",
  },
  {
    data: [
      "👤 /markuskraemer9",
    ],
    level: "log",
  },
  {
    data: [
      "👤 /ElenSea",
    ],
    level: "log",
  },
  {
    data: [
      "👤 /philippe6",
    ],
    level: "log",
  },
  {
    data: [
      "👤 /alebc",
    ],
    level: "log",
  },
  {
    data: [
      "👤 /athanasio",
    ],
    level: "log",
  },
  {
    data: [
      "👤 /florinm75cj",
    ],
    level: "log",
  },
  {
    data: [
      "👤 /netminder2156",
    ],
    level: "log",
  },
  {
    data: [
      "👤 /albiron52",
    ],
    level: "log",
  },
  {
    data: [
      "👤 /giuliodonati1",
    ],
    level: "log",
  },
  {
    data: [
      "👤 /tdogaru",
    ],
    level: "log",
  },
  {
    data: [
      "👤 /Anwesend",
    ],
    level: "log",
  },
  {
    data: [
      "👤 /jplaf79",
    ],
    level: "log",
  },
  {
    data: [
      "👤 /gaston5simonin",
    ],
    level: "log",
  },
  {
    data: [
      "👤 /exp",
    ],
    level: "log",
  },
  {
    data: [
      "👤 /cabe6559",
    ],
    level: "log",
  },
  {
    data: [
      "👤 /alainrenaudin",
    ],
    level: "log",
  },
  {
    data: [
      "👤 /joe00064",
    ],
    level: "log",
  },
  {
    data: [
      "👤 /rzerkine",
    ],
    level: "log",
  },
  {
    data: [
      "👤 /christophebaldy",
    ],
    level: "log",
  },
  {
    data: [
      "👤 /zoleex",
    ],
    level: "log",
  },
  {
    data: [
      "👤 /veroulik92",
    ],
    level: "log",
  },
  {
    data: [
      "👤 /kazutaka",
    ],
    level: "log",
  },
  {
    data: [
      "👤 /obiz",
    ],
    level: "log",
  },
  {
    data: [
      "👤 /stravinskasphotography",
    ],
    level: "log",
  },
  {
    data: [
      "👤 /santimattiamtb",
    ],
    level: "log",
  },
  {
    data: [
      "👤 /cyrilkazian",
    ],
    level: "log",
  },
  {
    data: [
      "👤 /josebranco",
    ],
    level: "log",
  },
  {
    data: [
      "👤 /ogsft",
    ],
    level: "log",
  },
  {
    data: [
      "👤 /Giancarlo_Tofanelli",
    ],
    level: "log",
  },
  {
    data: [
      "👤 /carlosalbertolopes",
    ],
    level: "log",
  },
  {
    data: [
      "👤 /milanosss",
    ],
    level: "log",
  },
  {
    data: [
      "👤 /Emailwalla",
    ],
    level: "log",
  },
  {
    data: [
      "👤 /roger_reyna",
    ],
    level: "log",
  },
  {
    data: [
      "👤 /wierikko",
    ],
    level: "log",
  },
  {
    data: [
      "👤 /pjfry76",
    ],
    level: "log",
  },
  {
    data: [
      "👤 /antonsfilipovs",
    ],
    level: "log",
  },
  {
    data: [
      "👤 /fluba",
    ],
    level: "log",
  },
  {
    data: [
      "👤 /simonmazik",
    ],
    level: "log",
  },
  {
    data: [
      "👤 /leonardophotographer1",
    ],
    level: "log",
  },
  {
    data: [
      "👤 /pema1",
    ],
    level: "log",
  },
  {
    data: [
      "👤 /gauraphotography",
    ],
    level: "log",
  },
  {
    data: [
      "👤 /tiancs",
    ],
    level: "log",
  },
  {
    data: [
      "👤 /jagan",
    ],
    level: "log",
  },
  {
    data: [
      "👤 /kcarper",
    ],
    level: "log",
  },
  {
    data: [
      "👤 /photogenicconnections_com_francisjeffery",
    ],
    level: "log",
  },
  {
    data: [
      "👤 /guenyb",
    ],
    level: "log",
  },
  {
    data: [
      "👤 /imageslabo",
    ],
    level: "log",
  },
  {
    data: [
      "👤 /pedrosaolabarria",
    ],
    level: "log",
  },
  {
    data: [
      "👤 /revonoissim",
    ],
    level: "log",
  },
  {
    data: [
      "👤 /PevibaFoto",
    ],
    level: "log",
  },
  {
    data: [
      "👤 /groumi",
    ],
    level: "log",
  },
  {
    data: [
      "👤 /gianfrancosato",
    ],
    level: "log",
  },
  {
    data: [
      "👤 /qmugnaini",
    ],
    level: "log",
  },
  {
    data: [
      "👤 /belf20",
    ],
    level: "log",
  },
  {
    data: [
      "👤 /dakoistvan",
    ],
    level: "log",
  },
  {
    data: [
      "👤 /PatrizioNapolitano",
    ],
    level: "log",
  },
  {
    data: [
      "👤 /hazo",
    ],
    level: "log",
  },
  {
    data: [
      "👤 /tassietom",
    ],
    level: "log",
  },
  {
    data: [
      "👤 /henry510",
    ],
    level: "log",
  },
  {
    data: [
      "👤 /pag52",
    ],
    level: "log",
  },
  {
    data: [
      "👤 /sergey_aleshchenko",
    ],
    level: "log",
  },
  {
    data: [
      "👤 /tigerseo",
    ],
    level: "log",
  },
  {
    data: [
      "👤 /shirnia",
    ],
    level: "log",
  },
  {
    data: [
      "👤 /serrge",
    ],
    level: "log",
  },
  {
    data: [
      "👤 /williamself",
    ],
    level: "log",
  },
  {
    data: [
      "👤 /vanoostrum",
    ],
    level: "log",
  },
  {
    data: [
      "👤 /Mike_Schw",
    ],
    level: "log",
  },
  {
    data: [
      "👤 /edtsousa",
    ],
    level: "log",
  },
  {
    data: [
      "👤 /_jeffery_",
    ],
    level: "log",
  },
  {
    data: [
      "👤 /HoWorld",
    ],
    level: "log",
  },
  {
    data: [
      "👤 /lembergalicia",
    ],
    level: "log",
  },
  {
    data: [
      "👤 /litasoft",
    ],
    level: "log",
  },
  {
    data: [
      "👤 /michaelkphotographie",
    ],
    level: "log",
  },
  {
    data: [
      "👤 /Gilbert13",
    ],
    level: "log",
  },
  {
    data: [
      "👤 /jimtlindsey",
    ],
    level: "log",
  },
  {
    data: [
      "👤 /fotopalasz",
    ],
    level: "log",
  },
  {
    data: [
      "👤 /m_sz",
    ],
    level: "log",
  },
  {
    data: [
      "👤 /DoifiriTopo",
    ],
    level: "log",
  },
  {
    data: [
      "👤 /ndwarraich",
    ],
    level: "log",
  },
  {
    data: [
      "👤 /duke_saito",
    ],
    level: "log",
  },
  {
    data: [
      "👤 /dorisenders",
    ],
    level: "log",
  },
  {
    data: [
      "👤 /fulopatesz",
    ],
    level: "log",
  },
  {
    data: [
      "👤 /Unschaerfebereich",
    ],
    level: "log",
  },
  {
    data: [
      "👤 /Jean-FrancoisChaubard",
    ],
    level: "log",
  },
  {
    data: [
      "👤 /RNavarro",
    ],
    level: "log",
  },
  {
    data: [
      "👤 /HerbertAFranke",
    ],
    level: "log",
  },
  {
    data: [
      "👤 /dmitryelizarov",
    ],
    level: "log",
  },
  {
    data: [
      "👤 /VladPrynkov",
    ],
    level: "log",
  },
  {
    data: [
      "👤 /whawerkamp",
    ],
    level: "log",
  },
  {
    data: [
      "👤 /montantegerlando",
    ],
    level: "log",
  },
  {
    data: [
      "👤 /mayhekmat2020",
    ],
    level: "log",
  },
  {
    data: [
      "👤 /the_sicilians",
    ],
    level: "log",
  },
  {
    data: [
      "👤 /robbertladan",
    ],
    level: "log",
  },
  {
    data: [
      "👤 /jmsoliva",
    ],
    level: "log",
  },
  {
    data: [
      "👤 /didierb",
    ],
    level: "log",
  },
  {
    data: [
      "👤 /olga80_2004",
    ],
    level: "log",
  },
  {
    data: [
      "👤 /MischkaSunny",
    ],
    level: "log",
  },
  {
    data: [
      "👤 /fotosh",
    ],
    level: "log",
  },
  {
    data: [
      "👤 /lia8887",
    ],
    level: "log",
  },
  {
    data: [
      "👤 /dipingche",
    ],
    level: "log",
  },
  {
    data: [
      "👤 /Anderson35mm",
    ],
    level: "log",
  },
  {
    data: [
      "👤 /gildasio_lima",
    ],
    level: "log",
  },
  {
    data: [
      "👤 /nldms",
    ],
    level: "log",
  },
  {
    data: [
      "👤 /yurko",
    ],
    level: "log",
  },
  {
    data: [
      "👤 /p13collado",
    ],
    level: "log",
  },
  {
    data: [
      "👤 /Alexander_Vinogradov",
    ],
    level: "log",
  },
  {
    data: [
      "👤 /patriciabeck1",
    ],
    level: "log",
  },
  {
    data: [
      "👤 /maritimariana",
    ],
    level: "log",
  },
  {
    data: [
      "👤 /stefanradi",
    ],
    level: "log",
  },
  {
    data: [
      "👤 /TomaKlemenak",
    ],
    level: "log",
  },
  {
    data: [
      "👤 /nerion",
    ],
    level: "log",
  },
  {
    data: [
      "👤 /airathan",
    ],
    level: "log",
  },
  {
    data: [
      "👤 /juacuaphoto",
    ],
    level: "log",
  },
  {
    data: [
      "👤 /dimodance2013",
    ],
    level: "log",
  },
  {
    data: [
      "👤 /danny_key",
    ],
    level: "log",
  },
  {
    data: [
      "👤 /alexavedessian",
    ],
    level: "log",
  },
  {
    data: [
      "👤 /hans24",
    ],
    level: "log",
  },
  {
    data: [
      "👤 /priiteinbaum",
    ],
    level: "log",
  },
  {
    data: [
      "👤 /enryba",
    ],
    level: "log",
  },
  {
    data: [
      "👤 /takismark",
    ],
    level: "log",
  },
  {
    data: [
      "👤 /trepassiavanti",
    ],
    level: "log",
  },
  {
    data: [
      "👤 /vrenda",
    ],
    level: "log",
  },
  {
    data: [
      "👤 /abracadabra15",
    ],
    level: "log",
  },
  {
    data: [
      "👤 /snappy_snaps",
    ],
    level: "log",
  },
  {
    data: [
      "👤 /welatodabasi",
    ],
    level: "log",
  },
  {
    data: [
      "👤 /johnamm",
    ],
    level: "log",
  },
  {
    data: [
      "👤 /raimondo_restelli",
    ],
    level: "log",
  },
  {
    data: [
      "👤 /chris_froome",
    ],
    level: "log",
  },
  {
    data: [
      "👤 /made_in_juju_",
    ],
    level: "log",
  },
  {
    data: [
      "👤 /macieklew1964",
    ],
    level: "log",
  },
  {
    data: [
      "👤 /Terrace93",
    ],
    level: "log",
  },
  {
    data: [
      "👤 /codewalkerster",
    ],
    level: "log",
  },
  {
    data: [
      "👤 /fernandoglzsanz",
    ],
    level: "log",
  },
  {
    data: [
      "👤 /susiecastellano",
    ],
    level: "log",
  },
  {
    data: [
      "👤 /mjhpdx",
    ],
    level: "log",
  },
  {
    data: [
      "👤 /couponkid8081",
    ],
    level: "log",
  },
  {
    data: [
      "👤 /MaksimDubinsky",
    ],
    level: "log",
  },
  {
    data: [
      "👤 /Chris_de_Visser",
    ],
    level: "log",
  },
  {
    data: [
      "👤 /Raymondgreenwood05",
    ],
    level: "log",
  },
  {
    data: [
      "👤 /chriswtaylor",
    ],
    level: "log",
  },
  {
    data: [
      "👤 /Viachaslau",
    ],
    level: "log",
  },
  {
    data: [
      "👤 /eli5poll3",
    ],
    level: "log",
  },
  {
    data: [
      "👤 /lbelener",
    ],
    level: "log",
  },
  {
    data: [
      "👤 /ilgarfazili",
    ],
    level: "log",
  },
  {
    data: [
      "👤 /patrickdesmet",
    ],
    level: "log",
  },
  {
    data: [
      "👤 /mauriziotre1",
    ],
    level: "log",
  },
  {
    data: [
      "👤 /kvds",
    ],
    level: "log",
  },
  {
    data: [
      "👤 /masaru810817",
    ],
    level: "log",
  },
  {
    data: [
      "👤 /mehranzehtab",
    ],
    level: "log",
  },
  {
    data: [
      "👤 /Parubochyi",
    ],
    level: "log",
  },
  {
    data: [
      "👤 /ianhunterphoto",
    ],
    level: "log",
  },
  {
    data: [
      "👤 /drrana0207",
    ],
    level: "log",
  },
  {
    data: [
      "👤 /xavier_1",
    ],
    level: "log",
  },
  {
    data: [
      "👤 /UstinaGreen",
    ],
    level: "log",
  },
  {
    data: [
      "👤 /otima",
    ],
    level: "log",
  },
  {
    data: [
      "👤 /frankdobrushken",
    ],
    level: "log",
  },
  {
    data: [
      "👤 /Mateoo",
    ],
    level: "log",
  },
  {
    data: [
      "👤 /Xosep",
    ],
    level: "log",
  },
  {
    data: [
      "👤 /lizhao3000",
    ],
    level: "log",
  },
  {
    data: [
      "👤 /zweistei",
    ],
    level: "log",
  },
  {
    data: [
      "👤 /Isamtelhami",
    ],
    level: "log",
  },
  {
    data: [
      "👤 /J-A-Photographie",
    ],
    level: "log",
  },
  {
    data: [
      "👤 /tibigalambos",
    ],
    level: "log",
  },
  {
    data: [
      "👤 /cehaosk",
    ],
    level: "log",
  },
  {
    data: [
      "👤 /lightcatcherone",
    ],
    level: "log",
  },
  {
    data: [
      "👤 /alexv_g",
    ],
    level: "log",
  },
  {
    data: [
      "👤 /amigospicos",
    ],
    level: "log",
  },
  {
    data: [
      "👤 /DmitrySn",
    ],
    level: "log",
  },
  {
    data: [
      "👤 /majumarpaung",
    ],
    level: "log",
  },
  {
    data: [
      "👤 /gilev6840",
    ],
    level: "log",
  },
  {
    data: [
      "👤 /mventseslav",
    ],
    level: "log",
  },
  {
    data: [
      "👤 /vale83",
    ],
    level: "log",
  },
  {
    data: [
      "👤 /MAKEPIX",
    ],
    level: "log",
  },
  {
    data: [
      "👤 /tompolicano",
    ],
    level: "log",
  },
  {
    data: [
      "👤 /ffranchi56",
    ],
    level: "log",
  },
  {
    data: [
      "👤 /jukejuke1310",
    ],
    level: "log",
  },
  {
    data: [
      "👤 /portgies",
    ],
    level: "log",
  },
  {
    data: [
      "👤 /Winfried_Kastner",
    ],
    level: "log",
  },
  {
    data: [
      "👤 /ArthurPeter",
    ],
    level: "log",
  },
  {
    data: [
      "👤 /janis64",
    ],
    level: "log",
  },
  {
    data: [
      "👤 /AndreyF",
    ],
    level: "log",
  },
  {
    data: [
      "👤 /massi_photos",
    ],
    level: "log",
  },
  {
    data: [
      "👤 /otisjaz",
    ],
    level: "log",
  },
  {
    data: [
      "👤 /andokohut",
    ],
    level: "log",
  },
  {
    data: [
      "👤 /ThomasMuellerPhotography",
    ],
    level: "log",
  },
  {
    data: [
      "👤 /lamoureux",
    ],
    level: "log",
  },
  {
    data: [
      "👤 /daysdaydays",
    ],
    level: "log",
  },
  {
    data: [
      "👤 /boschris828",
    ],
    level: "log",
  },
  {
    data: [
      "👤 /barbaraarussell",
    ],
    level: "log",
  },
  {
    data: [
      "👤 /Vacancier",
    ],
    level: "log",
  },
  {
    data: [
      "👤 /carlos1969",
    ],
    level: "log",
  },
  {
    data: [
      "👤 /PascaleGuy",
    ],
    level: "log",
  },
  {
    data: [
      "👤 /bodro_photography",
    ],
    level: "log",
  },
  {
    data: [
      "👤 /pine827",
    ],
    level: "log",
  },
  {
    data: [
      "👤 /PiersFearick",
    ],
    level: "log",
  },
  {
    data: [
      "👤 /recepkeser",
    ],
    level: "log",
  },
  {
    data: [
      "👤 /MariaAlexandraAbrunhosa",
    ],
    level: "log",
  },
  {
    data: [
      "👤 /55abk",
    ],
    level: "log",
  },
  {
    data: [
      "👤 /jyool5",
    ],
    level: "log",
  },
  {
    data: [
      "👤 /photographer_kamel",
    ],
    level: "log",
  },
  {
    data: [
      "👤 /ramonbobet",
    ],
    level: "log",
  },
  {
    data: [
      "👤 /gcipriani76",
    ],
    level: "log",
  },
  {
    data: [
      "👤 /giacomofinotti",
    ],
    level: "log",
  },
  {
    data: [
      "👤 /juliacoquenao",
    ],
    level: "log",
  },
  {
    data: [
      "👤 /j_artphoto",
    ],
    level: "log",
  },
  {
    data: [
      "👤 /ujjwal_mukherjee",
    ],
    level: "log",
  },
  {
    data: [
      "👤 /ManfredZobrist",
    ],
    level: "log",
  },
  {
    data: [
      "👤 /rador111",
    ],
    level: "log",
  },
  {
    data: [
      "👤 /agiroud",
    ],
    level: "log",
  },
  {
    data: [
      "👤 /lasnicho724",
    ],
    level: "log",
  },
  {
    data: [
      "👤 /pelle_westberg",
    ],
    level: "log",
  },
  {
    data: [
      "👤 /andrejjmrykhin",
    ],
    level: "log",
  },
  {
    data: [
      "👤 /jagzenvo",
    ],
    level: "log",
  },
  {
    data: [
      "👤 /gatti1310",
    ],
    level: "log",
  },
  {
    data: [
      "👤 /danilocfaria",
    ],
    level: "log",
  },
  {
    data: [
      "👤 /radon07",
    ],
    level: "log",
  },
  {
    data: [
      "👤 /davidlabat",
    ],
    level: "log",
  },
  {
    data: [
      "👤 /pinolino",
    ],
    level: "log",
  },
  {
    data: [
      "👤 /Haggs",
    ],
    level: "log",
  },
  {
    data: [
      "👤 /AlexanderSin",
    ],
    level: "log",
  },
  {
    data: [
      "👤 /AlessioLex",
    ],
    level: "log",
  },
  {
    data: [
      "👤 /wolfik",
    ],
    level: "log",
  },
  {
    data: [
      "👤 /oldhart57",
    ],
    level: "log",
  },
  {
    data: [
      "👤 /duboisjohan",
    ],
    level: "log",
  },
  {
    data: [
      "👤 /nicolasprovoste",
    ],
    level: "log",
  },
  {
    data: [
      "👤 /KALAYCI46",
    ],
    level: "log",
  },
  {
    data: [
      "👤 /jacekklucznik",
    ],
    level: "log",
  },
  {
    data: [
      "👤 /siniialex",
    ],
    level: "log",
  },
  {
    data: [
      "👤 /trevcole",
    ],
    level: "log",
  },
  {
    data: [
      "👤 /vegard3",
    ],
    level: "log",
  },
  {
    data: [
      "👤 /armingierer",
    ],
    level: "log",
  },
  {
    data: [
      "👤 /geneoryxb",
    ],
    level: "log",
  },
  {
    data: [
      "👤 /AgfaScala",
    ],
    level: "log",
  },
  {
    data: [
      "👤 /luciawanat",
    ],
    level: "log",
  },
  {
    data: [
      "👤 /RickE0215",
    ],
    level: "log",
  },
  {
    data: [
      "👤 /trefore",
    ],
    level: "log",
  },
  {
    data: [
      "👤 /timllynch",
    ],
    level: "log",
  },
  {
    data: [
      "👤 /ekirilla1",
    ],
    level: "log",
  },
  {
    data: [
      "👤 /JolandaStam",
    ],
    level: "log",
  },
  {
    data: [
      "👤 /Angelanda",
    ],
    level: "log",
  },
  {
    data: [
      "👤 /manosgold",
    ],
    level: "log",
  },
  {
    data: [
      "👤 /suske",
    ],
    level: "log",
  },
  {
    data: [
      "👤 /schmittetienne",
    ],
    level: "log",
  },
  {
    data: [
      "👤 /wterfloth",
    ],
    level: "log",
  },
  {
    data: [
      "👤 /anacagur",
    ],
    level: "log",
  },
  {
    data: [
      "👤 /yuli_7",
    ],
    level: "log",
  },
  {
    data: [
      "👤 /mortezakhobzi",
    ],
    level: "log",
  },
  {
    data: [
      "👤 /amunkings2",
    ],
    level: "log",
  },
  {
    data: [
      "👤 /CarlosZegarraRestani1",
    ],
    level: "log",
  },
  {
    data: [
      "👤 /xavier13",
    ],
    level: "log",
  },
  {
    data: [
      "👤 /fiferfindsitbeautiful",
    ],
    level: "log",
  },
  {
    data: [
      "👤 /everaertr",
    ],
    level: "log",
  },
  {
    data: [
      "👤 /ioannis_m",
    ],
    level: "log",
  },
  {
    data: [
      "👤 /Ciupek",
    ],
    level: "log",
  },
  {
    data: [
      "👤 /JeanMichelMarin",
    ],
    level: "log",
  },
  {
    data: [
      "👤 /takelbery",
    ],
    level: "log",
  },
  {
    data: [
      "👤 /DavidLopezGarcia1",
    ],
    level: "log",
  },
  {
    data: [
      "👤 /mrilorlins",
    ],
    level: "log",
  },
  {
    data: [
      "👤 /monevasionamoi",
    ],
    level: "log",
  },
  {
    data: [
      "👤 /claudionobile2",
    ],
    level: "log",
  },
  {
    data: [
      "👤 /omer72",
    ],
    level: "log",
  },
  {
    data: [
      "👤 /JairoAngel",
    ],
    level: "log",
  },
  {
    data: [
      "👤 /vikjngo",
    ],
    level: "log",
  },
  {
    data: [
      "👤 /Matthias_Phuong",
    ],
    level: "log",
  },
  {
    data: [
      "👤 /dskrause",
    ],
    level: "log",
  },
  {
    data: [
      "👤 /timothyanwilliam19",
    ],
    level: "log",
  },
  {
    data: [
      "👤 /smoczarski",
    ],
    level: "log",
  },
  {
    data: [
      "👤 /santrade2",
    ],
    level: "log",
  },
  {
    data: [
      "👤 /pauljanosi",
    ],
    level: "log",
  },
  {
    data: [
      "👤 /saland2005",
    ],
    level: "log",
  },
  {
    data: [
      "👤 /jorgerosa717",
    ],
    level: "log",
  },
  {
    data: [
      "👤 /Leker",
    ],
    level: "log",
  },
  {
    data: [
      "👤 /chrislo59",
    ],
    level: "log",
  },
  {
    data: [
      "👤 /jmfermosel",
    ],
    level: "log",
  },
  {
    data: [
      "👤 /PiotrLipski",
    ],
    level: "log",
  },
  {
    data: [
      "👤 /mixtli0102",
    ],
    level: "log",
  },
  {
    data: [
      "👤 /pvoutside",
    ],
    level: "log",
  },
  {
    data: [
      "👤 /luc-laGrange-vangindertael",
    ],
    level: "log",
  },
  {
    data: [
      "👤 /errebe81",
    ],
    level: "log",
  },
  {
    data: [
      "👤 /DashaMari",
    ],
    level: "log",
  },
  {
    data: [
      "👤 /hkoske",
    ],
    level: "log",
  },
  {
    data: [
      "👤 /frhoogeboom",
    ],
    level: "log",
  },
  {
    data: [
      "👤 /gilclaes",
    ],
    level: "log",
  },
  {
    data: [
      "👤 /xav71",
    ],
    level: "log",
  },
  {
    data: [
      "👤 /alex60polli",
    ],
    level: "log",
  },
  {
    data: [
      "👤 /aphase",
    ],
    level: "log",
  },
  {
    data: [
      "👤 /salutea",
    ],
    level: "log",
  },
  {
    data: [
      "👤 /krzymat10",
    ],
    level: "log",
  },
  {
    data: [
      "👤 /jag553c",
    ],
    level: "log",
  },
  {
    data: [
      "👤 /toxic_pics",
    ],
    level: "log",
  },
  {
    data: [
      "👤 /masoudhairan",
    ],
    level: "log",
  },
  {
    data: [
      "👤 /bamtog",
    ],
    level: "log",
  },
  {
    data: [
      "👤 /apolloer",
    ],
    level: "log",
  },
  {
    data: [
      "👤 /bayraktaremin68",
    ],
    level: "log",
  },
  {
    data: [
      "👤 /bina6511",
    ],
    level: "log",
  },
  {
    data: [
      "👤 /ivanphotographer008",
    ],
    level: "log",
  },
]
`;

snapshot[`500px follows --help 1`] = `
[
  {
    data: [
      "
Usage: 500px follows <username>

Description:

  Prints follower information on 500px.

Options:

  -h, --help  - Show this help.                           
  --json      - Output the follower information as JSON.  

Examples:

  500px follows                                            Prints follow counts.                             
  500px follows --follows                                  Follow users who follow.                          
  500px follows --unfollow                                 Unfollow users who dont' follow.                  
  500px follows --follow --unfollow                        Matches both lists.                               
  500px follows --json                                     Outputs JSON of follower information.             
  500px follows --json | jq                                Query JSON for follower information.              
  500px follows --json | jq '.dontFollowBack[].username'   List users who are followed but don't follow back.
  500px follows --json | jq '.notFollowingBack[].username' List users who follow but are not followed back.  
",
    ],
    level: "log",
  },
]
`;

snapshot[`500px follows <username> 1`] = `
[
  {
    data: [
      "👤 Following 266 people.",
    ],
    level: "log",
  },
  {
    data: [
      "👤 Followed by 116 people.",
    ],
    level: "log",
  },
]
`;

snapshot[`500px photos --help 1`] = `
[
  {
    data: [
      "
Usage: 500px photos <username>

Description:

  Prints the list of photos for a 500px user.

Options:

  -h, --help  - Show this help.                        
  --json      - Output the photo information as JSON.  

Examples:

  500px photos <username>             Prints the list of photos for a user.
  500px photos <username> --json | jq Query photos as JSON.                
",
    ],
    level: "log",
  },
]
`;

snapshot[`500px photos <username> 1`] = `
[
  {
    data: [
      "🏞️ Serpent Spectation             📈89.8 ❤️ 81  👁️ 1382
🏞️ Dawn of Revelation             📈90.7 ❤️ 113 👁️ 1243
🏞️ Coordinating Phoenix           📈91.1 ❤️ 124 👁️ 1138
🏞️ Architectural Lasagna          📈91.9 ❤️ 169 👁️ 1210
🏞️ Big Spike Policy               📈76.2 ❤️ 132 👁️ 369 
🏞️ Soft and Sharp                 📈70.5 ❤️ 117 👁️ 367 
🏞️ Collective Memory              📈67.6 ❤️ 97  👁️ 115 
🏞️ Urban Luminescence             📈68.3 ❤️ 114 👁️ 134 
🏞️ Reflexive Dome                 📈67.6 ❤️ 104 👁️ 161 
🏞️ Enforced Silence               📈64.2 ❤️ 71  👁️ 227 
🏞️ Foraging Nectar                📈58.3 ❤️ 49  👁️ 209 
🏞️ Observed Narration             📈60.8 ❤️ 48  👁️ 140 
🏞️ Future Blues                   📈44.4 ❤️ 58  👁️ 174 
🏞️ Bridge to Serenity             📈42.9 ❤️ 46  👁️ 104 
🏞️ Greyhound Glimpse              📈47.3 ❤️ 44  👁️ 146 
🏞️ Guardian Panes                 📈63.1 ❤️ 61  👁️ 144 
🏞️ Iron Giant                     📈57.3 ❤️ 38  👁️ 129 
🏞️ Prickly Persona                📈58.9 ❤️ 40  👁️ 144 
🏞️ Poolside Pink                  📈39.8 ❤️ 30  👁️ 136 
🏞️ Tire and Throne                📈52.8 ❤️ 40  👁️ 97  
🏞️ Clouds and Steel               📈40.8 ❤️ 34  👁️ 83  
🏞️ Cosmic Encounter               📈38   ❤️ 25  👁️ 89  
🏞️ Tour de Facade                 📈37   ❤️ 22  👁️ 95  
🏞️ Imagined Breakthrough Mornings 📈31.9 ❤️ 15  👁️ 92  
🏞️ London Figaro                  📈46.2 ❤️ 34  👁️ 76  
🏞️ Submerged Cyclist              📈36.3 ❤️ 17  👁️ 89  
🏞️ Cloudcraft                     📈34.6 ❤️ 18  👁️ 85  
🏞️ Dawn of Flight                 📈41.5 ❤️ 15  👁️ 62  
🏞️ Wheel in the Sky               📈36.1 ❤️ 21  👁️ 67  
🏞️ Sphere of Perfection           📈35.7 ❤️ 18  👁️ 92  ",
    ],
    level: "log",
  },
]
`;
