export const snapshot = {};

snapshot[`createPullRequest() creates PR 1`] = `
{
  _links: {
    comments: {
      href: "https://api.github.com/repos/tugrulates/dotfiles/issues/2/comments",
    },
    commits: {
      href: "https://api.github.com/repos/tugrulates/dotfiles/pulls/2/commits",
    },
    html: {
      href: "https://github.com/tugrulates/dotfiles/pull/2",
    },
    issue: {
      href: "https://api.github.com/repos/tugrulates/dotfiles/issues/2",
    },
    review_comment: {
      href: "https://api.github.com/repos/tugrulates/dotfiles/pulls/comments{/number}",
    },
    review_comments: {
      href: "https://api.github.com/repos/tugrulates/dotfiles/pulls/2/comments",
    },
    self: {
      href: "https://api.github.com/repos/tugrulates/dotfiles/pulls/2",
    },
    statuses: {
      href: "https://api.github.com/repos/tugrulates/dotfiles/statuses/4315fa15d4996ce9a703e4bda96298f0077a9d22",
    },
  },
  active_lock_reason: null,
  additions: 0,
  assignee: null,
  assignees: [],
  author_association: "OWNER",
  auto_merge: null,
  base: {
    label: "tugrulates:main",
    ref: "main",
    repo: {
      allow_forking: true,
      archive_url: "https://api.github.com/repos/tugrulates/dotfiles/{archive_format}{/ref}",
      archived: false,
      assignees_url: "https://api.github.com/repos/tugrulates/dotfiles/assignees{/user}",
      blobs_url: "https://api.github.com/repos/tugrulates/dotfiles/git/blobs{/sha}",
      branches_url: "https://api.github.com/repos/tugrulates/dotfiles/branches{/branch}",
      clone_url: "https://github.com/tugrulates/dotfiles.git",
      collaborators_url: "https://api.github.com/repos/tugrulates/dotfiles/collaborators{/collaborator}",
      comments_url: "https://api.github.com/repos/tugrulates/dotfiles/comments{/number}",
      commits_url: "https://api.github.com/repos/tugrulates/dotfiles/commits{/sha}",
      compare_url: "https://api.github.com/repos/tugrulates/dotfiles/compare/{base}...{head}",
      contents_url: "https://api.github.com/repos/tugrulates/dotfiles/contents/{+path}",
      contributors_url: "https://api.github.com/repos/tugrulates/dotfiles/contributors",
      created_at: "2019-01-13T02:39:00Z",
      default_branch: "main",
      deployments_url: "https://api.github.com/repos/tugrulates/dotfiles/deployments",
      description: "Dotfiles",
      disabled: false,
      downloads_url: "https://api.github.com/repos/tugrulates/dotfiles/downloads",
      events_url: "https://api.github.com/repos/tugrulates/dotfiles/events",
      fork: false,
      forks: 0,
      forks_count: 0,
      forks_url: "https://api.github.com/repos/tugrulates/dotfiles/forks",
      full_name: "tugrulates/dotfiles",
      git_commits_url: "https://api.github.com/repos/tugrulates/dotfiles/git/commits{/sha}",
      git_refs_url: "https://api.github.com/repos/tugrulates/dotfiles/git/refs{/sha}",
      git_tags_url: "https://api.github.com/repos/tugrulates/dotfiles/git/tags{/sha}",
      git_url: "git://github.com/tugrulates/dotfiles.git",
      has_discussions: false,
      has_downloads: true,
      has_issues: true,
      has_pages: false,
      has_projects: false,
      has_wiki: false,
      homepage: "",
      hooks_url: "https://api.github.com/repos/tugrulates/dotfiles/hooks",
      html_url: "https://github.com/tugrulates/dotfiles",
      id: 165458246,
      is_template: false,
      issue_comment_url: "https://api.github.com/repos/tugrulates/dotfiles/issues/comments{/number}",
      issue_events_url: "https://api.github.com/repos/tugrulates/dotfiles/issues/events{/number}",
      issues_url: "https://api.github.com/repos/tugrulates/dotfiles/issues{/number}",
      keys_url: "https://api.github.com/repos/tugrulates/dotfiles/keys{/key_id}",
      labels_url: "https://api.github.com/repos/tugrulates/dotfiles/labels{/name}",
      language: "Shell",
      languages_url: "https://api.github.com/repos/tugrulates/dotfiles/languages",
      license: {
        key: "mit",
        name: "MIT License",
        node_id: "MDc6TGljZW5zZTEz",
        spdx_id: "MIT",
        url: "https://api.github.com/licenses/mit",
      },
      merges_url: "https://api.github.com/repos/tugrulates/dotfiles/merges",
      milestones_url: "https://api.github.com/repos/tugrulates/dotfiles/milestones{/number}",
      mirror_url: null,
      name: "dotfiles",
      node_id: "MDEwOlJlcG9zaXRvcnkxNjU0NTgyNDY=",
      notifications_url: "https://api.github.com/repos/tugrulates/dotfiles/notifications{?since,all,participating}",
      open_issues: 1,
      open_issues_count: 1,
      owner: {
        avatar_url: "https://avatars.githubusercontent.com/u/5593188?v=4",
        events_url: "https://api.github.com/users/tugrulates/events{/privacy}",
        followers_url: "https://api.github.com/users/tugrulates/followers",
        following_url: "https://api.github.com/users/tugrulates/following{/other_user}",
        gists_url: "https://api.github.com/users/tugrulates/gists{/gist_id}",
        gravatar_id: "",
        html_url: "https://github.com/tugrulates",
        id: 5593188,
        login: "tugrulates",
        node_id: "MDQ6VXNlcjU1OTMxODg=",
        organizations_url: "https://api.github.com/users/tugrulates/orgs",
        received_events_url: "https://api.github.com/users/tugrulates/received_events",
        repos_url: "https://api.github.com/users/tugrulates/repos",
        site_admin: false,
        starred_url: "https://api.github.com/users/tugrulates/starred{/owner}{/repo}",
        subscriptions_url: "https://api.github.com/users/tugrulates/subscriptions",
        type: "User",
        url: "https://api.github.com/users/tugrulates",
        user_view_type: "public",
      },
      private: false,
      pulls_url: "https://api.github.com/repos/tugrulates/dotfiles/pulls{/number}",
      pushed_at: "2025-01-06T10:04:45Z",
      releases_url: "https://api.github.com/repos/tugrulates/dotfiles/releases{/id}",
      size: 50,
      ssh_url: "git@github.com:tugrulates/dotfiles.git",
      stargazers_count: 1,
      stargazers_url: "https://api.github.com/repos/tugrulates/dotfiles/stargazers",
      statuses_url: "https://api.github.com/repos/tugrulates/dotfiles/statuses/{sha}",
      subscribers_url: "https://api.github.com/repos/tugrulates/dotfiles/subscribers",
      subscription_url: "https://api.github.com/repos/tugrulates/dotfiles/subscription",
      svn_url: "https://github.com/tugrulates/dotfiles",
      tags_url: "https://api.github.com/repos/tugrulates/dotfiles/tags",
      teams_url: "https://api.github.com/repos/tugrulates/dotfiles/teams",
      topics: [],
      trees_url: "https://api.github.com/repos/tugrulates/dotfiles/git/trees{/sha}",
      updated_at: "2025-01-06T10:04:49Z",
      url: "https://api.github.com/repos/tugrulates/dotfiles",
      visibility: "public",
      watchers: 1,
      watchers_count: 1,
      web_commit_signoff_required: false,
    },
    sha: "6e9d40d08a4f212e1332d959f061ad54179bf33f",
    user: {
      avatar_url: "https://avatars.githubusercontent.com/u/5593188?v=4",
      events_url: "https://api.github.com/users/tugrulates/events{/privacy}",
      followers_url: "https://api.github.com/users/tugrulates/followers",
      following_url: "https://api.github.com/users/tugrulates/following{/other_user}",
      gists_url: "https://api.github.com/users/tugrulates/gists{/gist_id}",
      gravatar_id: "",
      html_url: "https://github.com/tugrulates",
      id: 5593188,
      login: "tugrulates",
      node_id: "MDQ6VXNlcjU1OTMxODg=",
      organizations_url: "https://api.github.com/users/tugrulates/orgs",
      received_events_url: "https://api.github.com/users/tugrulates/received_events",
      repos_url: "https://api.github.com/users/tugrulates/repos",
      site_admin: false,
      starred_url: "https://api.github.com/users/tugrulates/starred{/owner}{/repo}",
      subscriptions_url: "https://api.github.com/users/tugrulates/subscriptions",
      type: "User",
      url: "https://api.github.com/users/tugrulates",
      user_view_type: "public",
    },
  },
  body: "Please delete me.",
  changed_files: 0,
  closed_at: null,
  comments: 0,
  comments_url: "https://api.github.com/repos/tugrulates/dotfiles/issues/2/comments",
  commits: 1,
  commits_url: "https://api.github.com/repos/tugrulates/dotfiles/pulls/2/commits",
  created_at: "2025-01-28T21:22:55Z",
  deletions: 0,
  diff_url: "https://github.com/tugrulates/dotfiles/pull/2.diff",
  draft: true,
  head: {
    label: "tugrulates:test",
    ref: "test",
    repo: {
      allow_forking: true,
      archive_url: "https://api.github.com/repos/tugrulates/dotfiles/{archive_format}{/ref}",
      archived: false,
      assignees_url: "https://api.github.com/repos/tugrulates/dotfiles/assignees{/user}",
      blobs_url: "https://api.github.com/repos/tugrulates/dotfiles/git/blobs{/sha}",
      branches_url: "https://api.github.com/repos/tugrulates/dotfiles/branches{/branch}",
      clone_url: "https://github.com/tugrulates/dotfiles.git",
      collaborators_url: "https://api.github.com/repos/tugrulates/dotfiles/collaborators{/collaborator}",
      comments_url: "https://api.github.com/repos/tugrulates/dotfiles/comments{/number}",
      commits_url: "https://api.github.com/repos/tugrulates/dotfiles/commits{/sha}",
      compare_url: "https://api.github.com/repos/tugrulates/dotfiles/compare/{base}...{head}",
      contents_url: "https://api.github.com/repos/tugrulates/dotfiles/contents/{+path}",
      contributors_url: "https://api.github.com/repos/tugrulates/dotfiles/contributors",
      created_at: "2019-01-13T02:39:00Z",
      default_branch: "main",
      deployments_url: "https://api.github.com/repos/tugrulates/dotfiles/deployments",
      description: "Dotfiles",
      disabled: false,
      downloads_url: "https://api.github.com/repos/tugrulates/dotfiles/downloads",
      events_url: "https://api.github.com/repos/tugrulates/dotfiles/events",
      fork: false,
      forks: 0,
      forks_count: 0,
      forks_url: "https://api.github.com/repos/tugrulates/dotfiles/forks",
      full_name: "tugrulates/dotfiles",
      git_commits_url: "https://api.github.com/repos/tugrulates/dotfiles/git/commits{/sha}",
      git_refs_url: "https://api.github.com/repos/tugrulates/dotfiles/git/refs{/sha}",
      git_tags_url: "https://api.github.com/repos/tugrulates/dotfiles/git/tags{/sha}",
      git_url: "git://github.com/tugrulates/dotfiles.git",
      has_discussions: false,
      has_downloads: true,
      has_issues: true,
      has_pages: false,
      has_projects: false,
      has_wiki: false,
      homepage: "",
      hooks_url: "https://api.github.com/repos/tugrulates/dotfiles/hooks",
      html_url: "https://github.com/tugrulates/dotfiles",
      id: 165458246,
      is_template: false,
      issue_comment_url: "https://api.github.com/repos/tugrulates/dotfiles/issues/comments{/number}",
      issue_events_url: "https://api.github.com/repos/tugrulates/dotfiles/issues/events{/number}",
      issues_url: "https://api.github.com/repos/tugrulates/dotfiles/issues{/number}",
      keys_url: "https://api.github.com/repos/tugrulates/dotfiles/keys{/key_id}",
      labels_url: "https://api.github.com/repos/tugrulates/dotfiles/labels{/name}",
      language: "Shell",
      languages_url: "https://api.github.com/repos/tugrulates/dotfiles/languages",
      license: {
        key: "mit",
        name: "MIT License",
        node_id: "MDc6TGljZW5zZTEz",
        spdx_id: "MIT",
        url: "https://api.github.com/licenses/mit",
      },
      merges_url: "https://api.github.com/repos/tugrulates/dotfiles/merges",
      milestones_url: "https://api.github.com/repos/tugrulates/dotfiles/milestones{/number}",
      mirror_url: null,
      name: "dotfiles",
      node_id: "MDEwOlJlcG9zaXRvcnkxNjU0NTgyNDY=",
      notifications_url: "https://api.github.com/repos/tugrulates/dotfiles/notifications{?since,all,participating}",
      open_issues: 1,
      open_issues_count: 1,
      owner: {
        avatar_url: "https://avatars.githubusercontent.com/u/5593188?v=4",
        events_url: "https://api.github.com/users/tugrulates/events{/privacy}",
        followers_url: "https://api.github.com/users/tugrulates/followers",
        following_url: "https://api.github.com/users/tugrulates/following{/other_user}",
        gists_url: "https://api.github.com/users/tugrulates/gists{/gist_id}",
        gravatar_id: "",
        html_url: "https://github.com/tugrulates",
        id: 5593188,
        login: "tugrulates",
        node_id: "MDQ6VXNlcjU1OTMxODg=",
        organizations_url: "https://api.github.com/users/tugrulates/orgs",
        received_events_url: "https://api.github.com/users/tugrulates/received_events",
        repos_url: "https://api.github.com/users/tugrulates/repos",
        site_admin: false,
        starred_url: "https://api.github.com/users/tugrulates/starred{/owner}{/repo}",
        subscriptions_url: "https://api.github.com/users/tugrulates/subscriptions",
        type: "User",
        url: "https://api.github.com/users/tugrulates",
        user_view_type: "public",
      },
      private: false,
      pulls_url: "https://api.github.com/repos/tugrulates/dotfiles/pulls{/number}",
      pushed_at: "2025-01-06T10:04:45Z",
      releases_url: "https://api.github.com/repos/tugrulates/dotfiles/releases{/id}",
      size: 50,
      ssh_url: "git@github.com:tugrulates/dotfiles.git",
      stargazers_count: 1,
      stargazers_url: "https://api.github.com/repos/tugrulates/dotfiles/stargazers",
      statuses_url: "https://api.github.com/repos/tugrulates/dotfiles/statuses/{sha}",
      subscribers_url: "https://api.github.com/repos/tugrulates/dotfiles/subscribers",
      subscription_url: "https://api.github.com/repos/tugrulates/dotfiles/subscription",
      svn_url: "https://github.com/tugrulates/dotfiles",
      tags_url: "https://api.github.com/repos/tugrulates/dotfiles/tags",
      teams_url: "https://api.github.com/repos/tugrulates/dotfiles/teams",
      topics: [],
      trees_url: "https://api.github.com/repos/tugrulates/dotfiles/git/trees{/sha}",
      updated_at: "2025-01-06T10:04:49Z",
      url: "https://api.github.com/repos/tugrulates/dotfiles",
      visibility: "public",
      watchers: 1,
      watchers_count: 1,
      web_commit_signoff_required: false,
    },
    sha: "4315fa15d4996ce9a703e4bda96298f0077a9d22",
    user: {
      avatar_url: "https://avatars.githubusercontent.com/u/5593188?v=4",
      events_url: "https://api.github.com/users/tugrulates/events{/privacy}",
      followers_url: "https://api.github.com/users/tugrulates/followers",
      following_url: "https://api.github.com/users/tugrulates/following{/other_user}",
      gists_url: "https://api.github.com/users/tugrulates/gists{/gist_id}",
      gravatar_id: "",
      html_url: "https://github.com/tugrulates",
      id: 5593188,
      login: "tugrulates",
      node_id: "MDQ6VXNlcjU1OTMxODg=",
      organizations_url: "https://api.github.com/users/tugrulates/orgs",
      received_events_url: "https://api.github.com/users/tugrulates/received_events",
      repos_url: "https://api.github.com/users/tugrulates/repos",
      site_admin: false,
      starred_url: "https://api.github.com/users/tugrulates/starred{/owner}{/repo}",
      subscriptions_url: "https://api.github.com/users/tugrulates/subscriptions",
      type: "User",
      url: "https://api.github.com/users/tugrulates",
      user_view_type: "public",
    },
  },
  html_url: "https://github.com/tugrulates/dotfiles/pull/2",
  id: 2303242048,
  issue_url: "https://api.github.com/repos/tugrulates/dotfiles/issues/2",
  labels: [],
  locked: false,
  maintainer_can_modify: false,
  merge_commit_sha: null,
  mergeable: null,
  mergeable_state: "unknown",
  merged: false,
  merged_at: null,
  merged_by: null,
  milestone: null,
  node_id: "PR_kwDOCdyxRs6JSK9A",
  number: 2,
  patch_url: "https://github.com/tugrulates/dotfiles/pull/2.patch",
  rebaseable: null,
  requested_reviewers: [],
  requested_teams: [],
  review_comment_url: "https://api.github.com/repos/tugrulates/dotfiles/pulls/comments{/number}",
  review_comments: 0,
  review_comments_url: "https://api.github.com/repos/tugrulates/dotfiles/pulls/2/comments",
  state: "open",
  statuses_url: "https://api.github.com/repos/tugrulates/dotfiles/statuses/4315fa15d4996ce9a703e4bda96298f0077a9d22",
  title: "created by test",
  updated_at: "2025-01-28T21:22:55Z",
  url: "https://api.github.com/repos/tugrulates/dotfiles/pulls/2",
  user: {
    avatar_url: "https://avatars.githubusercontent.com/u/5593188?v=4",
    events_url: "https://api.github.com/users/tugrulates/events{/privacy}",
    followers_url: "https://api.github.com/users/tugrulates/followers",
    following_url: "https://api.github.com/users/tugrulates/following{/other_user}",
    gists_url: "https://api.github.com/users/tugrulates/gists{/gist_id}",
    gravatar_id: "",
    html_url: "https://github.com/tugrulates",
    id: 5593188,
    login: "tugrulates",
    node_id: "MDQ6VXNlcjU1OTMxODg=",
    organizations_url: "https://api.github.com/users/tugrulates/orgs",
    received_events_url: "https://api.github.com/users/tugrulates/received_events",
    repos_url: "https://api.github.com/users/tugrulates/repos",
    site_admin: false,
    starred_url: "https://api.github.com/users/tugrulates/starred{/owner}{/repo}",
    subscriptions_url: "https://api.github.com/users/tugrulates/subscriptions",
    type: "User",
    url: "https://api.github.com/users/tugrulates",
    user_view_type: "public",
  },
}
`;

snapshot[`findPullRequests() returns open PRs 1`] = `
[
  {
    _links: {
      comments: {
        href: "https://api.github.com/repos/tugrulates/repo/issues/98/comments",
      },
      commits: {
        href: "https://api.github.com/repos/tugrulates/repo/pulls/98/commits",
      },
      html: {
        href: "https://github.com/tugrulates/repo/pull/98",
      },
      issue: {
        href: "https://api.github.com/repos/tugrulates/repo/issues/98",
      },
      review_comment: {
        href: "https://api.github.com/repos/tugrulates/repo/pulls/comments{/number}",
      },
      review_comments: {
        href: "https://api.github.com/repos/tugrulates/repo/pulls/98/comments",
      },
      self: {
        href: "https://api.github.com/repos/tugrulates/repo/pulls/98",
      },
      statuses: {
        href: "https://api.github.com/repos/tugrulates/repo/statuses/08a275a488ec7e887dc747b54f2b83adbeb2c27a",
      },
    },
    active_lock_reason: null,
    assignee: null,
    assignees: [],
    author_association: "OWNER",
    auto_merge: null,
    base: {
      label: "tugrulates:main",
      ref: "main",
      repo: {
        allow_forking: true,
        archive_url: "https://api.github.com/repos/tugrulates/repo/{archive_format}{/ref}",
        archived: false,
        assignees_url: "https://api.github.com/repos/tugrulates/repo/assignees{/user}",
        blobs_url: "https://api.github.com/repos/tugrulates/repo/git/blobs{/sha}",
        branches_url: "https://api.github.com/repos/tugrulates/repo/branches{/branch}",
        clone_url: "https://github.com/tugrulates/repo.git",
        collaborators_url: "https://api.github.com/repos/tugrulates/repo/collaborators{/collaborator}",
        comments_url: "https://api.github.com/repos/tugrulates/repo/comments{/number}",
        commits_url: "https://api.github.com/repos/tugrulates/repo/commits{/sha}",
        compare_url: "https://api.github.com/repos/tugrulates/repo/compare/{base}...{head}",
        contents_url: "https://api.github.com/repos/tugrulates/repo/contents/{+path}",
        contributors_url: "https://api.github.com/repos/tugrulates/repo/contributors",
        created_at: "2018-11-04T04:43:11Z",
        default_branch: "main",
        deployments_url: "https://api.github.com/repos/tugrulates/repo/deployments",
        description: "Deno tinkering",
        disabled: false,
        downloads_url: "https://api.github.com/repos/tugrulates/repo/downloads",
        events_url: "https://api.github.com/repos/tugrulates/repo/events",
        fork: false,
        forks: 0,
        forks_count: 0,
        forks_url: "https://api.github.com/repos/tugrulates/repo/forks",
        full_name: "tugrulates/repo",
        git_commits_url: "https://api.github.com/repos/tugrulates/repo/git/commits{/sha}",
        git_refs_url: "https://api.github.com/repos/tugrulates/repo/git/refs{/sha}",
        git_tags_url: "https://api.github.com/repos/tugrulates/repo/git/tags{/sha}",
        git_url: "git://github.com/tugrulates/repo.git",
        has_discussions: false,
        has_downloads: true,
        has_issues: true,
        has_pages: false,
        has_projects: false,
        has_wiki: false,
        homepage: "https://jsr.io/@tugrulates",
        hooks_url: "https://api.github.com/repos/tugrulates/repo/hooks",
        html_url: "https://github.com/tugrulates/repo",
        id: 156049928,
        is_template: false,
        issue_comment_url: "https://api.github.com/repos/tugrulates/repo/issues/comments{/number}",
        issue_events_url: "https://api.github.com/repos/tugrulates/repo/issues/events{/number}",
        issues_url: "https://api.github.com/repos/tugrulates/repo/issues{/number}",
        keys_url: "https://api.github.com/repos/tugrulates/repo/keys{/key_id}",
        labels_url: "https://api.github.com/repos/tugrulates/repo/labels{/name}",
        language: "TypeScript",
        languages_url: "https://api.github.com/repos/tugrulates/repo/languages",
        license: {
          key: "mit",
          name: "MIT License",
          node_id: "MDc6TGljZW5zZTEz",
          spdx_id: "MIT",
          url: "https://api.github.com/licenses/mit",
        },
        merges_url: "https://api.github.com/repos/tugrulates/repo/merges",
        milestones_url: "https://api.github.com/repos/tugrulates/repo/milestones{/number}",
        mirror_url: null,
        name: "repo",
        node_id: "MDEwOlJlcG9zaXRvcnkxNTYwNDk5Mjg=",
        notifications_url: "https://api.github.com/repos/tugrulates/repo/notifications{?since,all,participating}",
        open_issues: 2,
        open_issues_count: 2,
        owner: {
          avatar_url: "https://avatars.githubusercontent.com/u/5593188?v=4",
          events_url: "https://api.github.com/users/tugrulates/events{/privacy}",
          followers_url: "https://api.github.com/users/tugrulates/followers",
          following_url: "https://api.github.com/users/tugrulates/following{/other_user}",
          gists_url: "https://api.github.com/users/tugrulates/gists{/gist_id}",
          gravatar_id: "",
          html_url: "https://github.com/tugrulates",
          id: 5593188,
          login: "tugrulates",
          node_id: "MDQ6VXNlcjU1OTMxODg=",
          organizations_url: "https://api.github.com/users/tugrulates/orgs",
          received_events_url: "https://api.github.com/users/tugrulates/received_events",
          repos_url: "https://api.github.com/users/tugrulates/repos",
          site_admin: false,
          starred_url: "https://api.github.com/users/tugrulates/starred{/owner}{/repo}",
          subscriptions_url: "https://api.github.com/users/tugrulates/subscriptions",
          type: "User",
          url: "https://api.github.com/users/tugrulates",
          user_view_type: "public",
        },
        private: false,
        pulls_url: "https://api.github.com/repos/tugrulates/repo/pulls{/number}",
        pushed_at: "2025-01-28T20:08:32Z",
        releases_url: "https://api.github.com/repos/tugrulates/repo/releases{/id}",
        size: 2791,
        ssh_url: "git@github.com:tugrulates/repo.git",
        stargazers_count: 0,
        stargazers_url: "https://api.github.com/repos/tugrulates/repo/stargazers",
        statuses_url: "https://api.github.com/repos/tugrulates/repo/statuses/{sha}",
        subscribers_url: "https://api.github.com/repos/tugrulates/repo/subscribers",
        subscription_url: "https://api.github.com/repos/tugrulates/repo/subscription",
        svn_url: "https://github.com/tugrulates/repo",
        tags_url: "https://api.github.com/repos/tugrulates/repo/tags",
        teams_url: "https://api.github.com/repos/tugrulates/repo/teams",
        topics: [],
        trees_url: "https://api.github.com/repos/tugrulates/repo/git/trees{/sha}",
        updated_at: "2025-01-26T15:18:47Z",
        url: "https://api.github.com/repos/tugrulates/repo",
        visibility: "public",
        watchers: 0,
        watchers_count: 0,
        web_commit_signoff_required: false,
      },
      sha: "1312280f819f6e24c591c87f9a27a1841be9ab03",
      user: {
        avatar_url: "https://avatars.githubusercontent.com/u/5593188?v=4",
        events_url: "https://api.github.com/users/tugrulates/events{/privacy}",
        followers_url: "https://api.github.com/users/tugrulates/followers",
        following_url: "https://api.github.com/users/tugrulates/following{/other_user}",
        gists_url: "https://api.github.com/users/tugrulates/gists{/gist_id}",
        gravatar_id: "",
        html_url: "https://github.com/tugrulates",
        id: 5593188,
        login: "tugrulates",
        node_id: "MDQ6VXNlcjU1OTMxODg=",
        organizations_url: "https://api.github.com/users/tugrulates/orgs",
        received_events_url: "https://api.github.com/users/tugrulates/received_events",
        repos_url: "https://api.github.com/users/tugrulates/repos",
        site_admin: false,
        starred_url: "https://api.github.com/users/tugrulates/starred{/owner}{/repo}",
        subscriptions_url: "https://api.github.com/users/tugrulates/subscriptions",
        type: "User",
        url: "https://api.github.com/users/tugrulates",
        user_view_type: "public",
      },
    },
    body: "Fixes #41 ",
    closed_at: null,
    comments_url: "https://api.github.com/repos/tugrulates/repo/issues/98/comments",
    commits_url: "https://api.github.com/repos/tugrulates/repo/pulls/98/commits",
    created_at: "2025-01-27T22:26:35Z",
    diff_url: "https://github.com/tugrulates/repo/pull/98.diff",
    draft: true,
    head: {
      label: "tugrulates:ci/release",
      ref: "ci/release",
      repo: {
        allow_forking: true,
        archive_url: "https://api.github.com/repos/tugrulates/repo/{archive_format}{/ref}",
        archived: false,
        assignees_url: "https://api.github.com/repos/tugrulates/repo/assignees{/user}",
        blobs_url: "https://api.github.com/repos/tugrulates/repo/git/blobs{/sha}",
        branches_url: "https://api.github.com/repos/tugrulates/repo/branches{/branch}",
        clone_url: "https://github.com/tugrulates/repo.git",
        collaborators_url: "https://api.github.com/repos/tugrulates/repo/collaborators{/collaborator}",
        comments_url: "https://api.github.com/repos/tugrulates/repo/comments{/number}",
        commits_url: "https://api.github.com/repos/tugrulates/repo/commits{/sha}",
        compare_url: "https://api.github.com/repos/tugrulates/repo/compare/{base}...{head}",
        contents_url: "https://api.github.com/repos/tugrulates/repo/contents/{+path}",
        contributors_url: "https://api.github.com/repos/tugrulates/repo/contributors",
        created_at: "2018-11-04T04:43:11Z",
        default_branch: "main",
        deployments_url: "https://api.github.com/repos/tugrulates/repo/deployments",
        description: "Deno tinkering",
        disabled: false,
        downloads_url: "https://api.github.com/repos/tugrulates/repo/downloads",
        events_url: "https://api.github.com/repos/tugrulates/repo/events",
        fork: false,
        forks: 0,
        forks_count: 0,
        forks_url: "https://api.github.com/repos/tugrulates/repo/forks",
        full_name: "tugrulates/repo",
        git_commits_url: "https://api.github.com/repos/tugrulates/repo/git/commits{/sha}",
        git_refs_url: "https://api.github.com/repos/tugrulates/repo/git/refs{/sha}",
        git_tags_url: "https://api.github.com/repos/tugrulates/repo/git/tags{/sha}",
        git_url: "git://github.com/tugrulates/repo.git",
        has_discussions: false,
        has_downloads: true,
        has_issues: true,
        has_pages: false,
        has_projects: false,
        has_wiki: false,
        homepage: "https://jsr.io/@tugrulates",
        hooks_url: "https://api.github.com/repos/tugrulates/repo/hooks",
        html_url: "https://github.com/tugrulates/repo",
        id: 156049928,
        is_template: false,
        issue_comment_url: "https://api.github.com/repos/tugrulates/repo/issues/comments{/number}",
        issue_events_url: "https://api.github.com/repos/tugrulates/repo/issues/events{/number}",
        issues_url: "https://api.github.com/repos/tugrulates/repo/issues{/number}",
        keys_url: "https://api.github.com/repos/tugrulates/repo/keys{/key_id}",
        labels_url: "https://api.github.com/repos/tugrulates/repo/labels{/name}",
        language: "TypeScript",
        languages_url: "https://api.github.com/repos/tugrulates/repo/languages",
        license: {
          key: "mit",
          name: "MIT License",
          node_id: "MDc6TGljZW5zZTEz",
          spdx_id: "MIT",
          url: "https://api.github.com/licenses/mit",
        },
        merges_url: "https://api.github.com/repos/tugrulates/repo/merges",
        milestones_url: "https://api.github.com/repos/tugrulates/repo/milestones{/number}",
        mirror_url: null,
        name: "repo",
        node_id: "MDEwOlJlcG9zaXRvcnkxNTYwNDk5Mjg=",
        notifications_url: "https://api.github.com/repos/tugrulates/repo/notifications{?since,all,participating}",
        open_issues: 2,
        open_issues_count: 2,
        owner: {
          avatar_url: "https://avatars.githubusercontent.com/u/5593188?v=4",
          events_url: "https://api.github.com/users/tugrulates/events{/privacy}",
          followers_url: "https://api.github.com/users/tugrulates/followers",
          following_url: "https://api.github.com/users/tugrulates/following{/other_user}",
          gists_url: "https://api.github.com/users/tugrulates/gists{/gist_id}",
          gravatar_id: "",
          html_url: "https://github.com/tugrulates",
          id: 5593188,
          login: "tugrulates",
          node_id: "MDQ6VXNlcjU1OTMxODg=",
          organizations_url: "https://api.github.com/users/tugrulates/orgs",
          received_events_url: "https://api.github.com/users/tugrulates/received_events",
          repos_url: "https://api.github.com/users/tugrulates/repos",
          site_admin: false,
          starred_url: "https://api.github.com/users/tugrulates/starred{/owner}{/repo}",
          subscriptions_url: "https://api.github.com/users/tugrulates/subscriptions",
          type: "User",
          url: "https://api.github.com/users/tugrulates",
          user_view_type: "public",
        },
        private: false,
        pulls_url: "https://api.github.com/repos/tugrulates/repo/pulls{/number}",
        pushed_at: "2025-01-28T20:08:32Z",
        releases_url: "https://api.github.com/repos/tugrulates/repo/releases{/id}",
        size: 2791,
        ssh_url: "git@github.com:tugrulates/repo.git",
        stargazers_count: 0,
        stargazers_url: "https://api.github.com/repos/tugrulates/repo/stargazers",
        statuses_url: "https://api.github.com/repos/tugrulates/repo/statuses/{sha}",
        subscribers_url: "https://api.github.com/repos/tugrulates/repo/subscribers",
        subscription_url: "https://api.github.com/repos/tugrulates/repo/subscription",
        svn_url: "https://github.com/tugrulates/repo",
        tags_url: "https://api.github.com/repos/tugrulates/repo/tags",
        teams_url: "https://api.github.com/repos/tugrulates/repo/teams",
        topics: [],
        trees_url: "https://api.github.com/repos/tugrulates/repo/git/trees{/sha}",
        updated_at: "2025-01-26T15:18:47Z",
        url: "https://api.github.com/repos/tugrulates/repo",
        visibility: "public",
        watchers: 0,
        watchers_count: 0,
        web_commit_signoff_required: false,
      },
      sha: "08a275a488ec7e887dc747b54f2b83adbeb2c27a",
      user: {
        avatar_url: "https://avatars.githubusercontent.com/u/5593188?v=4",
        events_url: "https://api.github.com/users/tugrulates/events{/privacy}",
        followers_url: "https://api.github.com/users/tugrulates/followers",
        following_url: "https://api.github.com/users/tugrulates/following{/other_user}",
        gists_url: "https://api.github.com/users/tugrulates/gists{/gist_id}",
        gravatar_id: "",
        html_url: "https://github.com/tugrulates",
        id: 5593188,
        login: "tugrulates",
        node_id: "MDQ6VXNlcjU1OTMxODg=",
        organizations_url: "https://api.github.com/users/tugrulates/orgs",
        received_events_url: "https://api.github.com/users/tugrulates/received_events",
        repos_url: "https://api.github.com/users/tugrulates/repos",
        site_admin: false,
        starred_url: "https://api.github.com/users/tugrulates/starred{/owner}{/repo}",
        subscriptions_url: "https://api.github.com/users/tugrulates/subscriptions",
        type: "User",
        url: "https://api.github.com/users/tugrulates",
        user_view_type: "public",
      },
    },
    html_url: "https://github.com/tugrulates/repo/pull/98",
    id: 2300952008,
    issue_url: "https://api.github.com/repos/tugrulates/repo/issues/98",
    labels: [
      {
        color: "ededed",
        default: false,
        description: null,
        id: 7991681225,
        name: "internal",
        node_id: "LA_kwDOCU0iCM8AAAAB3FdgyQ",
        url: "https://api.github.com/repos/tugrulates/repo/labels/internal",
      },
      {
        color: "ededed",
        default: false,
        description: null,
        id: 7991681227,
        name: "photos",
        node_id: "LA_kwDOCU0iCM8AAAAB3Fdgyw",
        url: "https://api.github.com/repos/tugrulates/repo/labels/photos",
      },
      {
        color: "ededed",
        default: false,
        description: null,
        id: 7992272905,
        name: "500px",
        node_id: "LA_kwDOCU0iCM8AAAAB3GBoCQ",
        url: "https://api.github.com/repos/tugrulates/repo/labels/500px",
      },
      {
        color: "ededed",
        default: false,
        description: null,
        id: 7992272907,
        name: "duolingo",
        node_id: "LA_kwDOCU0iCM8AAAAB3GBoCw",
        url: "https://api.github.com/repos/tugrulates/repo/labels/duolingo",
      },
      {
        color: "ededed",
        default: false,
        description: null,
        id: 7992272909,
        name: "lonely-planet",
        node_id: "LA_kwDOCU0iCM8AAAAB3GBoDQ",
        url: "https://api.github.com/repos/tugrulates/repo/labels/lonely-planet",
      },
    ],
    locked: false,
    merge_commit_sha: "7075e53dae6fdd6dd473d371f396380c6c3230ed",
    merged_at: null,
    milestone: null,
    node_id: "PR_kwDOCU0iCM6JJb3I",
    number: 98,
    patch_url: "https://github.com/tugrulates/repo/pull/98.patch",
    requested_reviewers: [],
    requested_teams: [],
    review_comment_url: "https://api.github.com/repos/tugrulates/repo/pulls/comments{/number}",
    review_comments_url: "https://api.github.com/repos/tugrulates/repo/pulls/98/comments",
    state: "open",
    statuses_url: "https://api.github.com/repos/tugrulates/repo/statuses/08a275a488ec7e887dc747b54f2b83adbeb2c27a",
    title: "ci: automated releases",
    updated_at: "2025-01-28T19:45:57Z",
    url: "https://api.github.com/repos/tugrulates/repo/pulls/98",
    user: {
      avatar_url: "https://avatars.githubusercontent.com/u/5593188?v=4",
      events_url: "https://api.github.com/users/tugrulates/events{/privacy}",
      followers_url: "https://api.github.com/users/tugrulates/followers",
      following_url: "https://api.github.com/users/tugrulates/following{/other_user}",
      gists_url: "https://api.github.com/users/tugrulates/gists{/gist_id}",
      gravatar_id: "",
      html_url: "https://github.com/tugrulates",
      id: 5593188,
      login: "tugrulates",
      node_id: "MDQ6VXNlcjU1OTMxODg=",
      organizations_url: "https://api.github.com/users/tugrulates/orgs",
      received_events_url: "https://api.github.com/users/tugrulates/received_events",
      repos_url: "https://api.github.com/users/tugrulates/repos",
      site_admin: false,
      starred_url: "https://api.github.com/users/tugrulates/starred{/owner}{/repo}",
      subscriptions_url: "https://api.github.com/users/tugrulates/subscriptions",
      type: "User",
      url: "https://api.github.com/users/tugrulates",
      user_view_type: "public",
    },
  },
]
`;

snapshot[`findPullRequests() finds PRs by title 1`] = `
[
  {
    _links: {
      comments: {
        href: "https://api.github.com/repos/tugrulates/repo/issues/98/comments",
      },
      commits: {
        href: "https://api.github.com/repos/tugrulates/repo/pulls/98/commits",
      },
      html: {
        href: "https://github.com/tugrulates/repo/pull/98",
      },
      issue: {
        href: "https://api.github.com/repos/tugrulates/repo/issues/98",
      },
      review_comment: {
        href: "https://api.github.com/repos/tugrulates/repo/pulls/comments{/number}",
      },
      review_comments: {
        href: "https://api.github.com/repos/tugrulates/repo/pulls/98/comments",
      },
      self: {
        href: "https://api.github.com/repos/tugrulates/repo/pulls/98",
      },
      statuses: {
        href: "https://api.github.com/repos/tugrulates/repo/statuses/08a275a488ec7e887dc747b54f2b83adbeb2c27a",
      },
    },
    active_lock_reason: null,
    assignee: null,
    assignees: [],
    author_association: "OWNER",
    auto_merge: null,
    base: {
      label: "tugrulates:main",
      ref: "main",
      repo: {
        allow_forking: true,
        archive_url: "https://api.github.com/repos/tugrulates/repo/{archive_format}{/ref}",
        archived: false,
        assignees_url: "https://api.github.com/repos/tugrulates/repo/assignees{/user}",
        blobs_url: "https://api.github.com/repos/tugrulates/repo/git/blobs{/sha}",
        branches_url: "https://api.github.com/repos/tugrulates/repo/branches{/branch}",
        clone_url: "https://github.com/tugrulates/repo.git",
        collaborators_url: "https://api.github.com/repos/tugrulates/repo/collaborators{/collaborator}",
        comments_url: "https://api.github.com/repos/tugrulates/repo/comments{/number}",
        commits_url: "https://api.github.com/repos/tugrulates/repo/commits{/sha}",
        compare_url: "https://api.github.com/repos/tugrulates/repo/compare/{base}...{head}",
        contents_url: "https://api.github.com/repos/tugrulates/repo/contents/{+path}",
        contributors_url: "https://api.github.com/repos/tugrulates/repo/contributors",
        created_at: "2018-11-04T04:43:11Z",
        default_branch: "main",
        deployments_url: "https://api.github.com/repos/tugrulates/repo/deployments",
        description: "Deno tinkering",
        disabled: false,
        downloads_url: "https://api.github.com/repos/tugrulates/repo/downloads",
        events_url: "https://api.github.com/repos/tugrulates/repo/events",
        fork: false,
        forks: 0,
        forks_count: 0,
        forks_url: "https://api.github.com/repos/tugrulates/repo/forks",
        full_name: "tugrulates/repo",
        git_commits_url: "https://api.github.com/repos/tugrulates/repo/git/commits{/sha}",
        git_refs_url: "https://api.github.com/repos/tugrulates/repo/git/refs{/sha}",
        git_tags_url: "https://api.github.com/repos/tugrulates/repo/git/tags{/sha}",
        git_url: "git://github.com/tugrulates/repo.git",
        has_discussions: false,
        has_downloads: true,
        has_issues: true,
        has_pages: false,
        has_projects: false,
        has_wiki: false,
        homepage: "https://jsr.io/@tugrulates",
        hooks_url: "https://api.github.com/repos/tugrulates/repo/hooks",
        html_url: "https://github.com/tugrulates/repo",
        id: 156049928,
        is_template: false,
        issue_comment_url: "https://api.github.com/repos/tugrulates/repo/issues/comments{/number}",
        issue_events_url: "https://api.github.com/repos/tugrulates/repo/issues/events{/number}",
        issues_url: "https://api.github.com/repos/tugrulates/repo/issues{/number}",
        keys_url: "https://api.github.com/repos/tugrulates/repo/keys{/key_id}",
        labels_url: "https://api.github.com/repos/tugrulates/repo/labels{/name}",
        language: "TypeScript",
        languages_url: "https://api.github.com/repos/tugrulates/repo/languages",
        license: {
          key: "mit",
          name: "MIT License",
          node_id: "MDc6TGljZW5zZTEz",
          spdx_id: "MIT",
          url: "https://api.github.com/licenses/mit",
        },
        merges_url: "https://api.github.com/repos/tugrulates/repo/merges",
        milestones_url: "https://api.github.com/repos/tugrulates/repo/milestones{/number}",
        mirror_url: null,
        name: "repo",
        node_id: "MDEwOlJlcG9zaXRvcnkxNTYwNDk5Mjg=",
        notifications_url: "https://api.github.com/repos/tugrulates/repo/notifications{?since,all,participating}",
        open_issues: 2,
        open_issues_count: 2,
        owner: {
          avatar_url: "https://avatars.githubusercontent.com/u/5593188?v=4",
          events_url: "https://api.github.com/users/tugrulates/events{/privacy}",
          followers_url: "https://api.github.com/users/tugrulates/followers",
          following_url: "https://api.github.com/users/tugrulates/following{/other_user}",
          gists_url: "https://api.github.com/users/tugrulates/gists{/gist_id}",
          gravatar_id: "",
          html_url: "https://github.com/tugrulates",
          id: 5593188,
          login: "tugrulates",
          node_id: "MDQ6VXNlcjU1OTMxODg=",
          organizations_url: "https://api.github.com/users/tugrulates/orgs",
          received_events_url: "https://api.github.com/users/tugrulates/received_events",
          repos_url: "https://api.github.com/users/tugrulates/repos",
          site_admin: false,
          starred_url: "https://api.github.com/users/tugrulates/starred{/owner}{/repo}",
          subscriptions_url: "https://api.github.com/users/tugrulates/subscriptions",
          type: "User",
          url: "https://api.github.com/users/tugrulates",
          user_view_type: "public",
        },
        private: false,
        pulls_url: "https://api.github.com/repos/tugrulates/repo/pulls{/number}",
        pushed_at: "2025-01-28T20:08:32Z",
        releases_url: "https://api.github.com/repos/tugrulates/repo/releases{/id}",
        size: 2791,
        ssh_url: "git@github.com:tugrulates/repo.git",
        stargazers_count: 0,
        stargazers_url: "https://api.github.com/repos/tugrulates/repo/stargazers",
        statuses_url: "https://api.github.com/repos/tugrulates/repo/statuses/{sha}",
        subscribers_url: "https://api.github.com/repos/tugrulates/repo/subscribers",
        subscription_url: "https://api.github.com/repos/tugrulates/repo/subscription",
        svn_url: "https://github.com/tugrulates/repo",
        tags_url: "https://api.github.com/repos/tugrulates/repo/tags",
        teams_url: "https://api.github.com/repos/tugrulates/repo/teams",
        topics: [],
        trees_url: "https://api.github.com/repos/tugrulates/repo/git/trees{/sha}",
        updated_at: "2025-01-26T15:18:47Z",
        url: "https://api.github.com/repos/tugrulates/repo",
        visibility: "public",
        watchers: 0,
        watchers_count: 0,
        web_commit_signoff_required: false,
      },
      sha: "1312280f819f6e24c591c87f9a27a1841be9ab03",
      user: {
        avatar_url: "https://avatars.githubusercontent.com/u/5593188?v=4",
        events_url: "https://api.github.com/users/tugrulates/events{/privacy}",
        followers_url: "https://api.github.com/users/tugrulates/followers",
        following_url: "https://api.github.com/users/tugrulates/following{/other_user}",
        gists_url: "https://api.github.com/users/tugrulates/gists{/gist_id}",
        gravatar_id: "",
        html_url: "https://github.com/tugrulates",
        id: 5593188,
        login: "tugrulates",
        node_id: "MDQ6VXNlcjU1OTMxODg=",
        organizations_url: "https://api.github.com/users/tugrulates/orgs",
        received_events_url: "https://api.github.com/users/tugrulates/received_events",
        repos_url: "https://api.github.com/users/tugrulates/repos",
        site_admin: false,
        starred_url: "https://api.github.com/users/tugrulates/starred{/owner}{/repo}",
        subscriptions_url: "https://api.github.com/users/tugrulates/subscriptions",
        type: "User",
        url: "https://api.github.com/users/tugrulates",
        user_view_type: "public",
      },
    },
    body: "Fixes #41 ",
    closed_at: null,
    comments_url: "https://api.github.com/repos/tugrulates/repo/issues/98/comments",
    commits_url: "https://api.github.com/repos/tugrulates/repo/pulls/98/commits",
    created_at: "2025-01-27T22:26:35Z",
    diff_url: "https://github.com/tugrulates/repo/pull/98.diff",
    draft: true,
    head: {
      label: "tugrulates:ci/release",
      ref: "ci/release",
      repo: {
        allow_forking: true,
        archive_url: "https://api.github.com/repos/tugrulates/repo/{archive_format}{/ref}",
        archived: false,
        assignees_url: "https://api.github.com/repos/tugrulates/repo/assignees{/user}",
        blobs_url: "https://api.github.com/repos/tugrulates/repo/git/blobs{/sha}",
        branches_url: "https://api.github.com/repos/tugrulates/repo/branches{/branch}",
        clone_url: "https://github.com/tugrulates/repo.git",
        collaborators_url: "https://api.github.com/repos/tugrulates/repo/collaborators{/collaborator}",
        comments_url: "https://api.github.com/repos/tugrulates/repo/comments{/number}",
        commits_url: "https://api.github.com/repos/tugrulates/repo/commits{/sha}",
        compare_url: "https://api.github.com/repos/tugrulates/repo/compare/{base}...{head}",
        contents_url: "https://api.github.com/repos/tugrulates/repo/contents/{+path}",
        contributors_url: "https://api.github.com/repos/tugrulates/repo/contributors",
        created_at: "2018-11-04T04:43:11Z",
        default_branch: "main",
        deployments_url: "https://api.github.com/repos/tugrulates/repo/deployments",
        description: "Deno tinkering",
        disabled: false,
        downloads_url: "https://api.github.com/repos/tugrulates/repo/downloads",
        events_url: "https://api.github.com/repos/tugrulates/repo/events",
        fork: false,
        forks: 0,
        forks_count: 0,
        forks_url: "https://api.github.com/repos/tugrulates/repo/forks",
        full_name: "tugrulates/repo",
        git_commits_url: "https://api.github.com/repos/tugrulates/repo/git/commits{/sha}",
        git_refs_url: "https://api.github.com/repos/tugrulates/repo/git/refs{/sha}",
        git_tags_url: "https://api.github.com/repos/tugrulates/repo/git/tags{/sha}",
        git_url: "git://github.com/tugrulates/repo.git",
        has_discussions: false,
        has_downloads: true,
        has_issues: true,
        has_pages: false,
        has_projects: false,
        has_wiki: false,
        homepage: "https://jsr.io/@tugrulates",
        hooks_url: "https://api.github.com/repos/tugrulates/repo/hooks",
        html_url: "https://github.com/tugrulates/repo",
        id: 156049928,
        is_template: false,
        issue_comment_url: "https://api.github.com/repos/tugrulates/repo/issues/comments{/number}",
        issue_events_url: "https://api.github.com/repos/tugrulates/repo/issues/events{/number}",
        issues_url: "https://api.github.com/repos/tugrulates/repo/issues{/number}",
        keys_url: "https://api.github.com/repos/tugrulates/repo/keys{/key_id}",
        labels_url: "https://api.github.com/repos/tugrulates/repo/labels{/name}",
        language: "TypeScript",
        languages_url: "https://api.github.com/repos/tugrulates/repo/languages",
        license: {
          key: "mit",
          name: "MIT License",
          node_id: "MDc6TGljZW5zZTEz",
          spdx_id: "MIT",
          url: "https://api.github.com/licenses/mit",
        },
        merges_url: "https://api.github.com/repos/tugrulates/repo/merges",
        milestones_url: "https://api.github.com/repos/tugrulates/repo/milestones{/number}",
        mirror_url: null,
        name: "repo",
        node_id: "MDEwOlJlcG9zaXRvcnkxNTYwNDk5Mjg=",
        notifications_url: "https://api.github.com/repos/tugrulates/repo/notifications{?since,all,participating}",
        open_issues: 2,
        open_issues_count: 2,
        owner: {
          avatar_url: "https://avatars.githubusercontent.com/u/5593188?v=4",
          events_url: "https://api.github.com/users/tugrulates/events{/privacy}",
          followers_url: "https://api.github.com/users/tugrulates/followers",
          following_url: "https://api.github.com/users/tugrulates/following{/other_user}",
          gists_url: "https://api.github.com/users/tugrulates/gists{/gist_id}",
          gravatar_id: "",
          html_url: "https://github.com/tugrulates",
          id: 5593188,
          login: "tugrulates",
          node_id: "MDQ6VXNlcjU1OTMxODg=",
          organizations_url: "https://api.github.com/users/tugrulates/orgs",
          received_events_url: "https://api.github.com/users/tugrulates/received_events",
          repos_url: "https://api.github.com/users/tugrulates/repos",
          site_admin: false,
          starred_url: "https://api.github.com/users/tugrulates/starred{/owner}{/repo}",
          subscriptions_url: "https://api.github.com/users/tugrulates/subscriptions",
          type: "User",
          url: "https://api.github.com/users/tugrulates",
          user_view_type: "public",
        },
        private: false,
        pulls_url: "https://api.github.com/repos/tugrulates/repo/pulls{/number}",
        pushed_at: "2025-01-28T20:08:32Z",
        releases_url: "https://api.github.com/repos/tugrulates/repo/releases{/id}",
        size: 2791,
        ssh_url: "git@github.com:tugrulates/repo.git",
        stargazers_count: 0,
        stargazers_url: "https://api.github.com/repos/tugrulates/repo/stargazers",
        statuses_url: "https://api.github.com/repos/tugrulates/repo/statuses/{sha}",
        subscribers_url: "https://api.github.com/repos/tugrulates/repo/subscribers",
        subscription_url: "https://api.github.com/repos/tugrulates/repo/subscription",
        svn_url: "https://github.com/tugrulates/repo",
        tags_url: "https://api.github.com/repos/tugrulates/repo/tags",
        teams_url: "https://api.github.com/repos/tugrulates/repo/teams",
        topics: [],
        trees_url: "https://api.github.com/repos/tugrulates/repo/git/trees{/sha}",
        updated_at: "2025-01-26T15:18:47Z",
        url: "https://api.github.com/repos/tugrulates/repo",
        visibility: "public",
        watchers: 0,
        watchers_count: 0,
        web_commit_signoff_required: false,
      },
      sha: "08a275a488ec7e887dc747b54f2b83adbeb2c27a",
      user: {
        avatar_url: "https://avatars.githubusercontent.com/u/5593188?v=4",
        events_url: "https://api.github.com/users/tugrulates/events{/privacy}",
        followers_url: "https://api.github.com/users/tugrulates/followers",
        following_url: "https://api.github.com/users/tugrulates/following{/other_user}",
        gists_url: "https://api.github.com/users/tugrulates/gists{/gist_id}",
        gravatar_id: "",
        html_url: "https://github.com/tugrulates",
        id: 5593188,
        login: "tugrulates",
        node_id: "MDQ6VXNlcjU1OTMxODg=",
        organizations_url: "https://api.github.com/users/tugrulates/orgs",
        received_events_url: "https://api.github.com/users/tugrulates/received_events",
        repos_url: "https://api.github.com/users/tugrulates/repos",
        site_admin: false,
        starred_url: "https://api.github.com/users/tugrulates/starred{/owner}{/repo}",
        subscriptions_url: "https://api.github.com/users/tugrulates/subscriptions",
        type: "User",
        url: "https://api.github.com/users/tugrulates",
        user_view_type: "public",
      },
    },
    html_url: "https://github.com/tugrulates/repo/pull/98",
    id: 2300952008,
    issue_url: "https://api.github.com/repos/tugrulates/repo/issues/98",
    labels: [
      {
        color: "ededed",
        default: false,
        description: null,
        id: 7991681225,
        name: "internal",
        node_id: "LA_kwDOCU0iCM8AAAAB3FdgyQ",
        url: "https://api.github.com/repos/tugrulates/repo/labels/internal",
      },
      {
        color: "ededed",
        default: false,
        description: null,
        id: 7991681227,
        name: "photos",
        node_id: "LA_kwDOCU0iCM8AAAAB3Fdgyw",
        url: "https://api.github.com/repos/tugrulates/repo/labels/photos",
      },
      {
        color: "ededed",
        default: false,
        description: null,
        id: 7992272905,
        name: "500px",
        node_id: "LA_kwDOCU0iCM8AAAAB3GBoCQ",
        url: "https://api.github.com/repos/tugrulates/repo/labels/500px",
      },
      {
        color: "ededed",
        default: false,
        description: null,
        id: 7992272907,
        name: "duolingo",
        node_id: "LA_kwDOCU0iCM8AAAAB3GBoCw",
        url: "https://api.github.com/repos/tugrulates/repo/labels/duolingo",
      },
      {
        color: "ededed",
        default: false,
        description: null,
        id: 7992272909,
        name: "lonely-planet",
        node_id: "LA_kwDOCU0iCM8AAAAB3GBoDQ",
        url: "https://api.github.com/repos/tugrulates/repo/labels/lonely-planet",
      },
    ],
    locked: false,
    merge_commit_sha: "7075e53dae6fdd6dd473d371f396380c6c3230ed",
    merged_at: null,
    milestone: null,
    node_id: "PR_kwDOCU0iCM6JJb3I",
    number: 98,
    patch_url: "https://github.com/tugrulates/repo/pull/98.patch",
    requested_reviewers: [],
    requested_teams: [],
    review_comment_url: "https://api.github.com/repos/tugrulates/repo/pulls/comments{/number}",
    review_comments_url: "https://api.github.com/repos/tugrulates/repo/pulls/98/comments",
    state: "open",
    statuses_url: "https://api.github.com/repos/tugrulates/repo/statuses/08a275a488ec7e887dc747b54f2b83adbeb2c27a",
    title: "ci: automated releases",
    updated_at: "2025-01-28T19:45:57Z",
    url: "https://api.github.com/repos/tugrulates/repo/pulls/98",
    user: {
      avatar_url: "https://avatars.githubusercontent.com/u/5593188?v=4",
      events_url: "https://api.github.com/users/tugrulates/events{/privacy}",
      followers_url: "https://api.github.com/users/tugrulates/followers",
      following_url: "https://api.github.com/users/tugrulates/following{/other_user}",
      gists_url: "https://api.github.com/users/tugrulates/gists{/gist_id}",
      gravatar_id: "",
      html_url: "https://github.com/tugrulates",
      id: 5593188,
      login: "tugrulates",
      node_id: "MDQ6VXNlcjU1OTMxODg=",
      organizations_url: "https://api.github.com/users/tugrulates/orgs",
      received_events_url: "https://api.github.com/users/tugrulates/received_events",
      repos_url: "https://api.github.com/users/tugrulates/repos",
      site_admin: false,
      starred_url: "https://api.github.com/users/tugrulates/starred{/owner}{/repo}",
      subscriptions_url: "https://api.github.com/users/tugrulates/subscriptions",
      type: "User",
      url: "https://api.github.com/users/tugrulates",
      user_view_type: "public",
    },
  },
]
`;
