export const snapshot = {};

snapshot[`tests > cache > cache 1`] = `
'
{
  "profile": {}
}
'
`;

snapshot[`tests > cache > cache 2`] = `[]`;

snapshot[`tests > cache > cache 3`] = `
'
{
  "profile": {
    "handle": "test-handle",
    "total_reputation": 42
  }
}
'
`;

snapshot[`tests > cache > cache 4`] = `[]`;

snapshot[`tests > cache > cache 5`] = `
'
{
  "profile": {}
}
'
`;

snapshot[`tests > cache > cache 6`] = `[]`;

snapshot[`tests > cache > cache 7`] = `
'
{
  "profile": {
    "handle": "test-handle",
    "total_reputation": 42
  }
}
'
`;

snapshot[`tests > cache > cache 8`] = `[]`;
